MPLINK 4.48, Linker
Linker Map File - Created Tue Oct 30 19:40:20 2018

                                 Section Info
                  Section       Type    Address   Location Size(Bytes)
                ---------  ---------  ---------  ---------  ---------
               _entry_scn       code   0x000000    program   0x000006
             .code_tare.o       code   0x000006    program   0x000002
         interruptAddress       code   0x000008    program   0x0000a0
                   .cinit    romdata   0x0000a8    program   0x00001a
  .code_mode_controller.o       code   0x0000c2    program   0x000562
              .code_LCD.o       code   0x000624    program   0x000368
               .code_UI.o       code   0x00098c    program   0x000114
               _cinit_scn       code   0x000aa0    program   0x00009e
.code_count_or_weigh_mode.o       code   0x000b3e    program   0x000096
                     PROG       code   0x000bd4    program   0x00005a
.code_show_weight_readings.o       code   0x000c2e    program   0x000042
             .code_main.o       code   0x000c70    program   0x000020
                    .code       code   0x000c90    program   0x000020
             _startup_scn       code   0x000cb0    program   0x00001c
  .code_set_weight_unit.o       code   0x000ccc    program   0x000004
           .code___init.o       code   0x000cd0    program   0x000002
          .idata_tare.o_i    romdata   0x000cd2    program   0x000000
          .romdata_tare.o    romdata   0x000cd2    program   0x000000
.idata_show_weight_readings.o_i    romdata   0x000cd2    program   0x000000
.romdata_show_weight_readings.o    romdata   0x000cd2    program   0x000000
.romdata_count_or_weigh_mode.o    romdata   0x000cd2    program   0x000000
            .romdata_UI.o    romdata   0x000cd2    program   0x000000
        .romdata___init.o    romdata   0x000cd2    program   0x000000
             .stringtable    romdata   0x000cd2    program   0x000000
.romdata_mode_controller.o    romdata   0x000cd2    program   0x000000
.idata_mode_controller.o_i    romdata   0x000cd2    program   0x000000
.romdata_set_weight_unit.o    romdata   0x000cd2    program   0x000000
.idata_set_weight_unit.o_i    romdata   0x000cd2    program   0x000000
           .romdata_LCD.o    romdata   0x000cd2    program   0x000000
         .romdata_c018i.o    romdata   0x000cd2    program   0x000000
          .idata_main.o_i    romdata   0x000cd2    program   0x00001e
          .romdata_main.o    romdata   0x000cd2    program   0x000000
         .idata_c018i.o_i    romdata   0x000cf0    program   0x000000
        .idata___init.o_i    romdata   0x000cf0    program   0x000000
            .idata_UI.o_i    romdata   0x000cf0    program   0x000002
.idata_count_or_weigh_mode.o_i    romdata   0x000cf0    program   0x000000
            .code_c018i.o       code   0x000cf2    program   0x000000
           .idata_LCD.o_i    romdata   0x000cf2    program   0x000000
    .config_300001_main.o    romdata   0x300001    program   0x000001
    .config_300003_main.o    romdata   0x300003    program   0x000001
    .config_300006_main.o    romdata   0x300006    program   0x000001
                MATH_DATA      udata   0x000000       data   0x000014
                 .tmpdata      udata   0x000014       data   0x000004
            .udata_main.o      udata   0x000080       data   0x000021
            .idata_main.o      idata   0x0000a1       data   0x00001e
           .udata_c018i.o      udata   0x0000bf       data   0x00000a
              .udata_UI.o      udata   0x0000c9       data   0x000008
              .idata_UI.o      idata   0x0000d1       data   0x000002
          .idata___init.o      idata   0x0000d3       data   0x000000
          .udata___init.o      udata   0x0000d3       data   0x000000
.idata_count_or_weigh_mode.o      idata   0x0000d3       data   0x000000
.udata_count_or_weigh_mode.o      udata   0x0000d3       data   0x000000
.idata_show_weight_readings.o      idata   0x0000d3       data   0x000000
.udata_show_weight_readings.o      udata   0x0000d3       data   0x000000
            .idata_tare.o      idata   0x0000d3       data   0x000000
            .udata_tare.o      udata   0x0000d3       data   0x000000
 .idata_mode_controller.o      idata   0x0000d3       data   0x000000
 .udata_mode_controller.o      udata   0x0000d3       data   0x000000
 .idata_set_weight_unit.o      idata   0x0000d3       data   0x000000
 .udata_set_weight_unit.o      udata   0x0000d3       data   0x000000
             .idata_LCD.o      idata   0x0000d3       data   0x000000
             .udata_LCD.o      udata   0x0000d3       data   0x000000
           .idata_c018i.o      idata   0x0000d3       data   0x000000
                   .stack      udata   0x000500       data   0x000100
            SFR_UNBANKED0      udata   0x000f80       data   0x000080



                              Program Memory Usage 
                               Start         End      
                           ---------   ---------      
                            0x000000    0x000cf1      
                            0x300001    0x300001      
                            0x300003    0x300003      
                            0x300006    0x300006      
            3317 out of 33048 program addresses used, program memory utilization is 10%



                              Symbols - Sorted by Name
                     Name    Address   Location    Storage File                     
                ---------  ---------  ---------  --------- ---------                
                CALIBRATE   0x00025e    program     extern C:\Users\Tom\Documents\Uni\Year 3\Semester 2\MTRX3700\Tuesday\Scales-Assignment\ScalesTnT.X\mode_controller.c
                    ERROR   0x000170    program     extern C:\Users\Tom\Documents\Uni\Year 3\Semester 2\MTRX3700\Tuesday\Scales-Assignment\ScalesTnT.X\mode_controller.c
                 Entered1   0x00042a    program     extern C:\Users\Tom\Documents\Uni\Year 3\Semester 2\MTRX3700\Tuesday\Scales-Assignment\ScalesTnT.X\mode_controller.c
                 Entered2   0x000438    program     extern C:\Users\Tom\Documents\Uni\Year 3\Semester 2\MTRX3700\Tuesday\Scales-Assignment\ScalesTnT.X\mode_controller.c
                 Entered3   0x000446    program     extern C:\Users\Tom\Documents\Uni\Year 3\Semester 2\MTRX3700\Tuesday\Scales-Assignment\ScalesTnT.X\mode_controller.c
                 FXM1616S   0x000bd4    program     extern E:\c18v3.46\pic18-lt\cxx-framework\src\traditional\math\fxm1616s.asm
                     HELP   0x000360    program     extern C:\Users\Tom\Documents\Uni\Year 3\Semester 2\MTRX3700\Tuesday\Scales-Assignment\ScalesTnT.X\mode_controller.c
                  LCDInit   0x000706    program     extern C:\Users\Tom\Documents\Uni\Year 3\Semester 2\MTRX3700\Tuesday\Scales-Assignment\ScalesTnT.X\LCD.c
           SET_MODE_COUNT   0x0001a8    program     extern C:\Users\Tom\Documents\Uni\Year 3\Semester 2\MTRX3700\Tuesday\Scales-Assignment\ScalesTnT.X\mode_controller.c
         SET_MODE_FACTORY   0x000236    program     extern C:\Users\Tom\Documents\Uni\Year 3\Semester 2\MTRX3700\Tuesday\Scales-Assignment\ScalesTnT.X\mode_controller.c
            SET_MODE_USER   0x00031c    program     extern C:\Users\Tom\Documents\Uni\Year 3\Semester 2\MTRX3700\Tuesday\Scales-Assignment\ScalesTnT.X\mode_controller.c
           SET_MODE_WEIGH   0x000190    program     extern C:\Users\Tom\Documents\Uni\Year 3\Semester 2\MTRX3700\Tuesday\Scales-Assignment\ScalesTnT.X\mode_controller.c
SET_SAMPLES_PER_MEASURMENT   0x00028c    program     extern C:\Users\Tom\Documents\Uni\Year 3\Semester 2\MTRX3700\Tuesday\Scales-Assignment\ScalesTnT.X\mode_controller.c
         SET_WEIGHT_GRAMS   0x0001ee    program     extern C:\Users\Tom\Documents\Uni\Year 3\Semester 2\MTRX3700\Tuesday\Scales-Assignment\ScalesTnT.X\mode_controller.c
        SET_WEIGHT_OUNCES   0x00020e    program     extern C:\Users\Tom\Documents\Uni\Year 3\Semester 2\MTRX3700\Tuesday\Scales-Assignment\ScalesTnT.X\mode_controller.c
          SHOW_STATISTICS   0x0002e8    program     extern C:\Users\Tom\Documents\Uni\Year 3\Semester 2\MTRX3700\Tuesday\Scales-Assignment\ScalesTnT.X\mode_controller.c
     SHOW_WEIGHT_READINGS   0x0002b8    program     extern C:\Users\Tom\Documents\Uni\Year 3\Semester 2\MTRX3700\Tuesday\Scales-Assignment\ScalesTnT.X\mode_controller.c
                     TARE   0x0001d0    program     extern C:\Users\Tom\Documents\Uni\Year 3\Semester 2\MTRX3700\Tuesday\Scales-Assignment\ScalesTnT.X\mode_controller.c
               TSIGN1616A   0x000c20    program     static E:\c18v3.46\pic18-lt\cxx-framework\src\traditional\math\fxm1616s.asm
                  UIsetup   0x00098c    program     extern C:\Users\Tom\Documents\Uni\Year 3\Semester 2\MTRX3700\Tuesday\Scales-Assignment\ScalesTnT.X\UI.c
               USER_LOCAL   0x00033a    program     extern C:\Users\Tom\Documents\Uni\Year 3\Semester 2\MTRX3700\Tuesday\Scales-Assignment\ScalesTnT.X\mode_controller.c
          ___for_lbl00011   0x000750    program     static                          
          ___for_lbl00012   0x00075a    program     static                          
          ___for_lbl00013   0x000736    program     static                          
       ___return_lbl00000   0x000004    program     static                          
       ___return_lbl00001   0x000cca    program     static                          
       ___return_lbl00002   0x000b3c    program     static                          
       ___return_lbl00003   0x00000c    program     static                          
       ___return_lbl00010   0x0007be    program     static                          
       ___return_lbl00014   0x00083a    program     static                          
       ___return_lbl00017   0x000866    program     static                          
       ___return_lbl00024   0x0008f8    program     static                          
        ___while_lbl00015   0x000804    program     static                          
        ___while_lbl00016   0x00083a    program     static                          
               __config_0   0x300001    program     static C:\Users\Tom\Documents\Uni\Year 3\Semester 2\MTRX3700\Tuesday\Scales-Assignment\ScalesTnT.X\main.c
               __config_1   0x300003    program     static C:\Users\Tom\Documents\Uni\Year 3\Semester 2\MTRX3700\Tuesday\Scales-Assignment\ScalesTnT.X\main.c
               __config_2   0x300006    program     static C:\Users\Tom\Documents\Uni\Year 3\Semester 2\MTRX3700\Tuesday\Scales-Assignment\ScalesTnT.X\main.c
                   __init   0x000cd0    program     extern E:\c18v3.46\pic18-lt\cxx-framework\src\traditional\stdclib\__init.c
                   __pa_0   0x0004ca    program     static C:\Users\Tom\Documents\Uni\Year 3\Semester 2\MTRX3700\Tuesday\Scales-Assignment\ScalesTnT.X\mode_controller.c
                   __pa_0   0x000b8c    program     static C:\Users\Tom\Documents\Uni\Year 3\Semester 2\MTRX3700\Tuesday\Scales-Assignment\ScalesTnT.X\count_or_weigh_mode.c
                   __pa_0   0x000a76    program     static C:\Users\Tom\Documents\Uni\Year 3\Semester 2\MTRX3700\Tuesday\Scales-Assignment\ScalesTnT.X\UI.c
                   __pa_0   0x000910    program     static C:\Users\Tom\Documents\Uni\Year 3\Semester 2\MTRX3700\Tuesday\Scales-Assignment\ScalesTnT.X\LCD.c
                   __pa_1   0x000bbe    program     static C:\Users\Tom\Documents\Uni\Year 3\Semester 2\MTRX3700\Tuesday\Scales-Assignment\ScalesTnT.X\count_or_weigh_mode.c
                   __pa_1   0x000930    program     static C:\Users\Tom\Documents\Uni\Year 3\Semester 2\MTRX3700\Tuesday\Scales-Assignment\ScalesTnT.X\LCD.c
                   __pa_1   0x000a88    program     static C:\Users\Tom\Documents\Uni\Year 3\Semester 2\MTRX3700\Tuesday\Scales-Assignment\ScalesTnT.X\UI.c
                   __pa_1   0x0004e0    program     static C:\Users\Tom\Documents\Uni\Year 3\Semester 2\MTRX3700\Tuesday\Scales-Assignment\ScalesTnT.X\mode_controller.c
                  __pa_10   0x00056e    program     static C:\Users\Tom\Documents\Uni\Year 3\Semester 2\MTRX3700\Tuesday\Scales-Assignment\ScalesTnT.X\mode_controller.c
                  __pa_11   0x000576    program     static C:\Users\Tom\Documents\Uni\Year 3\Semester 2\MTRX3700\Tuesday\Scales-Assignment\ScalesTnT.X\mode_controller.c
                  __pa_12   0x00057c    program     static C:\Users\Tom\Documents\Uni\Year 3\Semester 2\MTRX3700\Tuesday\Scales-Assignment\ScalesTnT.X\mode_controller.c
                  __pa_13   0x000584    program     static C:\Users\Tom\Documents\Uni\Year 3\Semester 2\MTRX3700\Tuesday\Scales-Assignment\ScalesTnT.X\mode_controller.c
                  __pa_14   0x00058e    program     static C:\Users\Tom\Documents\Uni\Year 3\Semester 2\MTRX3700\Tuesday\Scales-Assignment\ScalesTnT.X\mode_controller.c
                  __pa_15   0x000594    program     static C:\Users\Tom\Documents\Uni\Year 3\Semester 2\MTRX3700\Tuesday\Scales-Assignment\ScalesTnT.X\mode_controller.c
                  __pa_16   0x0005a6    program     static C:\Users\Tom\Documents\Uni\Year 3\Semester 2\MTRX3700\Tuesday\Scales-Assignment\ScalesTnT.X\mode_controller.c
                  __pa_17   0x0005ba    program     static C:\Users\Tom\Documents\Uni\Year 3\Semester 2\MTRX3700\Tuesday\Scales-Assignment\ScalesTnT.X\mode_controller.c
                  __pa_18   0x0005ca    program     static C:\Users\Tom\Documents\Uni\Year 3\Semester 2\MTRX3700\Tuesday\Scales-Assignment\ScalesTnT.X\mode_controller.c
                  __pa_19   0x0005d2    program     static C:\Users\Tom\Documents\Uni\Year 3\Semester 2\MTRX3700\Tuesday\Scales-Assignment\ScalesTnT.X\mode_controller.c
                   __pa_2   0x0004e4    program     static C:\Users\Tom\Documents\Uni\Year 3\Semester 2\MTRX3700\Tuesday\Scales-Assignment\ScalesTnT.X\mode_controller.c
                   __pa_2   0x00094c    program     static C:\Users\Tom\Documents\Uni\Year 3\Semester 2\MTRX3700\Tuesday\Scales-Assignment\ScalesTnT.X\LCD.c
                   __pa_2   0x000a96    program     static C:\Users\Tom\Documents\Uni\Year 3\Semester 2\MTRX3700\Tuesday\Scales-Assignment\ScalesTnT.X\UI.c
                  __pa_20   0x0005da    program     static C:\Users\Tom\Documents\Uni\Year 3\Semester 2\MTRX3700\Tuesday\Scales-Assignment\ScalesTnT.X\mode_controller.c
                  __pa_21   0x0005e2    program     static C:\Users\Tom\Documents\Uni\Year 3\Semester 2\MTRX3700\Tuesday\Scales-Assignment\ScalesTnT.X\mode_controller.c
                  __pa_22   0x0005f2    program     static C:\Users\Tom\Documents\Uni\Year 3\Semester 2\MTRX3700\Tuesday\Scales-Assignment\ScalesTnT.X\mode_controller.c
                  __pa_23   0x0005fa    program     static C:\Users\Tom\Documents\Uni\Year 3\Semester 2\MTRX3700\Tuesday\Scales-Assignment\ScalesTnT.X\mode_controller.c
                  __pa_24   0x000602    program     static C:\Users\Tom\Documents\Uni\Year 3\Semester 2\MTRX3700\Tuesday\Scales-Assignment\ScalesTnT.X\mode_controller.c
                  __pa_25   0x00060e    program     static C:\Users\Tom\Documents\Uni\Year 3\Semester 2\MTRX3700\Tuesday\Scales-Assignment\ScalesTnT.X\mode_controller.c
                  __pa_26   0x00061c    program     static C:\Users\Tom\Documents\Uni\Year 3\Semester 2\MTRX3700\Tuesday\Scales-Assignment\ScalesTnT.X\mode_controller.c
                   __pa_3   0x00095e    program     static C:\Users\Tom\Documents\Uni\Year 3\Semester 2\MTRX3700\Tuesday\Scales-Assignment\ScalesTnT.X\LCD.c
                   __pa_3   0x000508    program     static C:\Users\Tom\Documents\Uni\Year 3\Semester 2\MTRX3700\Tuesday\Scales-Assignment\ScalesTnT.X\mode_controller.c
                   __pa_4   0x000514    program     static C:\Users\Tom\Documents\Uni\Year 3\Semester 2\MTRX3700\Tuesday\Scales-Assignment\ScalesTnT.X\mode_controller.c
                   __pa_4   0x000966    program     static C:\Users\Tom\Documents\Uni\Year 3\Semester 2\MTRX3700\Tuesday\Scales-Assignment\ScalesTnT.X\LCD.c
                   __pa_5   0x000532    program     static C:\Users\Tom\Documents\Uni\Year 3\Semester 2\MTRX3700\Tuesday\Scales-Assignment\ScalesTnT.X\mode_controller.c
                   __pa_5   0x000974    program     static C:\Users\Tom\Documents\Uni\Year 3\Semester 2\MTRX3700\Tuesday\Scales-Assignment\ScalesTnT.X\LCD.c
                   __pa_6   0x00053e    program     static C:\Users\Tom\Documents\Uni\Year 3\Semester 2\MTRX3700\Tuesday\Scales-Assignment\ScalesTnT.X\mode_controller.c
                   __pa_6   0x000982    program     static C:\Users\Tom\Documents\Uni\Year 3\Semester 2\MTRX3700\Tuesday\Scales-Assignment\ScalesTnT.X\LCD.c
                   __pa_7   0x00054a    program     static C:\Users\Tom\Documents\Uni\Year 3\Semester 2\MTRX3700\Tuesday\Scales-Assignment\ScalesTnT.X\mode_controller.c
                   __pa_8   0x000556    program     static C:\Users\Tom\Documents\Uni\Year 3\Semester 2\MTRX3700\Tuesday\Scales-Assignment\ScalesTnT.X\mode_controller.c
                   __pa_9   0x000566    program     static C:\Users\Tom\Documents\Uni\Year 3\Semester 2\MTRX3700\Tuesday\Scales-Assignment\ScalesTnT.X\mode_controller.c
               __tmplbl_0   0x000824    program     static                          
            __zero_memory   0x000c90    program     extern E:\c18v3.46\pic18-lt\cxx-framework\src\traditional\proc\p18f452.asm
                _do_cinit   0x000aa0    program     extern E:\c18v3.46\pic18-lt\cxx-framework\src\traditional\startup\c018i.c
                   _entry   0x000000    program     extern E:\c18v3.46\pic18-lt\cxx-framework\src\traditional\startup\c018i.c
               _interrupt   0x000008    program     extern C:\Users\Tom\Documents\Uni\Year 3\Semester 2\MTRX3700\Tuesday\Scales-Assignment\ScalesTnT.X\main.c
                 _startup   0x000cb0    program     extern E:\c18v3.46\pic18-lt\cxx-framework\src\traditional\startup\c018i.c
            buttonControl   0x000a02    program     extern C:\Users\Tom\Documents\Uni\Year 3\Semester 2\MTRX3700\Tuesday\Scales-Assignment\ScalesTnT.X\UI.c
               commandLCD   0x00084e    program     extern C:\Users\Tom\Documents\Uni\Year 3\Semester 2\MTRX3700\Tuesday\Scales-Assignment\ScalesTnT.X\LCD.c
                compare_l   0x000ca6    program     static E:\c18v3.46\pic18-lt\cxx-framework\src\traditional\proc\p18f452.asm
                copy_loop   0x000b12    program     static                          
            copy_one_byte   0x000b18    program     static                          
            count_working   0x000b8a    program     extern C:\Users\Tom\Documents\Uni\Year 3\Semester 2\MTRX3700\Tuesday\Scales-Assignment\ScalesTnT.X\count_or_weigh_mode.c
        disableInterrupts   0x0000cc    program     extern C:\Users\Tom\Documents\Uni\Year 3\Semester 2\MTRX3700\Tuesday\Scales-Assignment\ScalesTnT.X\mode_controller.c
                     done   0x000b3c    program     static                          
             done_copying   0x000b26    program     static                          
         enableInterrupts   0x0000c2    program     extern C:\Users\Tom\Documents\Uni\Year 3\Semester 2\MTRX3700\Tuesday\Scales-Assignment\ScalesTnT.X\mode_controller.c
                  factory   0x000146    program     extern C:\Users\Tom\Documents\Uni\Year 3\Semester 2\MTRX3700\Tuesday\Scales-Assignment\ScalesTnT.X\mode_controller.c
           functionPicker   0x00037e    program     extern C:\Users\Tom\Documents\Uni\Year 3\Semester 2\MTRX3700\Tuesday\Scales-Assignment\ScalesTnT.X\mode_controller.c
          highPriorityISR   0x00000e    program     extern C:\Users\Tom\Documents\Uni\Year 3\Semester 2\MTRX3700\Tuesday\Scales-Assignment\ScalesTnT.X\main.c
                lcd_clear   0x00066e    program     extern C:\Users\Tom\Documents\Uni\Year 3\Semester 2\MTRX3700\Tuesday\Scales-Assignment\ScalesTnT.X\LCD.c
                 lcd_wait   0x00086e    program     extern C:\Users\Tom\Documents\Uni\Year 3\Semester 2\MTRX3700\Tuesday\Scales-Assignment\ScalesTnT.X\LCD.c
                     loop   0x000cc0    program     static                          
                   loop_h   0x000c9e    program     static E:\c18v3.46\pic18-lt\cxx-framework\src\traditional\proc\p18f452.asm
                   loop_l   0x000ca8    program     static E:\c18v3.46\pic18-lt\cxx-framework\src\traditional\proc\p18f452.asm
                     main   0x000c70    program     extern C:\Users\Tom\Documents\Uni\Year 3\Semester 2\MTRX3700\Tuesday\Scales-Assignment\ScalesTnT.X\main.c
             modeSelector   0x000454    program     extern C:\Users\Tom\Documents\Uni\Year 3\Semester 2\MTRX3700\Tuesday\Scales-Assignment\ScalesTnT.X\mode_controller.c
                   random   0x000006    program     extern C:\Users\Tom\Documents\Uni\Year 3\Semester 2\MTRX3700\Tuesday\Scales-Assignment\ScalesTnT.X\tare.c
               read_input   0x0004a0    program     extern C:\Users\Tom\Documents\Uni\Year 3\Semester 2\MTRX3700\Tuesday\Scales-Assignment\ScalesTnT.X\mode_controller.c
                 read_lcd   0x0008a0    program     extern C:\Users\Tom\Documents\Uni\Year 3\Semester 2\MTRX3700\Tuesday\Scales-Assignment\ScalesTnT.X\LCD.c
              set_lcd_pos   0x0006a4    program     extern C:\Users\Tom\Documents\Uni\Year 3\Semester 2\MTRX3700\Tuesday\Scales-Assignment\ScalesTnT.X\LCD.c
           set_mode_count   0x000b3e    program     extern C:\Users\Tom\Documents\Uni\Year 3\Semester 2\MTRX3700\Tuesday\Scales-Assignment\ScalesTnT.X\count_or_weigh_mode.c
           set_mode_weigh   0x000b64    program     extern C:\Users\Tom\Documents\Uni\Year 3\Semester 2\MTRX3700\Tuesday\Scales-Assignment\ScalesTnT.X\count_or_weigh_mode.c
         set_weight_grams   0x000ccc    program     extern C:\Users\Tom\Documents\Uni\Year 3\Semester 2\MTRX3700\Tuesday\Scales-Assignment\ScalesTnT.X\set_weight_unit.c
        set_weight_ounces   0x000cce    program     extern C:\Users\Tom\Documents\Uni\Year 3\Semester 2\MTRX3700\Tuesday\Scales-Assignment\ScalesTnT.X\set_weight_unit.c
                    setup   0x0000d2    program     extern C:\Users\Tom\Documents\Uni\Year 3\Semester 2\MTRX3700\Tuesday\Scales-Assignment\ScalesTnT.X\mode_controller.c
          show_weight_lcd   0x000c3a    program     extern C:\Users\Tom\Documents\Uni\Year 3\Semester 2\MTRX3700\Tuesday\Scales-Assignment\ScalesTnT.X\show_weight_readings.c
       show_weight_seiral   0x000c2e    program     extern C:\Users\Tom\Documents\Uni\Year 3\Semester 2\MTRX3700\Tuesday\Scales-Assignment\ScalesTnT.X\show_weight_readings.c
            string_to_LCD   0x000884    program     extern C:\Users\Tom\Documents\Uni\Year 3\Semester 2\MTRX3700\Tuesday\Scales-Assignment\ScalesTnT.X\LCD.c
                     test   0x000aba    program     static                          
           user_interface   0x0009a2    program     extern C:\Users\Tom\Documents\Uni\Year 3\Semester 2\MTRX3700\Tuesday\Scales-Assignment\ScalesTnT.X\UI.c
               user_local   0x0000fa    program     extern C:\Users\Tom\Documents\Uni\Year 3\Semester 2\MTRX3700\Tuesday\Scales-Assignment\ScalesTnT.X\mode_controller.c
              user_remote   0x00011e    program     extern C:\Users\Tom\Documents\Uni\Year 3\Semester 2\MTRX3700\Tuesday\Scales-Assignment\ScalesTnT.X\mode_controller.c
                     wait   0x0007d2    program     extern C:\Users\Tom\Documents\Uni\Year 3\Semester 2\MTRX3700\Tuesday\Scales-Assignment\ScalesTnT.X\LCD.c
                write_lcd   0x000682    program     extern C:\Users\Tom\Documents\Uni\Year 3\Semester 2\MTRX3700\Tuesday\Scales-Assignment\ScalesTnT.X\LCD.c
             write_string   0x000624    program     extern C:\Users\Tom\Documents\Uni\Year 3\Semester 2\MTRX3700\Tuesday\Scales-Assignment\ScalesTnT.X\LCD.c
               zero_block   0x000c9e    program     static E:\c18v3.46\pic18-lt\cxx-framework\src\traditional\proc\p18f452.asm
                   ADCON0   0x000fc2       data     extern E:\c18v3.46\pic18-lt\cxx-framework\src\traditional\proc\p18f452.asm
               ADCON0bits   0x000fc2       data     extern E:\c18v3.46\pic18-lt\cxx-framework\src\traditional\proc\p18f452.asm
                   ADCON1   0x000fc1       data     extern E:\c18v3.46\pic18-lt\cxx-framework\src\traditional\proc\p18f452.asm
               ADCON1bits   0x000fc1       data     extern E:\c18v3.46\pic18-lt\cxx-framework\src\traditional\proc\p18f452.asm
                    ADRES   0x000fc3       data     extern E:\c18v3.46\pic18-lt\cxx-framework\src\traditional\proc\p18f452.asm
                   ADRESH   0x000fc4       data     extern E:\c18v3.46\pic18-lt\cxx-framework\src\traditional\proc\p18f452.asm
                   ADRESL   0x000fc3       data     extern E:\c18v3.46\pic18-lt\cxx-framework\src\traditional\proc\p18f452.asm
                      BSR   0x000fe0       data     extern E:\c18v3.46\pic18-lt\cxx-framework\src\traditional\proc\p18f452.asm
                  CCP1CON   0x000fbd       data     extern E:\c18v3.46\pic18-lt\cxx-framework\src\traditional\proc\p18f452.asm
              CCP1CONbits   0x000fbd       data     extern E:\c18v3.46\pic18-lt\cxx-framework\src\traditional\proc\p18f452.asm
                  CCP2CON   0x000fba       data     extern E:\c18v3.46\pic18-lt\cxx-framework\src\traditional\proc\p18f452.asm
              CCP2CONbits   0x000fba       data     extern E:\c18v3.46\pic18-lt\cxx-framework\src\traditional\proc\p18f452.asm
                    CCPR1   0x000fbe       data     extern E:\c18v3.46\pic18-lt\cxx-framework\src\traditional\proc\p18f452.asm
                   CCPR1H   0x000fbf       data     extern E:\c18v3.46\pic18-lt\cxx-framework\src\traditional\proc\p18f452.asm
                   CCPR1L   0x000fbe       data     extern E:\c18v3.46\pic18-lt\cxx-framework\src\traditional\proc\p18f452.asm
                    CCPR2   0x000fbb       data     extern E:\c18v3.46\pic18-lt\cxx-framework\src\traditional\proc\p18f452.asm
                   CCPR2H   0x000fbc       data     extern E:\c18v3.46\pic18-lt\cxx-framework\src\traditional\proc\p18f452.asm
                   CCPR2L   0x000fbb       data     extern E:\c18v3.46\pic18-lt\cxx-framework\src\traditional\proc\p18f452.asm
                     DDRA   0x000f92       data     extern E:\c18v3.46\pic18-lt\cxx-framework\src\traditional\proc\p18f452.asm
                 DDRAbits   0x000f92       data     extern E:\c18v3.46\pic18-lt\cxx-framework\src\traditional\proc\p18f452.asm
                     DDRB   0x000f93       data     extern E:\c18v3.46\pic18-lt\cxx-framework\src\traditional\proc\p18f452.asm
                 DDRBbits   0x000f93       data     extern E:\c18v3.46\pic18-lt\cxx-framework\src\traditional\proc\p18f452.asm
                     DDRC   0x000f94       data     extern E:\c18v3.46\pic18-lt\cxx-framework\src\traditional\proc\p18f452.asm
                 DDRCbits   0x000f94       data     extern E:\c18v3.46\pic18-lt\cxx-framework\src\traditional\proc\p18f452.asm
                     DDRD   0x000f95       data     extern E:\c18v3.46\pic18-lt\cxx-framework\src\traditional\proc\p18f452.asm
                 DDRDbits   0x000f95       data     extern E:\c18v3.46\pic18-lt\cxx-framework\src\traditional\proc\p18f452.asm
                     DDRE   0x000f96       data     extern E:\c18v3.46\pic18-lt\cxx-framework\src\traditional\proc\p18f452.asm
                 DDREbits   0x000f96       data     extern E:\c18v3.46\pic18-lt\cxx-framework\src\traditional\proc\p18f452.asm
                    EEADR   0x000fa9       data     extern E:\c18v3.46\pic18-lt\cxx-framework\src\traditional\proc\p18f452.asm
                   EECON1   0x000fa6       data     extern E:\c18v3.46\pic18-lt\cxx-framework\src\traditional\proc\p18f452.asm
               EECON1bits   0x000fa6       data     extern E:\c18v3.46\pic18-lt\cxx-framework\src\traditional\proc\p18f452.asm
                   EECON2   0x000fa7       data     extern E:\c18v3.46\pic18-lt\cxx-framework\src\traditional\proc\p18f452.asm
                   EEDATA   0x000fa8       data     extern E:\c18v3.46\pic18-lt\cxx-framework\src\traditional\proc\p18f452.asm
                     FSR0   0x000fe9       data     extern E:\c18v3.46\pic18-lt\cxx-framework\src\traditional\proc\p18f452.asm
                    FSR0H   0x000fea       data     extern E:\c18v3.46\pic18-lt\cxx-framework\src\traditional\proc\p18f452.asm
                    FSR0L   0x000fe9       data     extern E:\c18v3.46\pic18-lt\cxx-framework\src\traditional\proc\p18f452.asm
                     FSR1   0x000fe1       data     extern E:\c18v3.46\pic18-lt\cxx-framework\src\traditional\proc\p18f452.asm
                    FSR1H   0x000fe2       data     extern E:\c18v3.46\pic18-lt\cxx-framework\src\traditional\proc\p18f452.asm
                    FSR1L   0x000fe1       data     extern E:\c18v3.46\pic18-lt\cxx-framework\src\traditional\proc\p18f452.asm
                     FSR2   0x000fd9       data     extern E:\c18v3.46\pic18-lt\cxx-framework\src\traditional\proc\p18f452.asm
                    FSR2H   0x000fda       data     extern E:\c18v3.46\pic18-lt\cxx-framework\src\traditional\proc\p18f452.asm
                    FSR2L   0x000fd9       data     extern E:\c18v3.46\pic18-lt\cxx-framework\src\traditional\proc\p18f452.asm
                    INDF0   0x000fef       data     extern E:\c18v3.46\pic18-lt\cxx-framework\src\traditional\proc\p18f452.asm
                    INDF1   0x000fe7       data     extern E:\c18v3.46\pic18-lt\cxx-framework\src\traditional\proc\p18f452.asm
                    INDF2   0x000fdf       data     extern E:\c18v3.46\pic18-lt\cxx-framework\src\traditional\proc\p18f452.asm
                   INTCON   0x000ff2       data     extern E:\c18v3.46\pic18-lt\cxx-framework\src\traditional\proc\p18f452.asm
                  INTCON1   0x000ff2       data     extern E:\c18v3.46\pic18-lt\cxx-framework\src\traditional\proc\p18f452.asm
              INTCON1bits   0x000ff2       data     extern E:\c18v3.46\pic18-lt\cxx-framework\src\traditional\proc\p18f452.asm
                  INTCON2   0x000ff1       data     extern E:\c18v3.46\pic18-lt\cxx-framework\src\traditional\proc\p18f452.asm
              INTCON2bits   0x000ff1       data     extern E:\c18v3.46\pic18-lt\cxx-framework\src\traditional\proc\p18f452.asm
                  INTCON3   0x000ff0       data     extern E:\c18v3.46\pic18-lt\cxx-framework\src\traditional\proc\p18f452.asm
              INTCON3bits   0x000ff0       data     extern E:\c18v3.46\pic18-lt\cxx-framework\src\traditional\proc\p18f452.asm
               INTCONbits   0x000ff2       data     extern E:\c18v3.46\pic18-lt\cxx-framework\src\traditional\proc\p18f452.asm
                     IPR1   0x000f9f       data     extern E:\c18v3.46\pic18-lt\cxx-framework\src\traditional\proc\p18f452.asm
                 IPR1bits   0x000f9f       data     extern E:\c18v3.46\pic18-lt\cxx-framework\src\traditional\proc\p18f452.asm
                     IPR2   0x000fa2       data     extern E:\c18v3.46\pic18-lt\cxx-framework\src\traditional\proc\p18f452.asm
                 IPR2bits   0x000fa2       data     extern E:\c18v3.46\pic18-lt\cxx-framework\src\traditional\proc\p18f452.asm
                     LATA   0x000f89       data     extern E:\c18v3.46\pic18-lt\cxx-framework\src\traditional\proc\p18f452.asm
                 LATAbits   0x000f89       data     extern E:\c18v3.46\pic18-lt\cxx-framework\src\traditional\proc\p18f452.asm
                     LATB   0x000f8a       data     extern E:\c18v3.46\pic18-lt\cxx-framework\src\traditional\proc\p18f452.asm
                 LATBbits   0x000f8a       data     extern E:\c18v3.46\pic18-lt\cxx-framework\src\traditional\proc\p18f452.asm
                     LATC   0x000f8b       data     extern E:\c18v3.46\pic18-lt\cxx-framework\src\traditional\proc\p18f452.asm
                 LATCbits   0x000f8b       data     extern E:\c18v3.46\pic18-lt\cxx-framework\src\traditional\proc\p18f452.asm
                     LATD   0x000f8c       data     extern E:\c18v3.46\pic18-lt\cxx-framework\src\traditional\proc\p18f452.asm
                 LATDbits   0x000f8c       data     extern E:\c18v3.46\pic18-lt\cxx-framework\src\traditional\proc\p18f452.asm
                     LATE   0x000f8d       data     extern E:\c18v3.46\pic18-lt\cxx-framework\src\traditional\proc\p18f452.asm
                 LATEbits   0x000f8d       data     extern E:\c18v3.46\pic18-lt\cxx-framework\src\traditional\proc\p18f452.asm
                   LVDCON   0x000fd2       data     extern E:\c18v3.46\pic18-lt\cxx-framework\src\traditional\proc\p18f452.asm
               LVDCONbits   0x000fd2       data     extern E:\c18v3.46\pic18-lt\cxx-framework\src\traditional\proc\p18f452.asm
                   OSCCON   0x000fd3       data     extern E:\c18v3.46\pic18-lt\cxx-framework\src\traditional\proc\p18f452.asm
               OSCCONbits   0x000fd3       data     extern E:\c18v3.46\pic18-lt\cxx-framework\src\traditional\proc\p18f452.asm
                       PC   0x000ff9       data     extern E:\c18v3.46\pic18-lt\cxx-framework\src\traditional\proc\p18f452.asm
                      PCL   0x000ff9       data     extern E:\c18v3.46\pic18-lt\cxx-framework\src\traditional\proc\p18f452.asm
                   PCLATH   0x000ffa       data     extern E:\c18v3.46\pic18-lt\cxx-framework\src\traditional\proc\p18f452.asm
                   PCLATU   0x000ffb       data     extern E:\c18v3.46\pic18-lt\cxx-framework\src\traditional\proc\p18f452.asm
                     PIE1   0x000f9d       data     extern E:\c18v3.46\pic18-lt\cxx-framework\src\traditional\proc\p18f452.asm
                 PIE1bits   0x000f9d       data     extern E:\c18v3.46\pic18-lt\cxx-framework\src\traditional\proc\p18f452.asm
                     PIE2   0x000fa0       data     extern E:\c18v3.46\pic18-lt\cxx-framework\src\traditional\proc\p18f452.asm
                 PIE2bits   0x000fa0       data     extern E:\c18v3.46\pic18-lt\cxx-framework\src\traditional\proc\p18f452.asm
                     PIR1   0x000f9e       data     extern E:\c18v3.46\pic18-lt\cxx-framework\src\traditional\proc\p18f452.asm
                 PIR1bits   0x000f9e       data     extern E:\c18v3.46\pic18-lt\cxx-framework\src\traditional\proc\p18f452.asm
                     PIR2   0x000fa1       data     extern E:\c18v3.46\pic18-lt\cxx-framework\src\traditional\proc\p18f452.asm
                 PIR2bits   0x000fa1       data     extern E:\c18v3.46\pic18-lt\cxx-framework\src\traditional\proc\p18f452.asm
                   PLUSW0   0x000feb       data     extern E:\c18v3.46\pic18-lt\cxx-framework\src\traditional\proc\p18f452.asm
                   PLUSW1   0x000fe3       data     extern E:\c18v3.46\pic18-lt\cxx-framework\src\traditional\proc\p18f452.asm
                   PLUSW2   0x000fdb       data     extern E:\c18v3.46\pic18-lt\cxx-framework\src\traditional\proc\p18f452.asm
                    PORTA   0x000f80       data     extern E:\c18v3.46\pic18-lt\cxx-framework\src\traditional\proc\p18f452.asm
                PORTAbits   0x000f80       data     extern E:\c18v3.46\pic18-lt\cxx-framework\src\traditional\proc\p18f452.asm
                    PORTB   0x000f81       data     extern E:\c18v3.46\pic18-lt\cxx-framework\src\traditional\proc\p18f452.asm
                PORTBbits   0x000f81       data     extern E:\c18v3.46\pic18-lt\cxx-framework\src\traditional\proc\p18f452.asm
                    PORTC   0x000f82       data     extern E:\c18v3.46\pic18-lt\cxx-framework\src\traditional\proc\p18f452.asm
                PORTCbits   0x000f82       data     extern E:\c18v3.46\pic18-lt\cxx-framework\src\traditional\proc\p18f452.asm
                    PORTD   0x000f83       data     extern E:\c18v3.46\pic18-lt\cxx-framework\src\traditional\proc\p18f452.asm
                PORTDbits   0x000f83       data     extern E:\c18v3.46\pic18-lt\cxx-framework\src\traditional\proc\p18f452.asm
                    PORTE   0x000f84       data     extern E:\c18v3.46\pic18-lt\cxx-framework\src\traditional\proc\p18f452.asm
                PORTEbits   0x000f84       data     extern E:\c18v3.46\pic18-lt\cxx-framework\src\traditional\proc\p18f452.asm
                 POSTDEC0   0x000fed       data     extern E:\c18v3.46\pic18-lt\cxx-framework\src\traditional\proc\p18f452.asm
                 POSTDEC1   0x000fe5       data     extern E:\c18v3.46\pic18-lt\cxx-framework\src\traditional\proc\p18f452.asm
                 POSTDEC2   0x000fdd       data     extern E:\c18v3.46\pic18-lt\cxx-framework\src\traditional\proc\p18f452.asm
                 POSTINC0   0x000fee       data     extern E:\c18v3.46\pic18-lt\cxx-framework\src\traditional\proc\p18f452.asm
                 POSTINC1   0x000fe6       data     extern E:\c18v3.46\pic18-lt\cxx-framework\src\traditional\proc\p18f452.asm
                 POSTINC2   0x000fde       data     extern E:\c18v3.46\pic18-lt\cxx-framework\src\traditional\proc\p18f452.asm
                      PR2   0x000fcb       data     extern E:\c18v3.46\pic18-lt\cxx-framework\src\traditional\proc\p18f452.asm
                  PREINC0   0x000fec       data     extern E:\c18v3.46\pic18-lt\cxx-framework\src\traditional\proc\p18f452.asm
                  PREINC1   0x000fe4       data     extern E:\c18v3.46\pic18-lt\cxx-framework\src\traditional\proc\p18f452.asm
                  PREINC2   0x000fdc       data     extern E:\c18v3.46\pic18-lt\cxx-framework\src\traditional\proc\p18f452.asm
                     PROD   0x000ff3       data     extern E:\c18v3.46\pic18-lt\cxx-framework\src\traditional\proc\p18f452.asm
                    PRODH   0x000ff4       data     extern E:\c18v3.46\pic18-lt\cxx-framework\src\traditional\proc\p18f452.asm
                    PRODL   0x000ff3       data     extern E:\c18v3.46\pic18-lt\cxx-framework\src\traditional\proc\p18f452.asm
                     RCON   0x000fd0       data     extern E:\c18v3.46\pic18-lt\cxx-framework\src\traditional\proc\p18f452.asm
                 RCONbits   0x000fd0       data     extern E:\c18v3.46\pic18-lt\cxx-framework\src\traditional\proc\p18f452.asm
                    RCREG   0x000fae       data     extern E:\c18v3.46\pic18-lt\cxx-framework\src\traditional\proc\p18f452.asm
                    RCSTA   0x000fab       data     extern E:\c18v3.46\pic18-lt\cxx-framework\src\traditional\proc\p18f452.asm
                RCSTAbits   0x000fab       data     extern E:\c18v3.46\pic18-lt\cxx-framework\src\traditional\proc\p18f452.asm
                     SIGN   0x000000       data     extern E:\c18v3.46\pic18-lt\cxx-framework\src\traditional\math\cmath18.asm
                    SPBRG   0x000faf       data     extern E:\c18v3.46\pic18-lt\cxx-framework\src\traditional\proc\p18f452.asm
                   SSPADD   0x000fc8       data     extern E:\c18v3.46\pic18-lt\cxx-framework\src\traditional\proc\p18f452.asm
                   SSPBUF   0x000fc9       data     extern E:\c18v3.46\pic18-lt\cxx-framework\src\traditional\proc\p18f452.asm
                  SSPCON1   0x000fc6       data     extern E:\c18v3.46\pic18-lt\cxx-framework\src\traditional\proc\p18f452.asm
              SSPCON1bits   0x000fc6       data     extern E:\c18v3.46\pic18-lt\cxx-framework\src\traditional\proc\p18f452.asm
                  SSPCON2   0x000fc5       data     extern E:\c18v3.46\pic18-lt\cxx-framework\src\traditional\proc\p18f452.asm
              SSPCON2bits   0x000fc5       data     extern E:\c18v3.46\pic18-lt\cxx-framework\src\traditional\proc\p18f452.asm
                  SSPSTAT   0x000fc7       data     extern E:\c18v3.46\pic18-lt\cxx-framework\src\traditional\proc\p18f452.asm
              SSPSTATbits   0x000fc7       data     extern E:\c18v3.46\pic18-lt\cxx-framework\src\traditional\proc\p18f452.asm
                   STATUS   0x000fd8       data     extern E:\c18v3.46\pic18-lt\cxx-framework\src\traditional\proc\p18f452.asm
               STATUSbits   0x000fd8       data     extern E:\c18v3.46\pic18-lt\cxx-framework\src\traditional\proc\p18f452.asm
                   STKPTR   0x000ffc       data     extern E:\c18v3.46\pic18-lt\cxx-framework\src\traditional\proc\p18f452.asm
               STKPTRbits   0x000ffc       data     extern E:\c18v3.46\pic18-lt\cxx-framework\src\traditional\proc\p18f452.asm
                    T0CON   0x000fd5       data     extern E:\c18v3.46\pic18-lt\cxx-framework\src\traditional\proc\p18f452.asm
                T0CONbits   0x000fd5       data     extern E:\c18v3.46\pic18-lt\cxx-framework\src\traditional\proc\p18f452.asm
                    T1CON   0x000fcd       data     extern E:\c18v3.46\pic18-lt\cxx-framework\src\traditional\proc\p18f452.asm
                T1CONbits   0x000fcd       data     extern E:\c18v3.46\pic18-lt\cxx-framework\src\traditional\proc\p18f452.asm
                    T2CON   0x000fca       data     extern E:\c18v3.46\pic18-lt\cxx-framework\src\traditional\proc\p18f452.asm
                T2CONbits   0x000fca       data     extern E:\c18v3.46\pic18-lt\cxx-framework\src\traditional\proc\p18f452.asm
                    T3CON   0x000fb1       data     extern E:\c18v3.46\pic18-lt\cxx-framework\src\traditional\proc\p18f452.asm
                T3CONbits   0x000fb1       data     extern E:\c18v3.46\pic18-lt\cxx-framework\src\traditional\proc\p18f452.asm
                   TABLAT   0x000ff5       data     extern E:\c18v3.46\pic18-lt\cxx-framework\src\traditional\proc\p18f452.asm
                   TBLPTR   0x000ff6       data     extern E:\c18v3.46\pic18-lt\cxx-framework\src\traditional\proc\p18f452.asm
                  TBLPTRH   0x000ff7       data     extern E:\c18v3.46\pic18-lt\cxx-framework\src\traditional\proc\p18f452.asm
                  TBLPTRL   0x000ff6       data     extern E:\c18v3.46\pic18-lt\cxx-framework\src\traditional\proc\p18f452.asm
                  TBLPTRU   0x000ff8       data     extern E:\c18v3.46\pic18-lt\cxx-framework\src\traditional\proc\p18f452.asm
                    TMR0H   0x000fd7       data     extern E:\c18v3.46\pic18-lt\cxx-framework\src\traditional\proc\p18f452.asm
                    TMR0L   0x000fd6       data     extern E:\c18v3.46\pic18-lt\cxx-framework\src\traditional\proc\p18f452.asm
                    TMR1H   0x000fcf       data     extern E:\c18v3.46\pic18-lt\cxx-framework\src\traditional\proc\p18f452.asm
                    TMR1L   0x000fce       data     extern E:\c18v3.46\pic18-lt\cxx-framework\src\traditional\proc\p18f452.asm
                     TMR2   0x000fcc       data     extern E:\c18v3.46\pic18-lt\cxx-framework\src\traditional\proc\p18f452.asm
                    TMR3H   0x000fb3       data     extern E:\c18v3.46\pic18-lt\cxx-framework\src\traditional\proc\p18f452.asm
                    TMR3L   0x000fb2       data     extern E:\c18v3.46\pic18-lt\cxx-framework\src\traditional\proc\p18f452.asm
                      TOS   0x000ffd       data     extern E:\c18v3.46\pic18-lt\cxx-framework\src\traditional\proc\p18f452.asm
                     TOSH   0x000ffe       data     extern E:\c18v3.46\pic18-lt\cxx-framework\src\traditional\proc\p18f452.asm
                     TOSL   0x000ffd       data     extern E:\c18v3.46\pic18-lt\cxx-framework\src\traditional\proc\p18f452.asm
                     TOSU   0x000fff       data     extern E:\c18v3.46\pic18-lt\cxx-framework\src\traditional\proc\p18f452.asm
                    TRISA   0x000f92       data     extern E:\c18v3.46\pic18-lt\cxx-framework\src\traditional\proc\p18f452.asm
                TRISAbits   0x000f92       data     extern E:\c18v3.46\pic18-lt\cxx-framework\src\traditional\proc\p18f452.asm
                    TRISB   0x000f93       data     extern E:\c18v3.46\pic18-lt\cxx-framework\src\traditional\proc\p18f452.asm
                TRISBbits   0x000f93       data     extern E:\c18v3.46\pic18-lt\cxx-framework\src\traditional\proc\p18f452.asm
                    TRISC   0x000f94       data     extern E:\c18v3.46\pic18-lt\cxx-framework\src\traditional\proc\p18f452.asm
                TRISCbits   0x000f94       data     extern E:\c18v3.46\pic18-lt\cxx-framework\src\traditional\proc\p18f452.asm
                    TRISD   0x000f95       data     extern E:\c18v3.46\pic18-lt\cxx-framework\src\traditional\proc\p18f452.asm
                TRISDbits   0x000f95       data     extern E:\c18v3.46\pic18-lt\cxx-framework\src\traditional\proc\p18f452.asm
                    TRISE   0x000f96       data     extern E:\c18v3.46\pic18-lt\cxx-framework\src\traditional\proc\p18f452.asm
                TRISEbits   0x000f96       data     extern E:\c18v3.46\pic18-lt\cxx-framework\src\traditional\proc\p18f452.asm
                    TXREG   0x000fad       data     extern E:\c18v3.46\pic18-lt\cxx-framework\src\traditional\proc\p18f452.asm
                    TXSTA   0x000fac       data     extern E:\c18v3.46\pic18-lt\cxx-framework\src\traditional\proc\p18f452.asm
                TXSTAbits   0x000fac       data     extern E:\c18v3.46\pic18-lt\cxx-framework\src\traditional\proc\p18f452.asm
                        W   0x000fe8       data     extern E:\c18v3.46\pic18-lt\cxx-framework\src\traditional\proc\p18f452.asm
                   WDTCON   0x000fd1       data     extern E:\c18v3.46\pic18-lt\cxx-framework\src\traditional\proc\p18f452.asm
               WDTCONbits   0x000fd1       data     extern E:\c18v3.46\pic18-lt\cxx-framework\src\traditional\proc\p18f452.asm
                     WREG   0x000fe8       data     extern E:\c18v3.46\pic18-lt\cxx-framework\src\traditional\proc\p18f452.asm
                 __AARGB0   0x000009       data     extern E:\c18v3.46\pic18-lt\cxx-framework\src\traditional\math\aarg.asm
                 __AARGB1   0x000008       data     extern E:\c18v3.46\pic18-lt\cxx-framework\src\traditional\math\aarg.asm
                 __AARGB2   0x000007       data     extern E:\c18v3.46\pic18-lt\cxx-framework\src\traditional\math\aarg.asm
                 __AARGB3   0x000006       data     extern E:\c18v3.46\pic18-lt\cxx-framework\src\traditional\math\aarg.asm
                 __AARGB4   0x000005       data     extern E:\c18v3.46\pic18-lt\cxx-framework\src\traditional\math\aarg.asm
                 __AARGB5   0x000004       data     extern E:\c18v3.46\pic18-lt\cxx-framework\src\traditional\math\aarg.asm
                 __AARGB6   0x000003       data     extern E:\c18v3.46\pic18-lt\cxx-framework\src\traditional\math\aarg.asm
                 __AARGB7   0x000002       data     extern E:\c18v3.46\pic18-lt\cxx-framework\src\traditional\math\aarg.asm
                   __AEXP   0x00000a       data     extern E:\c18v3.46\pic18-lt\cxx-framework\src\traditional\math\aarg.asm
                 __BARGB0   0x00000e       data     extern E:\c18v3.46\pic18-lt\cxx-framework\src\traditional\math\barg.asm
                 __BARGB1   0x00000d       data     extern E:\c18v3.46\pic18-lt\cxx-framework\src\traditional\math\barg.asm
                 __BARGB2   0x00000c       data     extern E:\c18v3.46\pic18-lt\cxx-framework\src\traditional\math\barg.asm
                 __BARGB3   0x00000b       data     extern E:\c18v3.46\pic18-lt\cxx-framework\src\traditional\math\barg.asm
                   __BEXP   0x00000f       data     extern E:\c18v3.46\pic18-lt\cxx-framework\src\traditional\math\barg.asm
                __FPFLAGS   0x000001       data     extern E:\c18v3.46\pic18-lt\cxx-framework\src\traditional\math\cmath18.asm
            __FPFLAGSbits   0x000001       data     extern E:\c18v3.46\pic18-lt\cxx-framework\src\traditional\math\cmath18.asm
                  __REMB0   0x000005       data     extern E:\c18v3.46\pic18-lt\cxx-framework\src\traditional\math\aarg.asm
                  __REMB1   0x000004       data     extern E:\c18v3.46\pic18-lt\cxx-framework\src\traditional\math\aarg.asm
                  __REMB2   0x000003       data     extern E:\c18v3.46\pic18-lt\cxx-framework\src\traditional\math\aarg.asm
                  __REMB3   0x000002       data     extern E:\c18v3.46\pic18-lt\cxx-framework\src\traditional\math\aarg.asm
                   __TEMP   0x000013       data     extern E:\c18v3.46\pic18-lt\cxx-framework\src\traditional\math\temparg.asm
                 __TEMPB0   0x000013       data     extern E:\c18v3.46\pic18-lt\cxx-framework\src\traditional\math\temparg.asm
                 __TEMPB1   0x000012       data     extern E:\c18v3.46\pic18-lt\cxx-framework\src\traditional\math\temparg.asm
                 __TEMPB2   0x000011       data     extern E:\c18v3.46\pic18-lt\cxx-framework\src\traditional\math\temparg.asm
                 __TEMPB3   0x000010       data     extern E:\c18v3.46\pic18-lt\cxx-framework\src\traditional\math\temparg.asm
                  __tmp_0   0x000014       data     static C:\Users\Tom\Documents\Uni\Year 3\Semester 2\MTRX3700\Tuesday\Scales-Assignment\ScalesTnT.X\show_weight_readings.c
                  __tmp_0   0x000014       data     static C:\Users\Tom\Documents\Uni\Year 3\Semester 2\MTRX3700\Tuesday\Scales-Assignment\ScalesTnT.X\mode_controller.c
                  __tmp_0   0x000014       data     static C:\Users\Tom\Documents\Uni\Year 3\Semester 2\MTRX3700\Tuesday\Scales-Assignment\ScalesTnT.X\LCD.c
                   buffer   0x0000a3       data     extern C:\Users\Tom\Documents\Uni\Year 3\Semester 2\MTRX3700\Tuesday\Scales-Assignment\ScalesTnT.X\main.c
             buffer_count   0x0000b7       data     extern C:\Users\Tom\Documents\Uni\Year 3\Semester 2\MTRX3700\Tuesday\Scales-Assignment\ScalesTnT.X\main.c
           buffer_count_B   0x0000b8       data     extern C:\Users\Tom\Documents\Uni\Year 3\Semester 2\MTRX3700\Tuesday\Scales-Assignment\ScalesTnT.X\main.c
                curr_byte   0x0000c2       data     static E:\c18v3.46\pic18-lt\cxx-framework\src\traditional\startup\c018i.c
               curr_entry   0x0000c4       data     static E:\c18v3.46\pic18-lt\cxx-framework\src\traditional\startup\c018i.c
        currentStateDepth   0x0000cf       data     extern C:\Users\Tom\Documents\Uni\Year 3\Semester 2\MTRX3700\Tuesday\Scales-Assignment\ScalesTnT.X\UI.c
           currentVoltage   0x000086       data     extern C:\Users\Tom\Documents\Uni\Year 3\Semester 2\MTRX3700\Tuesday\Scales-Assignment\ScalesTnT.X\main.c
                 data_ptr   0x0000c6       data     static E:\c18v3.46\pic18-lt\cxx-framework\src\traditional\startup\c018i.c
                errorType   0x000084       data     extern C:\Users\Tom\Documents\Uni\Year 3\Semester 2\MTRX3700\Tuesday\Scales-Assignment\ScalesTnT.X\main.c
                    first   0x0000a1       data     extern C:\Users\Tom\Documents\Uni\Year 3\Semester 2\MTRX3700\Tuesday\Scales-Assignment\ScalesTnT.X\main.c
               firstIndex   0x000097       data     extern C:\Users\Tom\Documents\Uni\Year 3\Semester 2\MTRX3700\Tuesday\Scales-Assignment\ScalesTnT.X\main.c
                     flag   0x0000bb       data     extern C:\Users\Tom\Documents\Uni\Year 3\Semester 2\MTRX3700\Tuesday\Scales-Assignment\ScalesTnT.X\main.c
           functionPicked   0x000082       data     extern C:\Users\Tom\Documents\Uni\Year 3\Semester 2\MTRX3700\Tuesday\Scales-Assignment\ScalesTnT.X\main.c
                    index   0x0000b3       data     extern C:\Users\Tom\Documents\Uni\Year 3\Semester 2\MTRX3700\Tuesday\Scales-Assignment\ScalesTnT.X\main.c
                indexMask   0x0000b5       data     extern C:\Users\Tom\Documents\Uni\Year 3\Semester 2\MTRX3700\Tuesday\Scales-Assignment\ScalesTnT.X\main.c
                isPressed   0x00009d       data     extern C:\Users\Tom\Documents\Uni\Year 3\Semester 2\MTRX3700\Tuesday\Scales-Assignment\ScalesTnT.X\main.c
                lastIndex   0x000099       data     extern C:\Users\Tom\Documents\Uni\Year 3\Semester 2\MTRX3700\Tuesday\Scales-Assignment\ScalesTnT.X\main.c
              layer_depth   0x00009f       data     extern C:\Users\Tom\Documents\Uni\Year 3\Semester 2\MTRX3700\Tuesday\Scales-Assignment\ScalesTnT.X\main.c
                localType   0x0000b9       data     extern C:\Users\Tom\Documents\Uni\Year 3\Semester 2\MTRX3700\Tuesday\Scales-Assignment\ScalesTnT.X\main.c
               maxNStates   0x0000d1       data     extern C:\Users\Tom\Documents\Uni\Year 3\Semester 2\MTRX3700\Tuesday\Scales-Assignment\ScalesTnT.X\UI.c
                 maxNless   0x0000bd       data     extern C:\Users\Tom\Documents\Uni\Year 3\Semester 2\MTRX3700\Tuesday\Scales-Assignment\ScalesTnT.X\main.c
           newStateChange   0x0000cb       data     extern C:\Users\Tom\Documents\Uni\Year 3\Semester 2\MTRX3700\Tuesday\Scales-Assignment\ScalesTnT.X\UI.c
               nextButton   0x00008f       data     extern C:\Users\Tom\Documents\Uni\Year 3\Semester 2\MTRX3700\Tuesday\Scales-Assignment\ScalesTnT.X\main.c
                   number   0x000091       data     extern C:\Users\Tom\Documents\Uni\Year 3\Semester 2\MTRX3700\Tuesday\Scales-Assignment\ScalesTnT.X\main.c
                oneAmount   0x000093       data     extern C:\Users\Tom\Documents\Uni\Year 3\Semester 2\MTRX3700\Tuesday\Scales-Assignment\ScalesTnT.X\main.c
                     prom   0x0000bf       data     static E:\c18v3.46\pic18-lt\cxx-framework\src\traditional\startup\c018i.c
                   result   0x000095       data     extern C:\Users\Tom\Documents\Uni\Year 3\Semester 2\MTRX3700\Tuesday\Scales-Assignment\ScalesTnT.X\main.c
             selectButton   0x00008d       data     extern C:\Users\Tom\Documents\Uni\Year 3\Semester 2\MTRX3700\Tuesday\Scales-Assignment\ScalesTnT.X\main.c
                    state   0x00009b       data     extern C:\Users\Tom\Documents\Uni\Year 3\Semester 2\MTRX3700\Tuesday\Scales-Assignment\ScalesTnT.X\main.c
              stateChange   0x0000c9       data     extern C:\Users\Tom\Documents\Uni\Year 3\Semester 2\MTRX3700\Tuesday\Scales-Assignment\ScalesTnT.X\UI.c
               stateDepth   0x0000cd       data     extern C:\Users\Tom\Documents\Uni\Year 3\Semester 2\MTRX3700\Tuesday\Scales-Assignment\ScalesTnT.X\UI.c
           voltageFor100g   0x000080       data     extern C:\Users\Tom\Documents\Uni\Year 3\Semester 2\MTRX3700\Tuesday\Scales-Assignment\ScalesTnT.X\main.c
              weightGrams   0x000088       data     extern C:\Users\Tom\Documents\Uni\Year 3\Semester 2\MTRX3700\Tuesday\Scales-Assignment\ScalesTnT.X\main.c
               weightType   0x00008c       data     extern C:\Users\Tom\Documents\Uni\Year 3\Semester 2\MTRX3700\Tuesday\Scales-Assignment\ScalesTnT.X\main.c
              weightValue   0x00008a       data     extern C:\Users\Tom\Documents\Uni\Year 3\Semester 2\MTRX3700\Tuesday\Scales-Assignment\ScalesTnT.X\main.c



                              Symbols - Sorted by Address
                     Name    Address   Location    Storage File                     
                ---------  ---------  ---------  --------- ---------                
                   _entry   0x000000    program     extern E:\c18v3.46\pic18-lt\cxx-framework\src\traditional\startup\c018i.c
       ___return_lbl00000   0x000004    program     static                          
                   random   0x000006    program     extern C:\Users\Tom\Documents\Uni\Year 3\Semester 2\MTRX3700\Tuesday\Scales-Assignment\ScalesTnT.X\tare.c
               _interrupt   0x000008    program     extern C:\Users\Tom\Documents\Uni\Year 3\Semester 2\MTRX3700\Tuesday\Scales-Assignment\ScalesTnT.X\main.c
       ___return_lbl00003   0x00000c    program     static                          
          highPriorityISR   0x00000e    program     extern C:\Users\Tom\Documents\Uni\Year 3\Semester 2\MTRX3700\Tuesday\Scales-Assignment\ScalesTnT.X\main.c
         enableInterrupts   0x0000c2    program     extern C:\Users\Tom\Documents\Uni\Year 3\Semester 2\MTRX3700\Tuesday\Scales-Assignment\ScalesTnT.X\mode_controller.c
        disableInterrupts   0x0000cc    program     extern C:\Users\Tom\Documents\Uni\Year 3\Semester 2\MTRX3700\Tuesday\Scales-Assignment\ScalesTnT.X\mode_controller.c
                    setup   0x0000d2    program     extern C:\Users\Tom\Documents\Uni\Year 3\Semester 2\MTRX3700\Tuesday\Scales-Assignment\ScalesTnT.X\mode_controller.c
               user_local   0x0000fa    program     extern C:\Users\Tom\Documents\Uni\Year 3\Semester 2\MTRX3700\Tuesday\Scales-Assignment\ScalesTnT.X\mode_controller.c
              user_remote   0x00011e    program     extern C:\Users\Tom\Documents\Uni\Year 3\Semester 2\MTRX3700\Tuesday\Scales-Assignment\ScalesTnT.X\mode_controller.c
                  factory   0x000146    program     extern C:\Users\Tom\Documents\Uni\Year 3\Semester 2\MTRX3700\Tuesday\Scales-Assignment\ScalesTnT.X\mode_controller.c
                    ERROR   0x000170    program     extern C:\Users\Tom\Documents\Uni\Year 3\Semester 2\MTRX3700\Tuesday\Scales-Assignment\ScalesTnT.X\mode_controller.c
           SET_MODE_WEIGH   0x000190    program     extern C:\Users\Tom\Documents\Uni\Year 3\Semester 2\MTRX3700\Tuesday\Scales-Assignment\ScalesTnT.X\mode_controller.c
           SET_MODE_COUNT   0x0001a8    program     extern C:\Users\Tom\Documents\Uni\Year 3\Semester 2\MTRX3700\Tuesday\Scales-Assignment\ScalesTnT.X\mode_controller.c
                     TARE   0x0001d0    program     extern C:\Users\Tom\Documents\Uni\Year 3\Semester 2\MTRX3700\Tuesday\Scales-Assignment\ScalesTnT.X\mode_controller.c
         SET_WEIGHT_GRAMS   0x0001ee    program     extern C:\Users\Tom\Documents\Uni\Year 3\Semester 2\MTRX3700\Tuesday\Scales-Assignment\ScalesTnT.X\mode_controller.c
        SET_WEIGHT_OUNCES   0x00020e    program     extern C:\Users\Tom\Documents\Uni\Year 3\Semester 2\MTRX3700\Tuesday\Scales-Assignment\ScalesTnT.X\mode_controller.c
         SET_MODE_FACTORY   0x000236    program     extern C:\Users\Tom\Documents\Uni\Year 3\Semester 2\MTRX3700\Tuesday\Scales-Assignment\ScalesTnT.X\mode_controller.c
                CALIBRATE   0x00025e    program     extern C:\Users\Tom\Documents\Uni\Year 3\Semester 2\MTRX3700\Tuesday\Scales-Assignment\ScalesTnT.X\mode_controller.c
SET_SAMPLES_PER_MEASURMENT   0x00028c    program     extern C:\Users\Tom\Documents\Uni\Year 3\Semester 2\MTRX3700\Tuesday\Scales-Assignment\ScalesTnT.X\mode_controller.c
     SHOW_WEIGHT_READINGS   0x0002b8    program     extern C:\Users\Tom\Documents\Uni\Year 3\Semester 2\MTRX3700\Tuesday\Scales-Assignment\ScalesTnT.X\mode_controller.c
          SHOW_STATISTICS   0x0002e8    program     extern C:\Users\Tom\Documents\Uni\Year 3\Semester 2\MTRX3700\Tuesday\Scales-Assignment\ScalesTnT.X\mode_controller.c
            SET_MODE_USER   0x00031c    program     extern C:\Users\Tom\Documents\Uni\Year 3\Semester 2\MTRX3700\Tuesday\Scales-Assignment\ScalesTnT.X\mode_controller.c
               USER_LOCAL   0x00033a    program     extern C:\Users\Tom\Documents\Uni\Year 3\Semester 2\MTRX3700\Tuesday\Scales-Assignment\ScalesTnT.X\mode_controller.c
                     HELP   0x000360    program     extern C:\Users\Tom\Documents\Uni\Year 3\Semester 2\MTRX3700\Tuesday\Scales-Assignment\ScalesTnT.X\mode_controller.c
           functionPicker   0x00037e    program     extern C:\Users\Tom\Documents\Uni\Year 3\Semester 2\MTRX3700\Tuesday\Scales-Assignment\ScalesTnT.X\mode_controller.c
                 Entered1   0x00042a    program     extern C:\Users\Tom\Documents\Uni\Year 3\Semester 2\MTRX3700\Tuesday\Scales-Assignment\ScalesTnT.X\mode_controller.c
                 Entered2   0x000438    program     extern C:\Users\Tom\Documents\Uni\Year 3\Semester 2\MTRX3700\Tuesday\Scales-Assignment\ScalesTnT.X\mode_controller.c
                 Entered3   0x000446    program     extern C:\Users\Tom\Documents\Uni\Year 3\Semester 2\MTRX3700\Tuesday\Scales-Assignment\ScalesTnT.X\mode_controller.c
             modeSelector   0x000454    program     extern C:\Users\Tom\Documents\Uni\Year 3\Semester 2\MTRX3700\Tuesday\Scales-Assignment\ScalesTnT.X\mode_controller.c
               read_input   0x0004a0    program     extern C:\Users\Tom\Documents\Uni\Year 3\Semester 2\MTRX3700\Tuesday\Scales-Assignment\ScalesTnT.X\mode_controller.c
                   __pa_0   0x0004ca    program     static C:\Users\Tom\Documents\Uni\Year 3\Semester 2\MTRX3700\Tuesday\Scales-Assignment\ScalesTnT.X\mode_controller.c
                   __pa_1   0x0004e0    program     static C:\Users\Tom\Documents\Uni\Year 3\Semester 2\MTRX3700\Tuesday\Scales-Assignment\ScalesTnT.X\mode_controller.c
                   __pa_2   0x0004e4    program     static C:\Users\Tom\Documents\Uni\Year 3\Semester 2\MTRX3700\Tuesday\Scales-Assignment\ScalesTnT.X\mode_controller.c
                   __pa_3   0x000508    program     static C:\Users\Tom\Documents\Uni\Year 3\Semester 2\MTRX3700\Tuesday\Scales-Assignment\ScalesTnT.X\mode_controller.c
                   __pa_4   0x000514    program     static C:\Users\Tom\Documents\Uni\Year 3\Semester 2\MTRX3700\Tuesday\Scales-Assignment\ScalesTnT.X\mode_controller.c
                   __pa_5   0x000532    program     static C:\Users\Tom\Documents\Uni\Year 3\Semester 2\MTRX3700\Tuesday\Scales-Assignment\ScalesTnT.X\mode_controller.c
                   __pa_6   0x00053e    program     static C:\Users\Tom\Documents\Uni\Year 3\Semester 2\MTRX3700\Tuesday\Scales-Assignment\ScalesTnT.X\mode_controller.c
                   __pa_7   0x00054a    program     static C:\Users\Tom\Documents\Uni\Year 3\Semester 2\MTRX3700\Tuesday\Scales-Assignment\ScalesTnT.X\mode_controller.c
                   __pa_8   0x000556    program     static C:\Users\Tom\Documents\Uni\Year 3\Semester 2\MTRX3700\Tuesday\Scales-Assignment\ScalesTnT.X\mode_controller.c
                   __pa_9   0x000566    program     static C:\Users\Tom\Documents\Uni\Year 3\Semester 2\MTRX3700\Tuesday\Scales-Assignment\ScalesTnT.X\mode_controller.c
                  __pa_10   0x00056e    program     static C:\Users\Tom\Documents\Uni\Year 3\Semester 2\MTRX3700\Tuesday\Scales-Assignment\ScalesTnT.X\mode_controller.c
                  __pa_11   0x000576    program     static C:\Users\Tom\Documents\Uni\Year 3\Semester 2\MTRX3700\Tuesday\Scales-Assignment\ScalesTnT.X\mode_controller.c
                  __pa_12   0x00057c    program     static C:\Users\Tom\Documents\Uni\Year 3\Semester 2\MTRX3700\Tuesday\Scales-Assignment\ScalesTnT.X\mode_controller.c
                  __pa_13   0x000584    program     static C:\Users\Tom\Documents\Uni\Year 3\Semester 2\MTRX3700\Tuesday\Scales-Assignment\ScalesTnT.X\mode_controller.c
                  __pa_14   0x00058e    program     static C:\Users\Tom\Documents\Uni\Year 3\Semester 2\MTRX3700\Tuesday\Scales-Assignment\ScalesTnT.X\mode_controller.c
                  __pa_15   0x000594    program     static C:\Users\Tom\Documents\Uni\Year 3\Semester 2\MTRX3700\Tuesday\Scales-Assignment\ScalesTnT.X\mode_controller.c
                  __pa_16   0x0005a6    program     static C:\Users\Tom\Documents\Uni\Year 3\Semester 2\MTRX3700\Tuesday\Scales-Assignment\ScalesTnT.X\mode_controller.c
                  __pa_17   0x0005ba    program     static C:\Users\Tom\Documents\Uni\Year 3\Semester 2\MTRX3700\Tuesday\Scales-Assignment\ScalesTnT.X\mode_controller.c
                  __pa_18   0x0005ca    program     static C:\Users\Tom\Documents\Uni\Year 3\Semester 2\MTRX3700\Tuesday\Scales-Assignment\ScalesTnT.X\mode_controller.c
                  __pa_19   0x0005d2    program     static C:\Users\Tom\Documents\Uni\Year 3\Semester 2\MTRX3700\Tuesday\Scales-Assignment\ScalesTnT.X\mode_controller.c
                  __pa_20   0x0005da    program     static C:\Users\Tom\Documents\Uni\Year 3\Semester 2\MTRX3700\Tuesday\Scales-Assignment\ScalesTnT.X\mode_controller.c
                  __pa_21   0x0005e2    program     static C:\Users\Tom\Documents\Uni\Year 3\Semester 2\MTRX3700\Tuesday\Scales-Assignment\ScalesTnT.X\mode_controller.c
                  __pa_22   0x0005f2    program     static C:\Users\Tom\Documents\Uni\Year 3\Semester 2\MTRX3700\Tuesday\Scales-Assignment\ScalesTnT.X\mode_controller.c
                  __pa_23   0x0005fa    program     static C:\Users\Tom\Documents\Uni\Year 3\Semester 2\MTRX3700\Tuesday\Scales-Assignment\ScalesTnT.X\mode_controller.c
                  __pa_24   0x000602    program     static C:\Users\Tom\Documents\Uni\Year 3\Semester 2\MTRX3700\Tuesday\Scales-Assignment\ScalesTnT.X\mode_controller.c
                  __pa_25   0x00060e    program     static C:\Users\Tom\Documents\Uni\Year 3\Semester 2\MTRX3700\Tuesday\Scales-Assignment\ScalesTnT.X\mode_controller.c
                  __pa_26   0x00061c    program     static C:\Users\Tom\Documents\Uni\Year 3\Semester 2\MTRX3700\Tuesday\Scales-Assignment\ScalesTnT.X\mode_controller.c
             write_string   0x000624    program     extern C:\Users\Tom\Documents\Uni\Year 3\Semester 2\MTRX3700\Tuesday\Scales-Assignment\ScalesTnT.X\LCD.c
                lcd_clear   0x00066e    program     extern C:\Users\Tom\Documents\Uni\Year 3\Semester 2\MTRX3700\Tuesday\Scales-Assignment\ScalesTnT.X\LCD.c
                write_lcd   0x000682    program     extern C:\Users\Tom\Documents\Uni\Year 3\Semester 2\MTRX3700\Tuesday\Scales-Assignment\ScalesTnT.X\LCD.c
              set_lcd_pos   0x0006a4    program     extern C:\Users\Tom\Documents\Uni\Year 3\Semester 2\MTRX3700\Tuesday\Scales-Assignment\ScalesTnT.X\LCD.c
                  LCDInit   0x000706    program     extern C:\Users\Tom\Documents\Uni\Year 3\Semester 2\MTRX3700\Tuesday\Scales-Assignment\ScalesTnT.X\LCD.c
          ___for_lbl00013   0x000736    program     static                          
          ___for_lbl00011   0x000750    program     static                          
          ___for_lbl00012   0x00075a    program     static                          
       ___return_lbl00010   0x0007be    program     static                          
                     wait   0x0007d2    program     extern C:\Users\Tom\Documents\Uni\Year 3\Semester 2\MTRX3700\Tuesday\Scales-Assignment\ScalesTnT.X\LCD.c
        ___while_lbl00015   0x000804    program     static                          
               __tmplbl_0   0x000824    program     static                          
       ___return_lbl00014   0x00083a    program     static                          
        ___while_lbl00016   0x00083a    program     static                          
               commandLCD   0x00084e    program     extern C:\Users\Tom\Documents\Uni\Year 3\Semester 2\MTRX3700\Tuesday\Scales-Assignment\ScalesTnT.X\LCD.c
       ___return_lbl00017   0x000866    program     static                          
                 lcd_wait   0x00086e    program     extern C:\Users\Tom\Documents\Uni\Year 3\Semester 2\MTRX3700\Tuesday\Scales-Assignment\ScalesTnT.X\LCD.c
            string_to_LCD   0x000884    program     extern C:\Users\Tom\Documents\Uni\Year 3\Semester 2\MTRX3700\Tuesday\Scales-Assignment\ScalesTnT.X\LCD.c
                 read_lcd   0x0008a0    program     extern C:\Users\Tom\Documents\Uni\Year 3\Semester 2\MTRX3700\Tuesday\Scales-Assignment\ScalesTnT.X\LCD.c
       ___return_lbl00024   0x0008f8    program     static                          
                   __pa_0   0x000910    program     static C:\Users\Tom\Documents\Uni\Year 3\Semester 2\MTRX3700\Tuesday\Scales-Assignment\ScalesTnT.X\LCD.c
                   __pa_1   0x000930    program     static C:\Users\Tom\Documents\Uni\Year 3\Semester 2\MTRX3700\Tuesday\Scales-Assignment\ScalesTnT.X\LCD.c
                   __pa_2   0x00094c    program     static C:\Users\Tom\Documents\Uni\Year 3\Semester 2\MTRX3700\Tuesday\Scales-Assignment\ScalesTnT.X\LCD.c
                   __pa_3   0x00095e    program     static C:\Users\Tom\Documents\Uni\Year 3\Semester 2\MTRX3700\Tuesday\Scales-Assignment\ScalesTnT.X\LCD.c
                   __pa_4   0x000966    program     static C:\Users\Tom\Documents\Uni\Year 3\Semester 2\MTRX3700\Tuesday\Scales-Assignment\ScalesTnT.X\LCD.c
                   __pa_5   0x000974    program     static C:\Users\Tom\Documents\Uni\Year 3\Semester 2\MTRX3700\Tuesday\Scales-Assignment\ScalesTnT.X\LCD.c
                   __pa_6   0x000982    program     static C:\Users\Tom\Documents\Uni\Year 3\Semester 2\MTRX3700\Tuesday\Scales-Assignment\ScalesTnT.X\LCD.c
                  UIsetup   0x00098c    program     extern C:\Users\Tom\Documents\Uni\Year 3\Semester 2\MTRX3700\Tuesday\Scales-Assignment\ScalesTnT.X\UI.c
           user_interface   0x0009a2    program     extern C:\Users\Tom\Documents\Uni\Year 3\Semester 2\MTRX3700\Tuesday\Scales-Assignment\ScalesTnT.X\UI.c
            buttonControl   0x000a02    program     extern C:\Users\Tom\Documents\Uni\Year 3\Semester 2\MTRX3700\Tuesday\Scales-Assignment\ScalesTnT.X\UI.c
                   __pa_0   0x000a76    program     static C:\Users\Tom\Documents\Uni\Year 3\Semester 2\MTRX3700\Tuesday\Scales-Assignment\ScalesTnT.X\UI.c
                   __pa_1   0x000a88    program     static C:\Users\Tom\Documents\Uni\Year 3\Semester 2\MTRX3700\Tuesday\Scales-Assignment\ScalesTnT.X\UI.c
                   __pa_2   0x000a96    program     static C:\Users\Tom\Documents\Uni\Year 3\Semester 2\MTRX3700\Tuesday\Scales-Assignment\ScalesTnT.X\UI.c
                _do_cinit   0x000aa0    program     extern E:\c18v3.46\pic18-lt\cxx-framework\src\traditional\startup\c018i.c
                     test   0x000aba    program     static                          
                copy_loop   0x000b12    program     static                          
            copy_one_byte   0x000b18    program     static                          
             done_copying   0x000b26    program     static                          
                     done   0x000b3c    program     static                          
       ___return_lbl00002   0x000b3c    program     static                          
           set_mode_count   0x000b3e    program     extern C:\Users\Tom\Documents\Uni\Year 3\Semester 2\MTRX3700\Tuesday\Scales-Assignment\ScalesTnT.X\count_or_weigh_mode.c
           set_mode_weigh   0x000b64    program     extern C:\Users\Tom\Documents\Uni\Year 3\Semester 2\MTRX3700\Tuesday\Scales-Assignment\ScalesTnT.X\count_or_weigh_mode.c
            count_working   0x000b8a    program     extern C:\Users\Tom\Documents\Uni\Year 3\Semester 2\MTRX3700\Tuesday\Scales-Assignment\ScalesTnT.X\count_or_weigh_mode.c
                   __pa_0   0x000b8c    program     static C:\Users\Tom\Documents\Uni\Year 3\Semester 2\MTRX3700\Tuesday\Scales-Assignment\ScalesTnT.X\count_or_weigh_mode.c
                   __pa_1   0x000bbe    program     static C:\Users\Tom\Documents\Uni\Year 3\Semester 2\MTRX3700\Tuesday\Scales-Assignment\ScalesTnT.X\count_or_weigh_mode.c
                 FXM1616S   0x000bd4    program     extern E:\c18v3.46\pic18-lt\cxx-framework\src\traditional\math\fxm1616s.asm
               TSIGN1616A   0x000c20    program     static E:\c18v3.46\pic18-lt\cxx-framework\src\traditional\math\fxm1616s.asm
       show_weight_seiral   0x000c2e    program     extern C:\Users\Tom\Documents\Uni\Year 3\Semester 2\MTRX3700\Tuesday\Scales-Assignment\ScalesTnT.X\show_weight_readings.c
          show_weight_lcd   0x000c3a    program     extern C:\Users\Tom\Documents\Uni\Year 3\Semester 2\MTRX3700\Tuesday\Scales-Assignment\ScalesTnT.X\show_weight_readings.c
                     main   0x000c70    program     extern C:\Users\Tom\Documents\Uni\Year 3\Semester 2\MTRX3700\Tuesday\Scales-Assignment\ScalesTnT.X\main.c
            __zero_memory   0x000c90    program     extern E:\c18v3.46\pic18-lt\cxx-framework\src\traditional\proc\p18f452.asm
               zero_block   0x000c9e    program     static E:\c18v3.46\pic18-lt\cxx-framework\src\traditional\proc\p18f452.asm
                   loop_h   0x000c9e    program     static E:\c18v3.46\pic18-lt\cxx-framework\src\traditional\proc\p18f452.asm
                compare_l   0x000ca6    program     static E:\c18v3.46\pic18-lt\cxx-framework\src\traditional\proc\p18f452.asm
                   loop_l   0x000ca8    program     static E:\c18v3.46\pic18-lt\cxx-framework\src\traditional\proc\p18f452.asm
                 _startup   0x000cb0    program     extern E:\c18v3.46\pic18-lt\cxx-framework\src\traditional\startup\c018i.c
                     loop   0x000cc0    program     static                          
       ___return_lbl00001   0x000cca    program     static                          
         set_weight_grams   0x000ccc    program     extern C:\Users\Tom\Documents\Uni\Year 3\Semester 2\MTRX3700\Tuesday\Scales-Assignment\ScalesTnT.X\set_weight_unit.c
        set_weight_ounces   0x000cce    program     extern C:\Users\Tom\Documents\Uni\Year 3\Semester 2\MTRX3700\Tuesday\Scales-Assignment\ScalesTnT.X\set_weight_unit.c
                   __init   0x000cd0    program     extern E:\c18v3.46\pic18-lt\cxx-framework\src\traditional\stdclib\__init.c
               __config_0   0x300001    program     static C:\Users\Tom\Documents\Uni\Year 3\Semester 2\MTRX3700\Tuesday\Scales-Assignment\ScalesTnT.X\main.c
               __config_1   0x300003    program     static C:\Users\Tom\Documents\Uni\Year 3\Semester 2\MTRX3700\Tuesday\Scales-Assignment\ScalesTnT.X\main.c
               __config_2   0x300006    program     static C:\Users\Tom\Documents\Uni\Year 3\Semester 2\MTRX3700\Tuesday\Scales-Assignment\ScalesTnT.X\main.c
                     SIGN   0x000000       data     extern E:\c18v3.46\pic18-lt\cxx-framework\src\traditional\math\cmath18.asm
            __FPFLAGSbits   0x000001       data     extern E:\c18v3.46\pic18-lt\cxx-framework\src\traditional\math\cmath18.asm
                __FPFLAGS   0x000001       data     extern E:\c18v3.46\pic18-lt\cxx-framework\src\traditional\math\cmath18.asm
                  __REMB3   0x000002       data     extern E:\c18v3.46\pic18-lt\cxx-framework\src\traditional\math\aarg.asm
                 __AARGB7   0x000002       data     extern E:\c18v3.46\pic18-lt\cxx-framework\src\traditional\math\aarg.asm
                  __REMB2   0x000003       data     extern E:\c18v3.46\pic18-lt\cxx-framework\src\traditional\math\aarg.asm
                 __AARGB6   0x000003       data     extern E:\c18v3.46\pic18-lt\cxx-framework\src\traditional\math\aarg.asm
                  __REMB1   0x000004       data     extern E:\c18v3.46\pic18-lt\cxx-framework\src\traditional\math\aarg.asm
                 __AARGB5   0x000004       data     extern E:\c18v3.46\pic18-lt\cxx-framework\src\traditional\math\aarg.asm
                  __REMB0   0x000005       data     extern E:\c18v3.46\pic18-lt\cxx-framework\src\traditional\math\aarg.asm
                 __AARGB4   0x000005       data     extern E:\c18v3.46\pic18-lt\cxx-framework\src\traditional\math\aarg.asm
                 __AARGB3   0x000006       data     extern E:\c18v3.46\pic18-lt\cxx-framework\src\traditional\math\aarg.asm
                 __AARGB2   0x000007       data     extern E:\c18v3.46\pic18-lt\cxx-framework\src\traditional\math\aarg.asm
                 __AARGB1   0x000008       data     extern E:\c18v3.46\pic18-lt\cxx-framework\src\traditional\math\aarg.asm
                 __AARGB0   0x000009       data     extern E:\c18v3.46\pic18-lt\cxx-framework\src\traditional\math\aarg.asm
                   __AEXP   0x00000a       data     extern E:\c18v3.46\pic18-lt\cxx-framework\src\traditional\math\aarg.asm
                 __BARGB3   0x00000b       data     extern E:\c18v3.46\pic18-lt\cxx-framework\src\traditional\math\barg.asm
                 __BARGB2   0x00000c       data     extern E:\c18v3.46\pic18-lt\cxx-framework\src\traditional\math\barg.asm
                 __BARGB1   0x00000d       data     extern E:\c18v3.46\pic18-lt\cxx-framework\src\traditional\math\barg.asm
                 __BARGB0   0x00000e       data     extern E:\c18v3.46\pic18-lt\cxx-framework\src\traditional\math\barg.asm
                   __BEXP   0x00000f       data     extern E:\c18v3.46\pic18-lt\cxx-framework\src\traditional\math\barg.asm
                 __TEMPB3   0x000010       data     extern E:\c18v3.46\pic18-lt\cxx-framework\src\traditional\math\temparg.asm
                 __TEMPB2   0x000011       data     extern E:\c18v3.46\pic18-lt\cxx-framework\src\traditional\math\temparg.asm
                 __TEMPB1   0x000012       data     extern E:\c18v3.46\pic18-lt\cxx-framework\src\traditional\math\temparg.asm
                   __TEMP   0x000013       data     extern E:\c18v3.46\pic18-lt\cxx-framework\src\traditional\math\temparg.asm
                 __TEMPB0   0x000013       data     extern E:\c18v3.46\pic18-lt\cxx-framework\src\traditional\math\temparg.asm
                  __tmp_0   0x000014       data     static C:\Users\Tom\Documents\Uni\Year 3\Semester 2\MTRX3700\Tuesday\Scales-Assignment\ScalesTnT.X\show_weight_readings.c
                  __tmp_0   0x000014       data     static C:\Users\Tom\Documents\Uni\Year 3\Semester 2\MTRX3700\Tuesday\Scales-Assignment\ScalesTnT.X\mode_controller.c
                  __tmp_0   0x000014       data     static C:\Users\Tom\Documents\Uni\Year 3\Semester 2\MTRX3700\Tuesday\Scales-Assignment\ScalesTnT.X\LCD.c
           voltageFor100g   0x000080       data     extern C:\Users\Tom\Documents\Uni\Year 3\Semester 2\MTRX3700\Tuesday\Scales-Assignment\ScalesTnT.X\main.c
           functionPicked   0x000082       data     extern C:\Users\Tom\Documents\Uni\Year 3\Semester 2\MTRX3700\Tuesday\Scales-Assignment\ScalesTnT.X\main.c
                errorType   0x000084       data     extern C:\Users\Tom\Documents\Uni\Year 3\Semester 2\MTRX3700\Tuesday\Scales-Assignment\ScalesTnT.X\main.c
           currentVoltage   0x000086       data     extern C:\Users\Tom\Documents\Uni\Year 3\Semester 2\MTRX3700\Tuesday\Scales-Assignment\ScalesTnT.X\main.c
              weightGrams   0x000088       data     extern C:\Users\Tom\Documents\Uni\Year 3\Semester 2\MTRX3700\Tuesday\Scales-Assignment\ScalesTnT.X\main.c
              weightValue   0x00008a       data     extern C:\Users\Tom\Documents\Uni\Year 3\Semester 2\MTRX3700\Tuesday\Scales-Assignment\ScalesTnT.X\main.c
               weightType   0x00008c       data     extern C:\Users\Tom\Documents\Uni\Year 3\Semester 2\MTRX3700\Tuesday\Scales-Assignment\ScalesTnT.X\main.c
             selectButton   0x00008d       data     extern C:\Users\Tom\Documents\Uni\Year 3\Semester 2\MTRX3700\Tuesday\Scales-Assignment\ScalesTnT.X\main.c
               nextButton   0x00008f       data     extern C:\Users\Tom\Documents\Uni\Year 3\Semester 2\MTRX3700\Tuesday\Scales-Assignment\ScalesTnT.X\main.c
                   number   0x000091       data     extern C:\Users\Tom\Documents\Uni\Year 3\Semester 2\MTRX3700\Tuesday\Scales-Assignment\ScalesTnT.X\main.c
                oneAmount   0x000093       data     extern C:\Users\Tom\Documents\Uni\Year 3\Semester 2\MTRX3700\Tuesday\Scales-Assignment\ScalesTnT.X\main.c
                   result   0x000095       data     extern C:\Users\Tom\Documents\Uni\Year 3\Semester 2\MTRX3700\Tuesday\Scales-Assignment\ScalesTnT.X\main.c
               firstIndex   0x000097       data     extern C:\Users\Tom\Documents\Uni\Year 3\Semester 2\MTRX3700\Tuesday\Scales-Assignment\ScalesTnT.X\main.c
                lastIndex   0x000099       data     extern C:\Users\Tom\Documents\Uni\Year 3\Semester 2\MTRX3700\Tuesday\Scales-Assignment\ScalesTnT.X\main.c
                    state   0x00009b       data     extern C:\Users\Tom\Documents\Uni\Year 3\Semester 2\MTRX3700\Tuesday\Scales-Assignment\ScalesTnT.X\main.c
                isPressed   0x00009d       data     extern C:\Users\Tom\Documents\Uni\Year 3\Semester 2\MTRX3700\Tuesday\Scales-Assignment\ScalesTnT.X\main.c
              layer_depth   0x00009f       data     extern C:\Users\Tom\Documents\Uni\Year 3\Semester 2\MTRX3700\Tuesday\Scales-Assignment\ScalesTnT.X\main.c
[...]
                 LATBbits   0x000f8a       data     extern E:\c18v3.46\pic18-lt\cxx-framework\src\traditional\proc\p18f452.asm
                     LATB   0x000f8a       data     extern E:\c18v3.46\pic18-lt\cxx-framework\src\traditional\proc\p18f452.asm
                 LATCbits   0x000f8b       data     extern E:\c18v3.46\pic18-lt\cxx-framework\src\traditional\proc\p18f452.asm
                     LATC   0x000f8b       data     extern E:\c18v3.46\pic18-lt\cxx-framework\src\traditional\proc\p18f452.asm
                 LATDbits   0x000f8c       data     extern E:\c18v3.46\pic18-lt\cxx-framework\src\traditional\proc\p18f452.asm
                     LATD   0x000f8c       data     extern E:\c18v3.46\pic18-lt\cxx-framework\src\traditional\proc\p18f452.asm
                 LATEbits   0x000f8d       data     extern E:\c18v3.46\pic18-lt\cxx-framework\src\traditional\proc\p18f452.asm
                     LATE   0x000f8d       data     extern E:\c18v3.46\pic18-lt\cxx-framework\src\traditional\proc\p18f452.asm
                TRISAbits   0x000f92       data     extern E:\c18v3.46\pic18-lt\cxx-framework\src\traditional\proc\p18f452.asm
                    TRISA   0x000f92       data     extern E:\c18v3.46\pic18-lt\cxx-framework\src\traditional\proc\p18f452.asm
                     DDRA   0x000f92       data     extern E:\c18v3.46\pic18-lt\cxx-framework\src\traditional\proc\p18f452.asm
                 DDRAbits   0x000f92       data     extern E:\c18v3.46\pic18-lt\cxx-framework\src\traditional\proc\p18f452.asm
                     DDRB   0x000f93       data     extern E:\c18v3.46\pic18-lt\cxx-framework\src\traditional\proc\p18f452.asm
                 DDRBbits   0x000f93       data     extern E:\c18v3.46\pic18-lt\cxx-framework\src\traditional\proc\p18f452.asm
                TRISBbits   0x000f93       data     extern E:\c18v3.46\pic18-lt\cxx-framework\src\traditional\proc\p18f452.asm
                    TRISB   0x000f93       data     extern E:\c18v3.46\pic18-lt\cxx-framework\src\traditional\proc\p18f452.asm
                     DDRC   0x000f94       data     extern E:\c18v3.46\pic18-lt\cxx-framework\src\traditional\proc\p18f452.asm
                 DDRCbits   0x000f94       data     extern E:\c18v3.46\pic18-lt\cxx-framework\src\traditional\proc\p18f452.asm
                TRISCbits   0x000f94       data     extern E:\c18v3.46\pic18-lt\cxx-framework\src\traditional\proc\p18f452.asm
                    TRISC   0x000f94       data     extern E:\c18v3.46\pic18-lt\cxx-framework\src\traditional\proc\p18f452.asm
                     DDRD   0x000f95       data     extern E:\c18v3.46\pic18-lt\cxx-framework\src\traditional\proc\p18f452.asm
                 DDRDbits   0x000f95       data     extern E:\c18v3.46\pic18-lt\cxx-framework\src\traditional\proc\p18f452.asm
                TRISDbits   0x000f95       data     extern E:\c18v3.46\pic18-lt\cxx-framework\src\traditional\proc\p18f452.asm
                    TRISD   0x000f95       data     extern E:\c18v3.46\pic18-lt\cxx-framework\src\traditional\proc\p18f452.asm
                TRISEbits   0x000f96       data     extern E:\c18v3.46\pic18-lt\cxx-framework\src\traditional\proc\p18f452.asm
                    TRISE   0x000f96       data     extern E:\c18v3.46\pic18-lt\cxx-framework\src\traditional\proc\p18f452.asm
                     DDRE   0x000f96       data     extern E:\c18v3.46\pic18-lt\cxx-framework\src\traditional\proc\p18f452.asm
                 DDREbits   0x000f96       data     extern E:\c18v3.46\pic18-lt\cxx-framework\src\traditional\proc\p18f452.asm
                     PIE1   0x000f9d       data     extern E:\c18v3.46\pic18-lt\cxx-framework\src\traditional\proc\p18f452.asm
                 PIE1bits   0x000f9d       data     extern E:\c18v3.46\pic18-lt\cxx-framework\src\traditional\proc\p18f452.asm
                     PIR1   0x000f9e       data     extern E:\c18v3.46\pic18-lt\cxx-framework\src\traditional\proc\p18f452.asm
                 PIR1bits   0x000f9e       data     extern E:\c18v3.46\pic18-lt\cxx-framework\src\traditional\proc\p18f452.asm
                 IPR1bits   0x000f9f       data     extern E:\c18v3.46\pic18-lt\cxx-framework\src\traditional\proc\p18f452.asm
                     IPR1   0x000f9f       data     extern E:\c18v3.46\pic18-lt\cxx-framework\src\traditional\proc\p18f452.asm
                     PIE2   0x000fa0       data     extern E:\c18v3.46\pic18-lt\cxx-framework\src\traditional\proc\p18f452.asm
                 PIE2bits   0x000fa0       data     extern E:\c18v3.46\pic18-lt\cxx-framework\src\traditional\proc\p18f452.asm
                     PIR2   0x000fa1       data     extern E:\c18v3.46\pic18-lt\cxx-framework\src\traditional\proc\p18f452.asm
                 PIR2bits   0x000fa1       data     extern E:\c18v3.46\pic18-lt\cxx-framework\src\traditional\proc\p18f452.asm
                 IPR2bits   0x000fa2       data     extern E:\c18v3.46\pic18-lt\cxx-framework\src\traditional\proc\p18f452.asm
                     IPR2   0x000fa2       data     extern E:\c18v3.46\pic18-lt\cxx-framework\src\traditional\proc\p18f452.asm
                   EECON1   0x000fa6       data     extern E:\c18v3.46\pic18-lt\cxx-framework\src\traditional\proc\p18f452.asm
               EECON1bits   0x000fa6       data     extern E:\c18v3.46\pic18-lt\cxx-framework\src\traditional\proc\p18f452.asm
                   EECON2   0x000fa7       data     extern E:\c18v3.46\pic18-lt\cxx-framework\src\traditional\proc\p18f452.asm
                   EEDATA   0x000fa8       data     extern E:\c18v3.46\pic18-lt\cxx-framework\src\traditional\proc\p18f452.asm
                    EEADR   0x000fa9       data     extern E:\c18v3.46\pic18-lt\cxx-framework\src\traditional\proc\p18f452.asm
                    RCSTA   0x000fab       data     extern E:\c18v3.46\pic18-lt\cxx-framework\src\traditional\proc\p18f452.asm
                RCSTAbits   0x000fab       data     extern E:\c18v3.46\pic18-lt\cxx-framework\src\traditional\proc\p18f452.asm
                TXSTAbits   0x000fac       data     extern E:\c18v3.46\pic18-lt\cxx-framework\src\traditional\proc\p18f452.asm
                    TXSTA   0x000fac       data     extern E:\c18v3.46\pic18-lt\cxx-framework\src\traditional\proc\p18f452.asm
                    TXREG   0x000fad       data     extern E:\c18v3.46\pic18-lt\cxx-framework\src\traditional\proc\p18f452.asm
                    RCREG   0x000fae       data     extern E:\c18v3.46\pic18-lt\cxx-framework\src\traditional\proc\p18f452.asm
                    SPBRG   0x000faf       data     extern E:\c18v3.46\pic18-lt\cxx-framework\src\traditional\proc\p18f452.asm
                T3CONbits   0x000fb1       data     extern E:\c18v3.46\pic18-lt\cxx-framework\src\traditional\proc\p18f452.asm
                    T3CON   0x000fb1       data     extern E:\c18v3.46\pic18-lt\cxx-framework\src\traditional\proc\p18f452.asm
                    TMR3L   0x000fb2       data     extern E:\c18v3.46\pic18-lt\cxx-framework\src\traditional\proc\p18f452.asm
                    TMR3H   0x000fb3       data     extern E:\c18v3.46\pic18-lt\cxx-framework\src\traditional\proc\p18f452.asm
                  CCP2CON   0x000fba       data     extern E:\c18v3.46\pic18-lt\cxx-framework\src\traditional\proc\p18f452.asm
              CCP2CONbits   0x000fba       data     extern E:\c18v3.46\pic18-lt\cxx-framework\src\traditional\proc\p18f452.asm
                   CCPR2L   0x000fbb       data     extern E:\c18v3.46\pic18-lt\cxx-framework\src\traditional\proc\p18f452.asm
                    CCPR2   0x000fbb       data     extern E:\c18v3.46\pic18-lt\cxx-framework\src\traditional\proc\p18f452.asm
                   CCPR2H   0x000fbc       data     extern E:\c18v3.46\pic18-lt\cxx-framework\src\traditional\proc\p18f452.asm
                  CCP1CON   0x000fbd       data     extern E:\c18v3.46\pic18-lt\cxx-framework\src\traditional\proc\p18f452.asm
              CCP1CONbits   0x000fbd       data     extern E:\c18v3.46\pic18-lt\cxx-framework\src\traditional\proc\p18f452.asm
                    CCPR1   0x000fbe       data     extern E:\c18v3.46\pic18-lt\cxx-framework\src\traditional\proc\p18f452.asm
                   CCPR1L   0x000fbe       data     extern E:\c18v3.46\pic18-lt\cxx-framework\src\traditional\proc\p18f452.asm
                   CCPR1H   0x000fbf       data     extern E:\c18v3.46\pic18-lt\cxx-framework\src\traditional\proc\p18f452.asm
                   ADCON1   0x000fc1       data     extern E:\c18v3.46\pic18-lt\cxx-framework\src\traditional\proc\p18f452.asm
               ADCON1bits   0x000fc1       data     extern E:\c18v3.46\pic18-lt\cxx-framework\src\traditional\proc\p18f452.asm
                   ADCON0   0x000fc2       data     extern E:\c18v3.46\pic18-lt\cxx-framework\src\traditional\proc\p18f452.asm
               ADCON0bits   0x000fc2       data     extern E:\c18v3.46\pic18-lt\cxx-framework\src\traditional\proc\p18f452.asm
                    ADRES   0x000fc3       data     extern E:\c18v3.46\pic18-lt\cxx-framework\src\traditional\proc\p18f452.asm
                   ADRESL   0x000fc3       data     extern E:\c18v3.46\pic18-lt\cxx-framework\src\traditional\proc\p18f452.asm
                   ADRESH   0x000fc4       data     extern E:\c18v3.46\pic18-lt\cxx-framework\src\traditional\proc\p18f452.asm
                  SSPCON2   0x000fc5       data     extern E:\c18v3.46\pic18-lt\cxx-framework\src\traditional\proc\p18f452.asm
              SSPCON2bits   0x000fc5       data     extern E:\c18v3.46\pic18-lt\cxx-framework\src\traditional\proc\p18f452.asm
                  SSPCON1   0x000fc6       data     extern E:\c18v3.46\pic18-lt\cxx-framework\src\traditional\proc\p18f452.asm
              SSPCON1bits   0x000fc6       data     extern E:\c18v3.46\pic18-lt\cxx-framework\src\traditional\proc\p18f452.asm
                  SSPSTAT   0x000fc7       data     extern E:\c18v3.46\pic18-lt\cxx-framework\src\traditional\proc\p18f452.asm
              SSPSTATbits   0x000fc7       data     extern E:\c18v3.46\pic18-lt\cxx-framework\src\traditional\proc\p18f452.asm
                   SSPADD   0x000fc8       data     extern E:\c18v3.46\pic18-lt\cxx-framework\src\traditional\proc\p18f452.asm
                   SSPBUF   0x000fc9       data     extern E:\c18v3.46\pic18-lt\cxx-framework\src\traditional\proc\p18f452.asm
                T2CONbits   0x000fca       data     extern E:\c18v3.46\pic18-lt\cxx-framework\src\traditional\proc\p18f452.asm
                    T2CON   0x000fca       data     extern E:\c18v3.46\pic18-lt\cxx-framework\src\traditional\proc\p18f452.asm
                      PR2   0x000fcb       data     extern E:\c18v3.46\pic18-lt\cxx-framework\src\traditional\proc\p18f452.asm
                     TMR2   0x000fcc       data     extern E:\c18v3.46\pic18-lt\cxx-framework\src\traditional\proc\p18f452.asm
                T1CONbits   0x000fcd       data     extern E:\c18v3.46\pic18-lt\cxx-framework\src\traditional\proc\p18f452.asm
                    T1CON   0x000fcd       data     extern E:\c18v3.46\pic18-lt\cxx-framework\src\traditional\proc\p18f452.asm
                    TMR1L   0x000fce       data     extern E:\c18v3.46\pic18-lt\cxx-framework\src\traditional\proc\p18f452.asm
                    TMR1H   0x000fcf       data     extern E:\c18v3.46\pic18-lt\cxx-framework\src\traditional\proc\p18f452.asm
                     RCON   0x000fd0       data     extern E:\c18v3.46\pic18-lt\cxx-framework\src\traditional\proc\p18f452.asm
                 RCONbits   0x000fd0       data     extern E:\c18v3.46\pic18-lt\cxx-framework\src\traditional\proc\p18f452.asm
                   WDTCON   0x000fd1       data     extern E:\c18v3.46\pic18-lt\cxx-framework\src\traditional\proc\p18f452.asm
               WDTCONbits   0x000fd1       data     extern E:\c18v3.46\pic18-lt\cxx-framework\src\traditional\proc\p18f452.asm
               LVDCONbits   0x000fd2       data     extern E:\c18v3.46\pic18-lt\cxx-framework\src\traditional\proc\p18f452.asm
                   LVDCON   0x000fd2       data     extern E:\c18v3.46\pic18-lt\cxx-framework\src\traditional\proc\p18f452.asm
               OSCCONbits   0x000fd3       data     extern E:\c18v3.46\pic18-lt\cxx-framework\src\traditional\proc\p18f452.asm
                   OSCCON   0x000fd3       data     extern E:\c18v3.46\pic18-lt\cxx-framework\src\traditional\proc\p18f452.asm
                    T0CON   0x000fd5       data     extern E:\c18v3.46\pic18-lt\cxx-framework\src\traditional\proc\p18f452.asm
                T0CONbits   0x000fd5       data     extern E:\c18v3.46\pic18-lt\cxx-framework\src\traditional\proc\p18f452.asm
                    TMR0L   0x000fd6       data     extern E:\c18v3.46\pic18-lt\cxx-framework\src\traditional\proc\p18f452.asm
                    TMR0H   0x000fd7       data     extern E:\c18v3.46\pic18-lt\cxx-framework\src\traditional\proc\p18f452.asm
               STATUSbits   0x000fd8       data     extern E:\c18v3.46\pic18-lt\cxx-framework\src\traditional\proc\p18f452.asm
                   STATUS   0x000fd8       data     extern E:\c18v3.46\pic18-lt\cxx-framework\src\traditional\proc\p18f452.asm
                    FSR2L   0x000fd9       data     extern E:\c18v3.46\pic18-lt\cxx-framework\src\traditional\proc\p18f452.asm
                     FSR2   0x000fd9       data     extern E:\c18v3.46\pic18-lt\cxx-framework\src\traditional\proc\p18f452.asm
                    FSR2H   0x000fda       data     extern E:\c18v3.46\pic18-lt\cxx-framework\src\traditional\proc\p18f452.asm
                   PLUSW2   0x000fdb       data     extern E:\c18v3.46\pic18-lt\cxx-framework\src\traditional\proc\p18f452.asm
                  PREINC2   0x000fdc       data     extern E:\c18v3.46\pic18-lt\cxx-framework\src\traditional\proc\p18f452.asm
                 POSTDEC2   0x000fdd       data     extern E:\c18v3.46\pic18-lt\cxx-framework\src\traditional\proc\p18f452.asm
                 POSTINC2   0x000fde       data     extern E:\c18v3.46\pic18-lt\cxx-framework\src\traditional\proc\p18f452.asm
                    INDF2   0x000fdf       data     extern E:\c18v3.46\pic18-lt\cxx-framework\src\traditional\proc\p18f452.asm
                      BSR   0x000fe0       data     extern E:\c18v3.46\pic18-lt\cxx-framework\src\traditional\proc\p18f452.asm
                    FSR1L   0x000fe1       data     extern E:\c18v3.46\pic18-lt\cxx-framework\src\traditional\proc\p18f452.asm
                     FSR1   0x000fe1       data     extern E:\c18v3.46\pic18-lt\cxx-framework\src\traditional\proc\p18f452.asm
                    FSR1H   0x000fe2       data     extern E:\c18v3.46\pic18-lt\cxx-framework\src\traditional\proc\p18f452.asm
                   PLUSW1   0x000fe3       data     extern E:\c18v3.46\pic18-lt\cxx-framework\src\traditional\proc\p18f452.asm
                  PREINC1   0x000fe4       data     extern E:\c18v3.46\pic18-lt\cxx-framework\src\traditional\proc\p18f452.asm
                 POSTDEC1   0x000fe5       data     extern E:\c18v3.46\pic18-lt\cxx-framework\src\traditional\proc\p18f452.asm
                 POSTINC1   0x000fe6       data     extern E:\c18v3.46\pic18-lt\cxx-framework\src\traditional\proc\p18f452.asm
                    INDF1   0x000fe7       data     extern E:\c18v3.46\pic18-lt\cxx-framework\src\traditional\proc\p18f452.asm
                     WREG   0x000fe8       data     extern E:\c18v3.46\pic18-lt\cxx-framework\src\traditional\proc\p18f452.asm
                        W   0x000fe8       data     extern E:\c18v3.46\pic18-lt\cxx-framework\src\traditional\proc\p18f452.asm
                     FSR0   0x000fe9       data     extern E:\c18v3.46\pic18-lt\cxx-framework\src\traditional\proc\p18f452.asm
                    FSR0L   0x000fe9       data     extern E:\c18v3.46\pic18-lt\cxx-framework\src\traditional\proc\p18f452.asm
                    FSR0H   0x000fea       data     extern E:\c18v3.46\pic18-lt\cxx-framework\src\traditional\proc\p18f452.asm
                   PLUSW0   0x000feb       data     extern E:\c18v3.46\pic18-lt\cxx-framework\src\traditional\proc\p18f452.asm
                  PREINC0   0x000fec       data     extern E:\c18v3.46\pic18-lt\cxx-framework\src\traditional\proc\p18f452.asm
                 POSTDEC0   0x000fed       data     extern E:\c18v3.46\pic18-lt\cxx-framework\src\traditional\proc\p18f452.asm
                 POSTINC0   0x000fee       data     extern E:\c18v3.46\pic18-lt\cxx-framework\src\traditional\proc\p18f452.asm
                    INDF0   0x000fef       data     extern E:\c18v3.46\pic18-lt\cxx-framework\src\traditional\proc\p18f452.asm
              INTCON3bits   0x000ff0       data     extern E:\c18v3.46\pic18-lt\cxx-framework\src\traditional\proc\p18f452.asm
                  INTCON3   0x000ff0       data     extern E:\c18v3.46\pic18-lt\cxx-framework\src\traditional\proc\p18f452.asm
              INTCON2bits   0x000ff1       data     extern E:\c18v3.46\pic18-lt\cxx-framework\src\traditional\proc\p18f452.asm
                  INTCON2   0x000ff1       data     extern E:\c18v3.46\pic18-lt\cxx-framework\src\traditional\proc\p18f452.asm
               INTCONbits   0x000ff2       data     extern E:\c18v3.46\pic18-lt\cxx-framework\src\traditional\proc\p18f452.asm
              INTCON1bits   0x000ff2       data     extern E:\c18v3.46\pic18-lt\cxx-framework\src\traditional\proc\p18f452.asm
                  INTCON1   0x000ff2       data     extern E:\c18v3.46\pic18-lt\cxx-framework\src\traditional\proc\p18f452.asm
                   INTCON   0x000ff2       data     extern E:\c18v3.46\pic18-lt\cxx-framework\src\traditional\proc\p18f452.asm
                     PROD   0x000ff3       data     extern E:\c18v3.46\pic18-lt\cxx-framework\src\traditional\proc\p18f452.asm
                    PRODL   0x000ff3       data     extern E:\c18v3.46\pic18-lt\cxx-framework\src\traditional\proc\p18f452.asm
                    PRODH   0x000ff4       data     extern E:\c18v3.46\pic18-lt\cxx-framework\src\traditional\proc\p18f452.asm
                   TABLAT   0x000ff5       data     extern E:\c18v3.46\pic18-lt\cxx-framework\src\traditional\proc\p18f452.asm
                  TBLPTRL   0x000ff6       data     extern E:\c18v3.46\pic18-lt\cxx-framework\src\traditional\proc\p18f452.asm
                   TBLPTR   0x000ff6       data     extern E:\c18v3.46\pic18-lt\cxx-framework\src\traditional\proc\p18f452.asm
                  TBLPTRH   0x000ff7       data     extern E:\c18v3.46\pic18-lt\cxx-framework\src\traditional\proc\p18f452.asm
                  TBLPTRU   0x000ff8       data     extern E:\c18v3.46\pic18-lt\cxx-framework\src\traditional\proc\p18f452.asm
                      PCL   0x000ff9       data     extern E:\c18v3.46\pic18-lt\cxx-framework\src\traditional\proc\p18f452.asm
                       PC   0x000ff9       data     extern E:\c18v3.46\pic18-lt\cxx-framework\src\traditional\proc\p18f452.asm
                   PCLATH   0x000ffa       data     extern E:\c18v3.46\pic18-lt\cxx-framework\src\traditional\proc\p18f452.asm
                   PCLATU   0x000ffb       data     extern E:\c18v3.46\pic18-lt\cxx-framework\src\traditional\proc\p18f452.asm
                   STKPTR   0x000ffc       data     extern E:\c18v3.46\pic18-lt\cxx-framework\src\traditional\proc\p18f452.asm
               STKPTRbits   0x000ffc       data     extern E:\c18v3.46\pic18-lt\cxx-framework\src\traditional\proc\p18f452.asm
                      TOS   0x000ffd       data     extern E:\c18v3.46\pic18-lt\cxx-framework\src\traditional\proc\p18f452.asm
                     TOSL   0x000ffd       data     extern E:\c18v3.46\pic18-lt\cxx-framework\src\traditional\proc\p18f452.asm
                     TOSH   0x000ffe       data     extern E:\c18v3.46\pic18-lt\cxx-framework\src\traditional\proc\p18f452.asm
                     TOSU   0x000fff       data     extern E:\c18v3.46\pic18-lt\cxx-framework\src\traditional\proc\p18f452.asm


