MPLINK 4.48, Linker
Linker Map File - Created Thu Nov 01 02:03:44 2018

                                 Section Info
                  Section       Type    Address   Location Size(Bytes)
                ---------  ---------  ---------  ---------  ---------
               _entry_scn       code   0x000000    program   0x000006
   .code_set_mode_weigh.o       code   0x000006    program   0x000002
                  highISR       code   0x000008    program   0x000006
           .code___init.o       code   0x00000e    program   0x000002
  .romdata_basic_serial.o    romdata   0x000010    program   0x000000
      .romdata_PackMath.o    romdata   0x000010    program   0x000000
.idata_set_mode_weigh.o_i    romdata   0x000010    program   0x000000
.romdata_set_mode_weigh.o    romdata   0x000010    program   0x000000
.idata_set_mode_count.o_i    romdata   0x000010    program   0x000000
.romdata_set_mode_count.o    romdata   0x000010    program   0x000000
         .romdata_fchop.o    romdata   0x000010    program   0x000000
         .idata_fchop.o_i    romdata   0x000010    program   0x000000
  .romdata_factory_mode.o    romdata   0x000010    program   0x000000
          .romdata_ceil.o    romdata   0x000010    program   0x000000
          .idata_ceil.o_i    romdata   0x000010    program   0x000000
.romdata_function_manager.o    romdata   0x000010    program   0x000000
 .idata_weight_filter.o_i    romdata   0x000010    program   0x000000
 .romdata_weight_filter.o    romdata   0x000010    program   0x000000
        .romdata___init.o    romdata   0x000010    program   0x000000
      .romdata_fxd3232u.o    romdata   0x000010    program   0x000000
.romdata_set_mode_count_serial.o    romdata   0x000010    program   0x000000
      .idata_fxd3232u.o_i    romdata   0x000010    program   0x000000
.idata_mode_controller.o_i    romdata   0x000010    program   0x000000
.romdata_mode_controller.o    romdata   0x000010    program   0x000000
      .romdata_fxd1616u.o    romdata   0x000010    program   0x000000
      .idata_fxd1616u.o_i    romdata   0x000010    program   0x000000
         .idata_c018i.o_i    romdata   0x000010    program   0x000000
         .romdata_c018i.o    romdata   0x000010    program   0x000000
           .romdata_log.o    romdata   0x000010    program   0x000000
           .idata_log.o_i    romdata   0x000010    program   0x000000
         .romdata_ldexp.o    romdata   0x000010    program   0x000000
          .romdata_main.o    romdata   0x000010    program   0x000000
         .idata_ldexp.o_i    romdata   0x000010    program   0x000000
             .stringtable    romdata   0x000010    program   0x000000
         .romdata_frexp.o    romdata   0x000010    program   0x000000
         .idata_frexp.o_i    romdata   0x000010    program   0x000000
          .romdata_fabs.o    romdata   0x000010    program   0x000000
          .idata_fabs.o_i    romdata   0x000010    program   0x000000
           .romdata_exp.o    romdata   0x000010    program   0x000000
           .idata_exp.o_i    romdata   0x000010    program   0x000000
           .romdata_pow.o    romdata   0x000010    program   0x000000
           .idata_pow.o_i    romdata   0x000010    program   0x000000
         .romdata_floor.o    romdata   0x000010    program   0x000000
         .idata_floor.o_i    romdata   0x000010    program   0x000000
         .romdata_errno.o    romdata   0x000010    program   0x000000
         .idata_errno.o_i    romdata   0x000010    program   0x000000
     .romdata_basic_lcd.o    romdata   0x000010    program   0x000000
      .romdata_UnpkMath.o    romdata   0x000010    program   0x000000
  .idata_basic_serial.o_i    romdata   0x000010    program   0x000008
                   lowISR       code   0x000018    program   0x000472
                   .cinit    romdata   0x00048a    program   0x00003e
              .code_pow.o       code   0x0004c8    program   0x000b1e
.code_set_mode_count_serial.o       code   0x000fe6    program   0x0008f8
                     PROG       code   0x0018de    program   0x00069a
 .code_function_manager.o       code   0x001f78    program   0x0005cc
              .code_exp.o       code   0x002544    program   0x0005c6
              .code_log.o       code   0x002b0a    program   0x0004fa
        .code_basic_lcd.o       code   0x003004    program   0x0003a2
     .code_factory_mode.o       code   0x0033a6    program   0x000344
            .code_fchop.o       code   0x0036ea    program   0x000292
  .code_mode_controller.o       code   0x00397c    program   0x00025c
    .code_weight_filter.o       code   0x003bd8    program   0x0001c6
     .code_basic_serial.o       code   0x003d9e    program   0x000186
            .code_ldexp.o       code   0x003f24    program   0x000138
            .code_frexp.o       code   0x00405c    program   0x000124
         .code_UnpkMath.o       code   0x004180    program   0x00011c
         .code_PackMath.o       code   0x00429c    program   0x00011a
            .code_floor.o       code   0x0043b6    program   0x000110
             .code_ceil.o       code   0x0044c6    program   0x000110
               _cinit_scn       code   0x0045d6    program   0x00009e
   .code_set_mode_count.o       code   0x004674    program   0x000080
             .code_fabs.o       code   0x0046f4    program   0x000066
                   STRING       code   0x00475a    program   0x00005c
         .code_fxd3232u.o       code   0x0047b6    program   0x000048
         .code_fxd1616u.o       code   0x0047fe    program   0x00002c
                    .code       code   0x00482a    program   0x000020
             _startup_scn       code   0x00484a    program   0x00001c
.idata_set_mode_count_serial.o_i    romdata   0x004866    program   0x000093
          .idata_main.o_i    romdata   0x0048f9    program   0x00003f
.idata_function_manager.o_i    romdata   0x004938    program   0x0000fe
  .idata_factory_mode.o_i    romdata   0x004a36    program   0x0000e9
        .idata___init.o_i    romdata   0x004b1f    program   0x000000
     .idata_basic_lcd.o_i    romdata   0x004b1f    program   0x000000
      .idata_UnpkMath.o_i    romdata   0x004b1f    program   0x000000
      .idata_PackMath.o_i    romdata   0x004b1f    program   0x000000
            .code_c018i.o       code   0x004b20    program   0x000000
             .code_main.o       code   0x004b20    program   0x000000
            .code_errno.o       code   0x004b20    program   0x000000
    .config_300001_main.o    romdata   0x300001    program   0x000001
    .config_300002_main.o    romdata   0x300002    program   0x000001
    .config_300003_main.o    romdata   0x300003    program   0x000001
    .config_300005_main.o    romdata   0x300005    program   0x000001
    .config_300006_main.o    romdata   0x300006    program   0x000001
    .config_300008_main.o    romdata   0x300008    program   0x000001
    .config_300009_main.o    romdata   0x300009    program   0x000001
    .config_30000a_main.o    romdata   0x30000a    program   0x000001
    .config_30000b_main.o    romdata   0x30000b    program   0x000001
    .config_30000c_main.o    romdata   0x30000c    program   0x000001
    .config_30000d_main.o    romdata   0x30000d    program   0x000001
                 .tmpdata      udata   0x000000       data   0x000020
                MATH_DATA      udata   0x000020       data   0x000014
      highPriorityISR_tmp      udata   0x000034       data   0x000002
            .idata_main.o      idata   0x000080       data   0x00003f
            .udata_main.o      udata   0x0000bf       data   0x000029
.idata_function_manager.o      idata   0x000100       data   0x0000fe
    .udata_factory_mode.o      udata   0x0001fe       data   0x000002
    .idata_factory_mode.o      idata   0x000200       data   0x0000e9
           .udata_c018i.o      udata   0x0002e9       data   0x00000a
    .idata_basic_serial.o      idata   0x0002f3       data   0x000008
           .udata_errno.o      udata   0x0002fb       data   0x000002
            .idata_ceil.o      idata   0x0002fd       data   0x000000
           .udata_fchop.o      udata   0x0002fd       data   0x000000
           .idata_fchop.o      idata   0x0002fd       data   0x000000
        .udata_PackMath.o      udata   0x0002fd       data   0x000000
        .idata_PackMath.o      idata   0x0002fd       data   0x000000
        .udata_UnpkMath.o      udata   0x0002fd       data   0x000000
        .idata_UnpkMath.o      idata   0x0002fd       data   0x000000
           .idata_errno.o      idata   0x0002fd       data   0x000000
           .udata_floor.o      udata   0x0002fd       data   0x000000
           .idata_floor.o      idata   0x0002fd       data   0x000000
             .udata_pow.o      udata   0x0002fd       data   0x000000
             .idata_pow.o      idata   0x0002fd       data   0x000000
             .udata_exp.o      udata   0x0002fd       data   0x000000
             .idata_exp.o      idata   0x0002fd       data   0x000000
             .idata_log.o      idata   0x0002fd       data   0x000000
             .udata_log.o      udata   0x0002fd       data   0x000000
            .udata_fabs.o      udata   0x0002fd       data   0x000000
            .idata_fabs.o      idata   0x0002fd       data   0x000000
           .udata_frexp.o      udata   0x0002fd       data   0x000000
           .idata_frexp.o      idata   0x0002fd       data   0x000000
           .udata_ldexp.o      udata   0x0002fd       data   0x000000
           .idata_ldexp.o      idata   0x0002fd       data   0x000000
           .idata_c018i.o      idata   0x0002fd       data   0x000000
       .udata_basic_lcd.o      udata   0x0002fd       data   0x000000
       .idata_basic_lcd.o      idata   0x0002fd       data   0x000000
  .udata_set_mode_weigh.o      udata   0x0002fd       data   0x000000
  .idata_set_mode_weigh.o      idata   0x0002fd       data   0x000000
  .udata_set_mode_count.o      udata   0x0002fd       data   0x000000
  .idata_set_mode_count.o      idata   0x0002fd       data   0x000000
.udata_function_manager.o      udata   0x0002fd       data   0x000000
   .udata_weight_filter.o      udata   0x0002fd       data   0x000000
   .idata_weight_filter.o      idata   0x0002fd       data   0x000000
.udata_set_mode_count_serial.o      udata   0x0002fd       data   0x000000
 .udata_mode_controller.o      udata   0x0002fd       data   0x000000
 .idata_mode_controller.o      idata   0x0002fd       data   0x000000
        .udata_fxd1616u.o      udata   0x0002fd       data   0x000000
        .idata_fxd1616u.o      idata   0x0002fd       data   0x000000
        .udata_fxd3232u.o      udata   0x0002fd       data   0x000000
        .idata_fxd3232u.o      idata   0x0002fd       data   0x000000
          .udata___init.o      udata   0x0002fd       data   0x000000
          .idata___init.o      idata   0x0002fd       data   0x000000
            .udata_ceil.o      udata   0x0002fd       data   0x000000
.idata_set_mode_count_serial.o      idata   0x000300       data   0x000093
    .udata_basic_serial.o      udata   0x000393       data   0x000067
                   .stack      udata   0x000500       data   0x000100
            SFR_UNBANKED0      udata   0x000f80       data   0x000080



                              Program Memory Usage 
                               Start         End      
                           ---------   ---------      
                            0x000000    0x004b1e      
                            0x300001    0x300003      
                            0x300005    0x300006      
                            0x300008    0x30000d      
            19242 out of 33048 program addresses used, program memory utilization is 58%



                              Symbols - Sorted by Name
                     Name    Address   Location    Storage File                     
                ---------  ---------  ---------  --------- ---------                
                   AdInit   0x00045a    program     extern C:\Users\Aspen\OneDrive\2018\Semester 2\MTRX3700-Major\Git\Scales-Assignment\seven_b_4520.X\main.c
                   D1616S   0x001bd8    program     static E:\c18v3.46\pic18-lt\cxx-framework\src\traditional\math\fxd1616s.asm
                D1616SNEG   0x001be6    program     static E:\c18v3.46\pic18-lt\cxx-framework\src\traditional\math\fxd1616s.asm
                 D1616SOK   0x001be2    program     static E:\c18v3.46\pic18-lt\cxx-framework\src\traditional\math\fxd1616s.asm
                  D1616SX   0x001bf8    program     static E:\c18v3.46\pic18-lt\cxx-framework\src\traditional\math\fxd1616s.asm
                   D3232S   0x001c32    program     static E:\c18v3.46\pic18-lt\cxx-framework\src\traditional\math\fxd3232s.asm
                D3232SNEG   0x001c40    program     static E:\c18v3.46\pic18-lt\cxx-framework\src\traditional\math\fxd3232s.asm
                 D3232SOK   0x001c3c    program     static E:\c18v3.46\pic18-lt\cxx-framework\src\traditional\math\fxd3232s.asm
                  D3232SX   0x001c60    program     static E:\c18v3.46\pic18-lt\cxx-framework\src\traditional\math\fxd3232s.asm
                  DA1616S   0x001bc8    program     static E:\c18v3.46\pic18-lt\cxx-framework\src\traditional\math\fxd1616s.asm
                  DA3232S   0x001c1c    program     static E:\c18v3.46\pic18-lt\cxx-framework\src\traditional\math\fxd3232s.asm
                 FLO1632S   0x0018e2    program     extern E:\c18v3.46\pic18-lt\cxx-framework\src\traditional\math\cast16FP.asm
                 FLO1632U   0x0018de    program     extern E:\c18v3.46\pic18-lt\cxx-framework\src\traditional\math\cast16FP.asm
                    FPA32   0x001a8a    program     extern E:\c18v3.46\pic18-lt\cxx-framework\src\traditional\math\addFP.asm
                    FPD32   0x001908    program     extern E:\c18v3.46\pic18-lt\cxx-framework\src\traditional\math\divFP.asm
                    FPM32   0x0019ae    program     extern E:\c18v3.46\pic18-lt\cxx-framework\src\traditional\math\mulFP.asm
                    FPS32   0x001a88    program     extern E:\c18v3.46\pic18-lt\cxx-framework\src\traditional\math\addFP.asm
                 FXD1616S   0x001bb6    program     extern E:\c18v3.46\pic18-lt\cxx-framework\src\traditional\math\fxd1616s.asm
                 FXD1616U   0x0047fe    program     extern E:\c18v3.46\pic18-lt\cxx-framework\src\traditional\math\fxd1616u.c
                 FXD3232S   0x001c02    program     extern E:\c18v3.46\pic18-lt\cxx-framework\src\traditional\math\fxd3232s.asm
                 FXD3232U   0x0047b6    program     extern E:\c18v3.46\pic18-lt\cxx-framework\src\traditional\math\fxd3232u.c
                 FXM1616S   0x001c6a    program     extern E:\c18v3.46\pic18-lt\cxx-framework\src\traditional\math\fxm1616s.asm
                  INT3216   0x001cc4    program     extern E:\c18v3.46\pic18-lt\cxx-framework\src\traditional\math\castFP16.asm
                  INT3232   0x001eea    program     extern E:\c18v3.46\pic18-lt\cxx-framework\src\traditional\math\castFP32.asm
                  LCDInit   0x0031ac    program     extern C:\Users\Aspen\OneDrive\2018\Semester 2\MTRX3700-Major\Git\Scales-Assignment\seven_b_4520.X\basic_lcd.c
           SET_MODE_COUNT   0x004674    program     extern C:\Users\Aspen\OneDrive\2018\Semester 2\MTRX3700-Major\Git\Scales-Assignment\seven_b_4520.X\set_mode_count.c
           SET_MODE_WEIGH   0x000006    program     extern C:\Users\Aspen\OneDrive\2018\Semester 2\MTRX3700-Major\Git\Scales-Assignment\seven_b_4520.X\set_mode_weigh.c
                  TAEQB32   0x001f58    program     extern E:\c18v3.46\pic18-lt\cxx-framework\src\traditional\math\eqFP.asm
                  TAGTB32   0x001d22    program     extern E:\c18v3.46\pic18-lt\cxx-framework\src\traditional\math\gtFP.asm
                  TALTB32   0x001f66    program     extern E:\c18v3.46\pic18-lt\cxx-framework\src\traditional\math\ltFP.asm
               TSIGN1616A   0x001cb6    program     static E:\c18v3.46\pic18-lt\cxx-framework\src\traditional\math\fxm1616s.asm
                _PackMath   0x00429c    program     extern E:\c18v3.46\pic18-lt\cxx-framework\src\traditional\stdclib\PackMath.c
                _UnpkMath   0x004180    program     extern E:\c18v3.46\pic18-lt\cxx-framework\src\traditional\stdclib\UnpkMath.c
              __FpCompare   0x001d34    program     extern E:\c18v3.46\pic18-lt\cxx-framework\src\traditional\math\compFP.asm
                 __FpExit   0x001dea    program     extern E:\c18v3.46\pic18-lt\cxx-framework\src\traditional\math\packFP.asm
                 __FpPack   0x001e16    program     extern E:\c18v3.46\pic18-lt\cxx-framework\src\traditional\math\packFP.asm
            __FpReturnNaN   0x001dde    program     extern E:\c18v3.46\pic18-lt\cxx-framework\src\traditional\math\packFP.asm
         __FpReturnNegInf   0x001df0    program     extern E:\c18v3.46\pic18-lt\cxx-framework\src\traditional\math\packFP.asm
        __FpReturnNegZero   0x001e08    program     extern E:\c18v3.46\pic18-lt\cxx-framework\src\traditional\math\packFP.asm
         __FpReturnPosInf   0x001df6    program     extern E:\c18v3.46\pic18-lt\cxx-framework\src\traditional\math\packFP.asm
        __FpReturnPosZero   0x001e10    program     extern E:\c18v3.46\pic18-lt\cxx-framework\src\traditional\math\packFP.asm
        __FpReturnSignInf   0x001dec    program     extern E:\c18v3.46\pic18-lt\cxx-framework\src\traditional\math\packFP.asm
       __FpReturnSignZero   0x001e04    program     extern E:\c18v3.46\pic18-lt\cxx-framework\src\traditional\math\packFP.asm
              __FpReturnW   0x001e6e    program     extern E:\c18v3.46\pic18-lt\cxx-framework\src\traditional\math\packFP.asm
              __FpUnPackA   0x001e8e    program     extern E:\c18v3.46\pic18-lt\cxx-framework\src\traditional\math\UnpackFP.asm
              __FpUnPackB   0x001ebe    program     extern E:\c18v3.46\pic18-lt\cxx-framework\src\traditional\math\UnpackFP.asm
          ___for_lbl00011   0x0031f6    program     static                          
          ___for_lbl00012   0x003200    program     static                          
          ___for_lbl00013   0x0031dc    program     static                          
       ___return_lbl00000   0x0047fc    program     static                          
       ___return_lbl00000   0x000004    program     static                          
       ___return_lbl00000   0x004828    program     static                          
       ___return_lbl00000   0x00000c    program     static                          
       ___return_lbl00001   0x004864    program     static                          
       ___return_lbl00001   0x00001c    program     static                          
       ___return_lbl00002   0x004672    program     static                          
       ___return_lbl00010   0x003264    program     static                          
       ___return_lbl00014   0x0032e0    program     static                          
       ___return_lbl00017   0x00330c    program     static                          
       ___return_lbl00021   0x000488    program     static                          
       ___return_lbl00023   0x00338e    program     static                          
        ___while_lbl00015   0x0032aa    program     static                          
        ___while_lbl00016   0x0032e0    program     static                          
               __config_0   0x300001    program     static C:\Users\Aspen\OneDrive\2018\Semester 2\MTRX3700-Major\Git\Scales-Assignment\seven_b_4520.X\main.c
               __config_1   0x300002    program     static C:\Users\Aspen\OneDrive\2018\Semester 2\MTRX3700-Major\Git\Scales-Assignment\seven_b_4520.X\main.c
              __config_10   0x30000d    program     static C:\Users\Aspen\OneDrive\2018\Semester 2\MTRX3700-Major\Git\Scales-Assignment\seven_b_4520.X\main.c
               __config_2   0x300003    program     static C:\Users\Aspen\OneDrive\2018\Semester 2\MTRX3700-Major\Git\Scales-Assignment\seven_b_4520.X\main.c
               __config_3   0x300005    program     static C:\Users\Aspen\OneDrive\2018\Semester 2\MTRX3700-Major\Git\Scales-Assignment\seven_b_4520.X\main.c
               __config_4   0x300006    program     static C:\Users\Aspen\OneDrive\2018\Semester 2\MTRX3700-Major\Git\Scales-Assignment\seven_b_4520.X\main.c
               __config_5   0x300008    program     static C:\Users\Aspen\OneDrive\2018\Semester 2\MTRX3700-Major\Git\Scales-Assignment\seven_b_4520.X\main.c
               __config_6   0x300009    program     static C:\Users\Aspen\OneDrive\2018\Semester 2\MTRX3700-Major\Git\Scales-Assignment\seven_b_4520.X\main.c
               __config_7   0x30000a    program     static C:\Users\Aspen\OneDrive\2018\Semester 2\MTRX3700-Major\Git\Scales-Assignment\seven_b_4520.X\main.c
               __config_8   0x30000b    program     static C:\Users\Aspen\OneDrive\2018\Semester 2\MTRX3700-Major\Git\Scales-Assignment\seven_b_4520.X\main.c
               __config_9   0x30000c    program     static C:\Users\Aspen\OneDrive\2018\Semester 2\MTRX3700-Major\Git\Scales-Assignment\seven_b_4520.X\main.c
                   __init   0x00000e    program     extern E:\c18v3.46\pic18-lt\cxx-framework\src\traditional\stdclib\__init.c
                   __pa_0   0x004164    program     static E:\c18v3.46\pic18-lt\cxx-framework\src\traditional\stdclib\frexp.c
                   __pa_0   0x004052    program     static E:\c18v3.46\pic18-lt\cxx-framework\src\traditional\stdclib\ldexp.c
                   __pa_0   0x002ed0    program     static E:\c18v3.46\pic18-lt\cxx-framework\src\traditional\stdclib\log.c
                   __pa_0   0x000cf0    program     static E:\c18v3.46\pic18-lt\cxx-framework\src\traditional\stdclib\pow.c
                   __pa_0   0x0029d4    program     static E:\c18v3.46\pic18-lt\cxx-framework\src\traditional\stdclib\exp.c
                   __pa_0   0x003964    program     static E:\c18v3.46\pic18-lt\cxx-framework\src\traditional\stdclib\fchop.c
                   __pa_0   0x00428e    program     static E:\c18v3.46\pic18-lt\cxx-framework\src\traditional\stdclib\UnpkMath.c
                   __pa_0   0x004364    program     static E:\c18v3.46\pic18-lt\cxx-framework\src\traditional\stdclib\PackMath.c
                   __pa_1   0x0029dc    program     static E:\c18v3.46\pic18-lt\cxx-framework\src\traditional\stdclib\exp.c
                   __pa_1   0x000d06    program     static E:\c18v3.46\pic18-lt\cxx-framework\src\traditional\stdclib\pow.c
                   __pa_1   0x004374    program     static E:\c18v3.46\pic18-lt\cxx-framework\src\traditional\stdclib\PackMath.c
                   __pa_1   0x00396e    program     static E:\c18v3.46\pic18-lt\cxx-framework\src\traditional\stdclib\fchop.c
                   __pa_1   0x004172    program     static E:\c18v3.46\pic18-lt\cxx-framework\src\traditional\stdclib\frexp.c
                   __pa_1   0x002edc    program     static E:\c18v3.46\pic18-lt\cxx-framework\src\traditional\stdclib\log.c
                  __pa_10   0x002aba    program     static E:\c18v3.46\pic18-lt\cxx-framework\src\traditional\stdclib\exp.c
                  __pa_10   0x000e00    program     static E:\c18v3.46\pic18-lt\cxx-framework\src\traditional\stdclib\pow.c
                  __pa_10   0x002f92    program     static E:\c18v3.46\pic18-lt\cxx-framework\src\traditional\stdclib\log.c
                  __pa_11   0x002acc    program     static E:\c18v3.46\pic18-lt\cxx-framework\src\traditional\stdclib\exp.c
                  __pa_11   0x000e26    program     static E:\c18v3.46\pic18-lt\cxx-framework\src\traditional\stdclib\pow.c
                  __pa_11   0x002f9a    program     static E:\c18v3.46\pic18-lt\cxx-framework\src\traditional\stdclib\log.c
                  __pa_12   0x000e38    program     static E:\c18v3.46\pic18-lt\cxx-framework\src\traditional\stdclib\pow.c
                  __pa_12   0x002ade    program     static E:\c18v3.46\pic18-lt\cxx-framework\src\traditional\stdclib\exp.c
                  __pa_12   0x002fac    program     static E:\c18v3.46\pic18-lt\cxx-framework\src\traditional\stdclib\log.c
                  __pa_13   0x000e4a    program     static E:\c18v3.46\pic18-lt\cxx-framework\src\traditional\stdclib\pow.c
                  __pa_13   0x002fc6    program     static E:\c18v3.46\pic18-lt\cxx-framework\src\traditional\stdclib\log.c
                  __pa_13   0x002aea    program     static E:\c18v3.46\pic18-lt\cxx-framework\src\traditional\stdclib\exp.c
                  __pa_14   0x000e54    program     static E:\c18v3.46\pic18-lt\cxx-framework\src\traditional\stdclib\pow.c
                  __pa_14   0x002af8    program     static E:\c18v3.46\pic18-lt\cxx-framework\src\traditional\stdclib\exp.c
                  __pa_14   0x002fd8    program     static E:\c18v3.46\pic18-lt\cxx-framework\src\traditional\stdclib\log.c
                  __pa_15   0x000e6e    program     static E:\c18v3.46\pic18-lt\cxx-framework\src\traditional\stdclib\pow.c
                  __pa_15   0x002fea    program     static E:\c18v3.46\pic18-lt\cxx-framework\src\traditional\stdclib\log.c
                  __pa_15   0x002b02    program     static E:\c18v3.46\pic18-lt\cxx-framework\src\traditional\stdclib\exp.c
                  __pa_16   0x000e86    program     static E:\c18v3.46\pic18-lt\cxx-framework\src\traditional\stdclib\pow.c
                  __pa_16   0x002ff6    program     static E:\c18v3.46\pic18-lt\cxx-framework\src\traditional\stdclib\log.c
                  __pa_17   0x000e94    program     static E:\c18v3.46\pic18-lt\cxx-framework\src\traditional\stdclib\pow.c
                  __pa_18   0x000ea2    program     static E:\c18v3.46\pic18-lt\cxx-framework\src\traditional\stdclib\pow.c
                  __pa_19   0x000eaa    program     static E:\c18v3.46\pic18-lt\cxx-framework\src\traditional\stdclib\pow.c
                   __pa_2   0x000d0e    program     static E:\c18v3.46\pic18-lt\cxx-framework\src\traditional\stdclib\pow.c
                   __pa_2   0x0029fc    program     static E:\c18v3.46\pic18-lt\cxx-framework\src\traditional\stdclib\exp.c
                   __pa_2   0x004382    program     static E:\c18v3.46\pic18-lt\cxx-framework\src\traditional\stdclib\PackMath.c
                   __pa_2   0x002eee    program     static E:\c18v3.46\pic18-lt\cxx-framework\src\traditional\stdclib\log.c
                  __pa_20   0x000ebc    program     static E:\c18v3.46\pic18-lt\cxx-framework\src\traditional\stdclib\pow.c
                  __pa_21   0x000ec8    program     static E:\c18v3.46\pic18-lt\cxx-framework\src\traditional\stdclib\pow.c
                  __pa_22   0x000eda    program     static E:\c18v3.46\pic18-lt\cxx-framework\src\traditional\stdclib\pow.c
                  __pa_23   0x000eec    program     static E:\c18v3.46\pic18-lt\cxx-framework\src\traditional\stdclib\pow.c
                  __pa_24   0x000ef8    program     static E:\c18v3.46\pic18-lt\cxx-framework\src\traditional\stdclib\pow.c
                  __pa_25   0x000f04    program     static E:\c18v3.46\pic18-lt\cxx-framework\src\traditional\stdclib\pow.c
                  __pa_26   0x000f14    program     static E:\c18v3.46\pic18-lt\cxx-framework\src\traditional\stdclib\pow.c
                  __pa_27   0x000f22    program     static E:\c18v3.46\pic18-lt\cxx-framework\src\traditional\stdclib\pow.c
                  __pa_28   0x000f2c    program     static E:\c18v3.46\pic18-lt\cxx-framework\src\traditional\stdclib\pow.c
                  __pa_29   0x000f34    program     static E:\c18v3.46\pic18-lt\cxx-framework\src\traditional\stdclib\pow.c
                   __pa_3   0x000d28    program     static E:\c18v3.46\pic18-lt\cxx-framework\src\traditional\stdclib\pow.c
                   __pa_3   0x00438c    program     static E:\c18v3.46\pic18-lt\cxx-framework\src\traditional\stdclib\PackMath.c
                   __pa_3   0x002f0a    program     static E:\c18v3.46\pic18-lt\cxx-framework\src\traditional\stdclib\log.c
                   __pa_3   0x002a16    program     static E:\c18v3.46\pic18-lt\cxx-framework\src\traditional\stdclib\exp.c
                  __pa_30   0x000f3c    program     static E:\c18v3.46\pic18-lt\cxx-framework\src\traditional\stdclib\pow.c
                  __pa_31   0x000f4e    program     static E:\c18v3.46\pic18-lt\cxx-framework\src\traditional\stdclib\pow.c
                  __pa_32   0x000f5a    program     static E:\c18v3.46\pic18-lt\cxx-framework\src\traditional\stdclib\pow.c
                  __pa_33   0x000f60    program     static E:\c18v3.46\pic18-lt\cxx-framework\src\traditional\stdclib\pow.c
                  __pa_34   0x000f68    program     static E:\c18v3.46\pic18-lt\cxx-framework\src\traditional\stdclib\pow.c
                  __pa_35   0x000f74    program     static E:\c18v3.46\pic18-lt\cxx-framework\src\traditional\stdclib\pow.c
                  __pa_36   0x000f82    program     static E:\c18v3.46\pic18-lt\cxx-framework\src\traditional\stdclib\pow.c
                  __pa_37   0x000f8a    program     static E:\c18v3.46\pic18-lt\cxx-framework\src\traditional\stdclib\pow.c
                  __pa_38   0x000f94    program     static E:\c18v3.46\pic18-lt\cxx-framework\src\traditional\stdclib\pow.c
                  __pa_39   0x000f9c    program     static E:\c18v3.46\pic18-lt\cxx-framework\src\traditional\stdclib\pow.c
                   __pa_4   0x002f10    program     static E:\c18v3.46\pic18-lt\cxx-framework\src\traditional\stdclib\log.c
                   __pa_4   0x00439a    program     static E:\c18v3.46\pic18-lt\cxx-framework\src\traditional\stdclib\PackMath.c
                   __pa_4   0x000d6c    program     static E:\c18v3.46\pic18-lt\cxx-framework\src\traditional\stdclib\pow.c
                   __pa_4   0x002a26    program     static E:\c18v3.46\pic18-lt\cxx-framework\src\traditional\stdclib\exp.c
                  __pa_40   0x000fa6    program     static E:\c18v3.46\pic18-lt\cxx-framework\src\traditional\stdclib\pow.c
                  __pa_41   0x000fb4    program     static E:\c18v3.46\pic18-lt\cxx-framework\src\traditional\stdclib\pow.c
                  __pa_42   0x000fbc    program     static E:\c18v3.46\pic18-lt\cxx-framework\src\traditional\stdclib\pow.c
                  __pa_43   0x000fc8    program     static E:\c18v3.46\pic18-lt\cxx-framework\src\traditional\stdclib\pow.c
                  __pa_44   0x000fd6    program     static E:\c18v3.46\pic18-lt\cxx-framework\src\traditional\stdclib\pow.c
                  __pa_45   0x000fe0    program     static E:\c18v3.46\pic18-lt\cxx-framework\src\traditional\stdclib\pow.c
                   __pa_5   0x000d90    program     static E:\c18v3.46\pic18-lt\cxx-framework\src\traditional\stdclib\pow.c
                   __pa_5   0x002f1a    program     static E:\c18v3.46\pic18-lt\cxx-framework\src\traditional\stdclib\log.c
                   __pa_5   0x002a38    program     static E:\c18v3.46\pic18-lt\cxx-framework\src\traditional\stdclib\exp.c
                   __pa_5   0x0043a2    program     static E:\c18v3.46\pic18-lt\cxx-framework\src\traditional\stdclib\PackMath.c
                   __pa_6   0x002f38    program     static E:\c18v3.46\pic18-lt\cxx-framework\src\traditional\stdclib\log.c
                   __pa_6   0x0043aa    program     static E:\c18v3.46\pic18-lt\cxx-framework\src\traditional\stdclib\PackMath.c
                   __pa_6   0x000d9e    program     static E:\c18v3.46\pic18-lt\cxx-framework\src\traditional\stdclib\pow.c
                   __pa_6   0x002a4e    program     static E:\c18v3.46\pic18-lt\cxx-framework\src\traditional\stdclib\exp.c
                   __pa_7   0x000db2    program     static E:\c18v3.46\pic18-lt\cxx-framework\src\traditional\stdclib\pow.c
                   __pa_7   0x002a6c    program     static E:\c18v3.46\pic18-lt\cxx-framework\src\traditional\stdclib\exp.c
                   __pa_7   0x002f52    program     static E:\c18v3.46\pic18-lt\cxx-framework\src\traditional\stdclib\log.c
                   __pa_8   0x002f6c    program     static E:\c18v3.46\pic18-lt\cxx-framework\src\traditional\stdclib\log.c
                   __pa_8   0x000dcc    program     static E:\c18v3.46\pic18-lt\cxx-framework\src\traditional\stdclib\pow.c
                   __pa_8   0x002a88    program     static E:\c18v3.46\pic18-lt\cxx-framework\src\traditional\stdclib\exp.c
                   __pa_9   0x002f82    program     static E:\c18v3.46\pic18-lt\cxx-framework\src\traditional\stdclib\log.c
                   __pa_9   0x000de6    program     static E:\c18v3.46\pic18-lt\cxx-framework\src\traditional\stdclib\pow.c
                   __pa_9   0x002aa6    program     static E:\c18v3.46\pic18-lt\cxx-framework\src\traditional\stdclib\exp.c
               __tmplbl_0   0x0032ca    program     static                          
            __zero_memory   0x00482a    program     extern E:\c18v3.46\pic18-lt\cxx-framework\src\traditional\proc\p18f4520.asm
                _do_cinit   0x0045d6    program     extern E:\c18v3.46\pic18-lt\cxx-framework\src\traditional\startup\c018i.c
                   _entry   0x000000    program     extern E:\c18v3.46\pic18-lt\cxx-framework\src\traditional\startup\c018i.c
                   _false   0x0047f8    program     static                          
                   _fchop   0x0036ea    program     extern E:\c18v3.46\pic18-lt\cxx-framework\src\traditional\stdclib\fchop.c
                 _startup   0x00484a    program     extern E:\c18v3.46\pic18-lt\cxx-framework\src\traditional\startup\c018i.c
                     ceil   0x0044c6    program     extern E:\c18v3.46\pic18-lt\cxx-framework\src\traditional\stdclib\ceil.c
               commandLCD   0x0032f4    program     extern C:\Users\Aspen\OneDrive\2018\Semester 2\MTRX3700-Major\Git\Scales-Assignment\seven_b_4520.X\basic_lcd.c
                compare_l   0x004840    program     static E:\c18v3.46\pic18-lt\cxx-framework\src\traditional\proc\p18f4520.asm
                copy_loop   0x004648    program     static                          
            copy_one_byte   0x00464e    program     static                          
                     done   0x004672    program     static                          
             done_copying   0x00465c    program     static                          
     empty_receive_buffer   0x003eca    program     extern C:\Users\Aspen\OneDrive\2018\Semester 2\MTRX3700-Major\Git\Scales-Assignment\seven_b_4520.X\basic_serial.c
        enable_interrupts   0x003db4    program     extern C:\Users\Aspen\OneDrive\2018\Semester 2\MTRX3700-Major\Git\Scales-Assignment\seven_b_4520.X\basic_serial.c
                  endloop   0x004824    program     static                          
           enter_function   0x001f78    program     extern C:\Users\Aspen\OneDrive\2018\Semester 2\MTRX3700-Major\Git\Scales-Assignment\seven_b_4520.X\function_manager.c
                      exp   0x002544    program     extern E:\c18v3.46\pic18-lt\cxx-framework\src\traditional\stdclib\exp.c
                     fabs   0x0046f4    program     extern E:\c18v3.46\pic18-lt\cxx-framework\src\traditional\stdclib\fabs.c
                  factory   0x0033a6    program     extern C:\Users\Aspen\OneDrive\2018\Semester 2\MTRX3700-Major\Git\Scales-Assignment\seven_b_4520.X\factory_mode.c
         factory_password   0x00348a    program     extern C:\Users\Aspen\OneDrive\2018\Semester 2\MTRX3700-Major\Git\Scales-Assignment\seven_b_4520.X\factory_mode.c
        filter_raw_weight   0x003bd8    program     extern C:\Users\Aspen\OneDrive\2018\Semester 2\MTRX3700-Major\Git\Scales-Assignment\seven_b_4520.X\weight_filter.c
                    floor   0x0043b6    program     extern E:\c18v3.46\pic18-lt\cxx-framework\src\traditional\stdclib\floor.c
                    frexp   0x00405c    program     extern E:\c18v3.46\pic18-lt\cxx-framework\src\traditional\stdclib\frexp.c
           functionPicker   0x00397c    program     extern C:\Users\Aspen\OneDrive\2018\Semester 2\MTRX3700-Major\Git\Scales-Assignment\seven_b_4520.X\mode_controller.c
              goToHighISR   0x000008    program     extern C:\Users\Aspen\OneDrive\2018\Semester 2\MTRX3700-Major\Git\Scales-Assignment\seven_b_4520.X\main.c
               goToLowISR   0x000018    program     extern C:\Users\Aspen\OneDrive\2018\Semester 2\MTRX3700-Major\Git\Scales-Assignment\seven_b_4520.X\main.c
          highPriorityISR   0x000344    program     extern C:\Users\Aspen\OneDrive\2018\Semester 2\MTRX3700-Major\Git\Scales-Assignment\seven_b_4520.X\main.c
         intToStringCount   0x001534    program     extern C:\Users\Aspen\OneDrive\2018\Semester 2\MTRX3700-Major\Git\Scales-Assignment\seven_b_4520.X\set_mode_count_serial.c
                  isDigit   0x001646    program     extern C:\Users\Aspen\OneDrive\2018\Semester 2\MTRX3700-Major\Git\Scales-Assignment\seven_b_4520.X\set_mode_count_serial.c
                 jANotInf   0x001ab2    program     static E:\c18v3.46\pic18-lt\cxx-framework\src\traditional\math\addFP.asm
                 jANotInf   0x001926    program     static E:\c18v3.46\pic18-lt\cxx-framework\src\traditional\math\divFP.asm
                 jANotInf   0x0019cc    program     static E:\c18v3.46\pic18-lt\cxx-framework\src\traditional\math\mulFP.asm
                 jANotNeg   0x001b46    program     static E:\c18v3.46\pic18-lt\cxx-framework\src\traditional\math\addFP.asm
                jANotZero   0x00193a    program     static E:\c18v3.46\pic18-lt\cxx-framework\src\traditional\math\divFP.asm
              jAandWsetup   0x001b16    program     static E:\c18v3.46\pic18-lt\cxx-framework\src\traditional\math\addFP.asm
                  jAisNeg   0x001db0    program     static E:\c18v3.46\pic18-lt\cxx-framework\src\traditional\math\compFP.asm
                 jAltBexp   0x001b04    program     static E:\c18v3.46\pic18-lt\cxx-framework\src\traditional\math\addFP.asm
                jBANotInf   0x001aa8    program     static E:\c18v3.46\pic18-lt\cxx-framework\src\traditional\math\addFP.asm
                 jBNotInf   0x001ac0    program     static E:\c18v3.46\pic18-lt\cxx-framework\src\traditional\math\addFP.asm
              jBothFinite   0x0019da    program     static E:\c18v3.46\pic18-lt\cxx-framework\src\traditional\math\mulFP.asm
             jBothNotZero   0x0019e6    program     static E:\c18v3.46\pic18-lt\cxx-framework\src\traditional\math\mulFP.asm
             jBothNotZero   0x001d52    program     static E:\c18v3.46\pic18-lt\cxx-framework\src\traditional\math\compFP.asm
            jDifOrPosSign   0x001ad4    program     static E:\c18v3.46\pic18-lt\cxx-framework\src\traditional\math\addFP.asm
                      jEQ   0x001d6e    program     static E:\c18v3.46\pic18-lt\cxx-framework\src\traditional\math\compFP.asm
                     jEnd   0x004784    program     static E:\c18v3.46\pic18-lt\cxx-framework\src\traditional\stdclib\strcmp.asm
                     jEnd   0x0047b4    program     static E:\c18v3.46\pic18-lt\cxx-framework\src\traditional\stdclib\strlen.asm
                    jExch   0x001d7a    program     static E:\c18v3.46\pic18-lt\cxx-framework\src\traditional\math\compFP.asm
                    jExit   0x001d20    program     static E:\c18v3.46\pic18-lt\cxx-framework\src\traditional\math\castFP16.asm
                    jExit   0x001f56    program     static E:\c18v3.46\pic18-lt\cxx-framework\src\traditional\math\castFP32.asm
                   jExpEQ   0x001dc0    program     static E:\c18v3.46\pic18-lt\cxx-framework\src\traditional\math\compFP.asm
                   jFinal   0x001da4    program     static E:\c18v3.46\pic18-lt\cxx-framework\src\traditional\math\compFP.asm
               jFinalSign   0x001bae    program     static E:\c18v3.46\pic18-lt\cxx-framework\src\traditional\math\addFP.asm
                jHaveZero   0x0019e2    program     static E:\c18v3.46\pic18-lt\cxx-framework\src\traditional\math\mulFP.asm
                jI2F16Beg   0x0018f2    program     static E:\c18v3.46\pic18-lt\cxx-framework\src\traditional\math\cast16FP.asm
                    jLoop   0x001f2a    program     static E:\c18v3.46\pic18-lt\cxx-framework\src\traditional\math\castFP32.asm
                    jLoop   0x001d00    program     static E:\c18v3.46\pic18-lt\cxx-framework\src\traditional\math\castFP16.asm
                    jLoop   0x0047aa    program     static E:\c18v3.46\pic18-lt\cxx-framework\src\traditional\stdclib\strlen.asm
                    jLoop   0x00477a    program     static E:\c18v3.46\pic18-lt\cxx-framework\src\traditional\stdclib\strcmp.asm
                    jLoop   0x001962    program     static E:\c18v3.46\pic18-lt\cxx-framework\src\traditional\math\divFP.asm
                jLoopExit   0x001f3e    program     static E:\c18v3.46\pic18-lt\cxx-framework\src\traditional\math\castFP32.asm
                jLoopExit   0x001d10    program     static E:\c18v3.46\pic18-lt\cxx-framework\src\traditional\math\castFP16.asm
                     jMax   0x001cd4    program     static E:\c18v3.46\pic18-lt\cxx-framework\src\traditional\math\castFP16.asm
                     jMax   0x001efa    program     static E:\c18v3.46\pic18-lt\cxx-framework\src\traditional\math\castFP32.asm
                  jMaxNeg   0x001f0c    program     static E:\c18v3.46\pic18-lt\cxx-framework\src\traditional\math\castFP32.asm
                  jMaxNeg   0x001ce2    program     static E:\c18v3.46\pic18-lt\cxx-framework\src\traditional\math\castFP16.asm
                  jMaxPos   0x001cd8    program     static E:\c18v3.46\pic18-lt\cxx-framework\src\traditional\math\castFP16.asm
                  jMaxPos   0x001efe    program     static E:\c18v3.46\pic18-lt\cxx-framework\src\traditional\math\castFP32.asm
                      jNE   0x001d72    program     static E:\c18v3.46\pic18-lt\cxx-framework\src\traditional\math\compFP.asm
                    jNext   0x001988    program     static E:\c18v3.46\pic18-lt\cxx-framework\src\traditional\math\divFP.asm
                jNoAdjust   0x001986    program     static E:\c18v3.46\pic18-lt\cxx-framework\src\traditional\math\divFP.asm
                  jNoExch   0x001d9a    program     static E:\c18v3.46\pic18-lt\cxx-framework\src\traditional\math\compFP.asm
             jNotBothZero   0x001ad8    program     static E:\c18v3.46\pic18-lt\cxx-framework\src\traditional\math\addFP.asm
                  jNotInf   0x001cf0    program     static E:\c18v3.46\pic18-lt\cxx-framework\src\traditional\math\castFP16.asm
                  jNotInf   0x001f18    program     static E:\c18v3.46\pic18-lt\cxx-framework\src\traditional\math\castFP32.asm
                  jPkLoop   0x001e24    program     static E:\c18v3.46\pic18-lt\cxx-framework\src\traditional\math\packFP.asm
             jPkRoundDone   0x001e6e    program     static E:\c18v3.46\pic18-lt\cxx-framework\src\traditional\math\packFP.asm
               jPkRoundIt   0x001e56    program     static E:\c18v3.46\pic18-lt\cxx-framework\src\traditional\math\packFP.asm
             jPkShiftDone   0x001e40    program     static E:\c18v3.46\pic18-lt\cxx-framework\src\traditional\math\packFP.asm
           jReturnPosInf0   0x001dfa    program     static E:\c18v3.46\pic18-lt\cxx-framework\src\traditional\math\packFP.asm
                  jRotate   0x001dcc    program     static E:\c18v3.46\pic18-lt\cxx-framework\src\traditional\math\compFP.asm
                   jShift   0x001db6    program     static E:\c18v3.46\pic18-lt\cxx-framework\src\traditional\math\compFP.asm
               jShiftDone   0x001b6e    program     static E:\c18v3.46\pic18-lt\cxx-framework\src\traditional\math\addFP.asm
               jShiftLoop   0x001b60    program     static E:\c18v3.46\pic18-lt\cxx-framework\src\traditional\math\addFP.asm
                jSignDone   0x001b9e    program     static E:\c18v3.46\pic18-lt\cxx-framework\src\traditional\math\addFP.asm
              jSignedZero   0x001930    program     static E:\c18v3.46\pic18-lt\cxx-framework\src\traditional\math\divFP.asm
                 jSignsEQ   0x001d56    program     static E:\c18v3.46\pic18-lt\cxx-framework\src\traditional\math\compFP.asm
                  jUnpkA1   0x001e98    program     static E:\c18v3.46\pic18-lt\cxx-framework\src\traditional\math\UnpackFP.asm
                  jUnpkA2   0x001eb0    program     static E:\c18v3.46\pic18-lt\cxx-framework\src\traditional\math\UnpackFP.asm
                 jUnpkANZ   0x001ea6    program     static E:\c18v3.46\pic18-lt\cxx-framework\src\traditional\math\UnpackFP.asm
                  jUnpkB1   0x001ec8    program     static E:\c18v3.46\pic18-lt\cxx-framework\src\traditional\math\UnpackFP.asm
                  jUnpkB2   0x001ee0    program     static E:\c18v3.46\pic18-lt\cxx-framework\src\traditional\math\UnpackFP.asm
                 jUnpkBNZ   0x001ed6    program     static E:\c18v3.46\pic18-lt\cxx-framework\src\traditional\math\UnpackFP.asm
                 jUnpkNaN   0x001eba    program     static E:\c18v3.46\pic18-lt\cxx-framework\src\traditional\math\UnpackFP.asm
                 jWNotNeg   0x001b5a    program     static E:\c18v3.46\pic18-lt\cxx-framework\src\traditional\math\addFP.asm
                   jWr123   0x001f04    program     static E:\c18v3.46\pic18-lt\cxx-framework\src\traditional\math\castFP32.asm
                  jWrZ123   0x001f14    program     static E:\c18v3.46\pic18-lt\cxx-framework\src\traditional\math\castFP32.asm
                    jZero   0x001cea    program     static E:\c18v3.46\pic18-lt\cxx-framework\src\traditional\math\castFP16.asm
                    jZero   0x001f12    program     static E:\c18v3.46\pic18-lt\cxx-framework\src\traditional\math\castFP32.asm
               jZero1and2   0x001dfe    program     static E:\c18v3.46\pic18-lt\cxx-framework\src\traditional\math\packFP.asm
                lcd_clear   0x003094    program     extern C:\Users\Aspen\OneDrive\2018\Semester 2\MTRX3700-Major\Git\Scales-Assignment\seven_b_4520.X\basic_lcd.c
                 lcd_wait   0x003314    program     extern C:\Users\Aspen\OneDrive\2018\Semester 2\MTRX3700-Major\Git\Scales-Assignment\seven_b_4520.X\basic_lcd.c
                    ldexp   0x003f24    program     extern E:\c18v3.46\pic18-lt\cxx-framework\src\traditional\stdclib\ldexp.c
                      log   0x002b0a    program     extern E:\c18v3.46\pic18-lt\cxx-framework\src\traditional\stdclib\log.c
                     loop   0x00485a    program     static                          
                     loop   0x0047c4    program     static                          
                     loop   0x004808    program     static                          
                   loop_h   0x004838    program     static E:\c18v3.46\pic18-lt\cxx-framework\src\traditional\proc\p18f4520.asm
                   loop_l   0x004842    program     static E:\c18v3.46\pic18-lt\cxx-framework\src\traditional\proc\p18f4520.asm
           lowPriorityISR   0x000436    program     extern C:\Users\Aspen\OneDrive\2018\Semester 2\MTRX3700-Major\Git\Scales-Assignment\seven_b_4520.X\main.c
                     main   0x00001e    program     extern C:\Users\Aspen\OneDrive\2018\Semester 2\MTRX3700-Major\Git\Scales-Assignment\seven_b_4520.X\main.c
                movingAvg   0x003c62    program     extern C:\Users\Aspen\OneDrive\2018\Semester 2\MTRX3700-Major\Git\Scales-Assignment\seven_b_4520.X\weight_filter.c
                  num2str   0x0023a4    program     extern C:\Users\Aspen\OneDrive\2018\Semester 2\MTRX3700-Major\Git\Scales-Assignment\seven_b_4520.X\function_manager.c
                      pow   0x0004c8    program     extern E:\c18v3.46\pic18-lt\cxx-framework\src\traditional\stdclib\pow.c
                 read_lcd   0x003336    program     extern C:\Users\Aspen\OneDrive\2018\Semester 2\MTRX3700-Major\Git\Scales-Assignment\seven_b_4520.X\basic_lcd.c
         receiveCharacter   0x003e4e    program     extern C:\Users\Aspen\OneDrive\2018\Semester 2\MTRX3700-Major\Git\Scales-Assignment\seven_b_4520.X\basic_serial.c
            sendCharacter   0x003e2a    program     extern C:\Users\Aspen\OneDrive\2018\Semester 2\MTRX3700-Major\Git\Scales-Assignment\seven_b_4520.X\basic_serial.c
              set_lcd_pos   0x003100    program     extern C:\Users\Aspen\OneDrive\2018\Semester 2\MTRX3700-Major\Git\Scales-Assignment\seven_b_4520.X\basic_lcd.c
    set_mode_count_serial   0x000fe6    program     extern C:\Users\Aspen\OneDrive\2018\Semester 2\MTRX3700-Major\Git\Scales-Assignment\seven_b_4520.X\set_mode_count_serial.c
         set_weight_grams   0x002190    program     extern C:\Users\Aspen\OneDrive\2018\Semester 2\MTRX3700-Major\Git\Scales-Assignment\seven_b_4520.X\function_manager.c
        set_weight_ounces   0x002198    program     extern C:\Users\Aspen\OneDrive\2018\Semester 2\MTRX3700-Major\Git\Scales-Assignment\seven_b_4520.X\function_manager.c
          setupInterrupts   0x003d9e    program     extern C:\Users\Aspen\OneDrive\2018\Semester 2\MTRX3700-Major\Git\Scales-Assignment\seven_b_4520.X\basic_serial.c
              setupSerial   0x003dc2    program     extern C:\Users\Aspen\OneDrive\2018\Semester 2\MTRX3700-Major\Git\Scales-Assignment\seven_b_4520.X\basic_serial.c
                  str2int   0x001722    program     extern C:\Users\Aspen\OneDrive\2018\Semester 2\MTRX3700-Major\Git\Scales-Assignment\seven_b_4520.X\set_mode_count_serial.c
                   strcmp   0x00475a    program     extern E:\c18v3.46\pic18-lt\cxx-framework\src\traditional\stdclib\strcmp.asm
                   strlen   0x00479a    program     extern E:\c18v3.46\pic18-lt\cxx-framework\src\traditional\stdclib\strlen.asm
                     tare   0x00239a    program     extern C:\Users\Aspen\OneDrive\2018\Semester 2\MTRX3700-Major\Git\Scales-Assignment\seven_b_4520.X\function_manager.c
                     test   0x0045f0    program     static                          
                   tx232C   0x003de8    program     extern C:\Users\Aspen\OneDrive\2018\Semester 2\MTRX3700-Major\Git\Scales-Assignment\seven_b_4520.X\basic_serial.c
                     wait   0x003278    program     extern C:\Users\Aspen\OneDrive\2018\Semester 2\MTRX3700-Major\Git\Scales-Assignment\seven_b_4520.X\basic_lcd.c
                    weigh   0x0021a2    program     extern C:\Users\Aspen\OneDrive\2018\Semester 2\MTRX3700-Major\Git\Scales-Assignment\seven_b_4520.X\function_manager.c
                write_lcd   0x0030a8    program     extern C:\Users\Aspen\OneDrive\2018\Semester 2\MTRX3700-Major\Git\Scales-Assignment\seven_b_4520.X\basic_lcd.c
             write_string   0x003004    program     extern C:\Users\Aspen\OneDrive\2018\Semester 2\MTRX3700-Major\Git\Scales-Assignment\seven_b_4520.X\basic_lcd.c
               zero_block   0x004838    program     static E:\c18v3.46\pic18-lt\cxx-framework\src\traditional\proc\p18f4520.asm
                   ADCON0   0x000fc2       data     extern E:\c18v3.46\pic18-lt\cxx-framework\src\traditional\proc\p18f4520.asm
               ADCON0bits   0x000fc2       data     extern E:\c18v3.46\pic18-lt\cxx-framework\src\traditional\proc\p18f4520.asm
                   ADCON1   0x000fc1       data     extern E:\c18v3.46\pic18-lt\cxx-framework\src\traditional\proc\p18f4520.asm
               ADCON1bits   0x000fc1       data     extern E:\c18v3.46\pic18-lt\cxx-framework\src\traditional\proc\p18f4520.asm
                   ADCON2   0x000fc0       data     extern E:\c18v3.46\pic18-lt\cxx-framework\src\traditional\proc\p18f4520.asm
               ADCON2bits   0x000fc0       data     extern E:\c18v3.46\pic18-lt\cxx-framework\src\traditional\proc\p18f4520.asm
                    ADRES   0x000fc3       data     extern E:\c18v3.46\pic18-lt\cxx-framework\src\traditional\proc\p18f4520.asm
                   ADRESH   0x000fc4       data     extern E:\c18v3.46\pic18-lt\cxx-framework\src\traditional\proc\p18f4520.asm
                   ADRESL   0x000fc3       data     extern E:\c18v3.46\pic18-lt\cxx-framework\src\traditional\proc\p18f4520.asm
                  BAUDCON   0x000fb8       data     extern E:\c18v3.46\pic18-lt\cxx-framework\src\traditional\proc\p18f4520.asm
              BAUDCONbits   0x000fb8       data     extern E:\c18v3.46\pic18-lt\cxx-framework\src\traditional\proc\p18f4520.asm
                  BAUDCTL   0x000fb8       data     extern E:\c18v3.46\pic18-lt\cxx-framework\src\traditional\proc\p18f4520.asm
              BAUDCTLbits   0x000fb8       data     extern E:\c18v3.46\pic18-lt\cxx-framework\src\traditional\proc\p18f4520.asm
                      BSR   0x000fe0       data     extern E:\c18v3.46\pic18-lt\cxx-framework\src\traditional\proc\p18f4520.asm
                  CCP1CON   0x000fbd       data     extern E:\c18v3.46\pic18-lt\cxx-framework\src\traditional\proc\p18f4520.asm
              CCP1CONbits   0x000fbd       data     extern E:\c18v3.46\pic18-lt\cxx-framework\src\traditional\proc\p18f4520.asm
                  CCP2CON   0x000fba       data     extern E:\c18v3.46\pic18-lt\cxx-framework\src\traditional\proc\p18f4520.asm
              CCP2CONbits   0x000fba       data     extern E:\c18v3.46\pic18-lt\cxx-framework\src\traditional\proc\p18f4520.asm
                    CCPR1   0x000fbe       data     extern E:\c18v3.46\pic18-lt\cxx-framework\src\traditional\proc\p18f4520.asm
                   CCPR1H   0x000fbf       data     extern E:\c18v3.46\pic18-lt\cxx-framework\src\traditional\proc\p18f4520.asm
                   CCPR1L   0x000fbe       data     extern E:\c18v3.46\pic18-lt\cxx-framework\src\traditional\proc\p18f4520.asm
                    CCPR2   0x000fbb       data     extern E:\c18v3.46\pic18-lt\cxx-framework\src\traditional\proc\p18f4520.asm
                   CCPR2H   0x000fbc       data     extern E:\c18v3.46\pic18-lt\cxx-framework\src\traditional\proc\p18f4520.asm
                   CCPR2L   0x000fbb       data     extern E:\c18v3.46\pic18-lt\cxx-framework\src\traditional\proc\p18f4520.asm
                    CMCON   0x000fb4       data     extern E:\c18v3.46\pic18-lt\cxx-framework\src\traditional\proc\p18f4520.asm
                CMCONbits   0x000fb4       data     extern E:\c18v3.46\pic18-lt\cxx-framework\src\traditional\proc\p18f4520.asm
                   CVRCON   0x000fb5       data     extern E:\c18v3.46\pic18-lt\cxx-framework\src\traditional\proc\p18f4520.asm
               CVRCONbits   0x000fb5       data     extern E:\c18v3.46\pic18-lt\cxx-framework\src\traditional\proc\p18f4520.asm
                     DDRA   0x000f92       data     extern E:\c18v3.46\pic18-lt\cxx-framework\src\traditional\proc\p18f4520.asm
                 DDRAbits   0x000f92       data     extern E:\c18v3.46\pic18-lt\cxx-framework\src\traditional\proc\p18f4520.asm
                     DDRB   0x000f93       data     extern E:\c18v3.46\pic18-lt\cxx-framework\src\traditional\proc\p18f4520.asm
                 DDRBbits   0x000f93       data     extern E:\c18v3.46\pic18-lt\cxx-framework\src\traditional\proc\p18f4520.asm
                     DDRC   0x000f94       data     extern E:\c18v3.46\pic18-lt\cxx-framework\src\traditional\proc\p18f4520.asm
                 DDRCbits   0x000f94       data     extern E:\c18v3.46\pic18-lt\cxx-framework\src\traditional\proc\p18f4520.asm
                     DDRD   0x000f95       data     extern E:\c18v3.46\pic18-lt\cxx-framework\src\traditional\proc\p18f4520.asm
                 DDRDbits   0x000f95       data     extern E:\c18v3.46\pic18-lt\cxx-framework\src\traditional\proc\p18f4520.asm
                     DDRE   0x000f96       data     extern E:\c18v3.46\pic18-lt\cxx-framework\src\traditional\proc\p18f4520.asm
                 DDREbits   0x000f96       data     extern E:\c18v3.46\pic18-lt\cxx-framework\src\traditional\proc\p18f4520.asm
                  ECCP1AS   0x000fb6       data     extern E:\c18v3.46\pic18-lt\cxx-framework\src\traditional\proc\p18f4520.asm
              ECCP1ASbits   0x000fb6       data     extern E:\c18v3.46\pic18-lt\cxx-framework\src\traditional\proc\p18f4520.asm
                 ECCP1DEL   0x000fb7       data     extern E:\c18v3.46\pic18-lt\cxx-framework\src\traditional\proc\p18f4520.asm
             ECCP1DELbits   0x000fb7       data     extern E:\c18v3.46\pic18-lt\cxx-framework\src\traditional\proc\p18f4520.asm
                   ECCPAS   0x000fb6       data     extern E:\c18v3.46\pic18-lt\cxx-framework\src\traditional\proc\p18f4520.asm
               ECCPASbits   0x000fb6       data     extern E:\c18v3.46\pic18-lt\cxx-framework\src\traditional\proc\p18f4520.asm
                    EEADR   0x000fa9       data     extern E:\c18v3.46\pic18-lt\cxx-framework\src\traditional\proc\p18f4520.asm
                   EECON1   0x000fa6       data     extern E:\c18v3.46\pic18-lt\cxx-framework\src\traditional\proc\p18f4520.asm
               EECON1bits   0x000fa6       data     extern E:\c18v3.46\pic18-lt\cxx-framework\src\traditional\proc\p18f4520.asm
                   EECON2   0x000fa7       data     extern E:\c18v3.46\pic18-lt\cxx-framework\src\traditional\proc\p18f4520.asm
                   EEDATA   0x000fa8       data     extern E:\c18v3.46\pic18-lt\cxx-framework\src\traditional\proc\p18f4520.asm
                     FSR0   0x000fe9       data     extern E:\c18v3.46\pic18-lt\cxx-framework\src\traditional\proc\p18f4520.asm
                    FSR0H   0x000fea       data     extern E:\c18v3.46\pic18-lt\cxx-framework\src\traditional\proc\p18f4520.asm
                    FSR0L   0x000fe9       data     extern E:\c18v3.46\pic18-lt\cxx-framework\src\traditional\proc\p18f4520.asm
                     FSR1   0x000fe1       data     extern E:\c18v3.46\pic18-lt\cxx-framework\src\traditional\proc\p18f4520.asm
                    FSR1H   0x000fe2       data     extern E:\c18v3.46\pic18-lt\cxx-framework\src\traditional\proc\p18f4520.asm
                    FSR1L   0x000fe1       data     extern E:\c18v3.46\pic18-lt\cxx-framework\src\traditional\proc\p18f4520.asm
                     FSR2   0x000fd9       data     extern E:\c18v3.46\pic18-lt\cxx-framework\src\traditional\proc\p18f4520.asm
                    FSR2H   0x000fda       data     extern E:\c18v3.46\pic18-lt\cxx-framework\src\traditional\proc\p18f4520.asm
                    FSR2L   0x000fd9       data     extern E:\c18v3.46\pic18-lt\cxx-framework\src\traditional\proc\p18f4520.asm
                  HLVDCON   0x000fd2       data     extern E:\c18v3.46\pic18-lt\cxx-framework\src\traditional\proc\p18f4520.asm
              HLVDCONbits   0x000fd2       data     extern E:\c18v3.46\pic18-lt\cxx-framework\src\traditional\proc\p18f4520.asm
                    INDF0   0x000fef       data     extern E:\c18v3.46\pic18-lt\cxx-framework\src\traditional\proc\p18f4520.asm
                    INDF1   0x000fe7       data     extern E:\c18v3.46\pic18-lt\cxx-framework\src\traditional\proc\p18f4520.asm
                    INDF2   0x000fdf       data     extern E:\c18v3.46\pic18-lt\cxx-framework\src\traditional\proc\p18f4520.asm
                   INTCON   0x000ff2       data     extern E:\c18v3.46\pic18-lt\cxx-framework\src\traditional\proc\p18f4520.asm
                  INTCON2   0x000ff1       data     extern E:\c18v3.46\pic18-lt\cxx-framework\src\traditional\proc\p18f4520.asm
              INTCON2bits   0x000ff1       data     extern E:\c18v3.46\pic18-lt\cxx-framework\src\traditional\proc\p18f4520.asm
                  INTCON3   0x000ff0       data     extern E:\c18v3.46\pic18-lt\cxx-framework\src\traditional\proc\p18f4520.asm
              INTCON3bits   0x000ff0       data     extern E:\c18v3.46\pic18-lt\cxx-framework\src\traditional\proc\p18f4520.asm
               INTCONbits   0x000ff2       data     extern E:\c18v3.46\pic18-lt\cxx-framework\src\traditional\proc\p18f4520.asm
                     IPR1   0x000f9f       data     extern E:\c18v3.46\pic18-lt\cxx-framework\src\traditional\proc\p18f4520.asm
                 IPR1bits   0x000f9f       data     extern E:\c18v3.46\pic18-lt\cxx-framework\src\traditional\proc\p18f4520.asm
                     IPR2   0x000fa2       data     extern E:\c18v3.46\pic18-lt\cxx-framework\src\traditional\proc\p18f4520.asm
                 IPR2bits   0x000fa2       data     extern E:\c18v3.46\pic18-lt\cxx-framework\src\traditional\proc\p18f4520.asm
                     LATA   0x000f89       data     extern E:\c18v3.46\pic18-lt\cxx-framework\src\traditional\proc\p18f4520.asm
                 LATAbits   0x000f89       data     extern E:\c18v3.46\pic18-lt\cxx-framework\src\traditional\proc\p18f4520.asm
                     LATB   0x000f8a       data     extern E:\c18v3.46\pic18-lt\cxx-framework\src\traditional\proc\p18f4520.asm
                 LATBbits   0x000f8a       data     extern E:\c18v3.46\pic18-lt\cxx-framework\src\traditional\proc\p18f4520.asm
                     LATC   0x000f8b       data     extern E:\c18v3.46\pic18-lt\cxx-framework\src\traditional\proc\p18f4520.asm
                 LATCbits   0x000f8b       data     extern E:\c18v3.46\pic18-lt\cxx-framework\src\traditional\proc\p18f4520.asm
                     LATD   0x000f8c       data     extern E:\c18v3.46\pic18-lt\cxx-framework\src\traditional\proc\p18f4520.asm
                 LATDbits   0x000f8c       data     extern E:\c18v3.46\pic18-lt\cxx-framework\src\traditional\proc\p18f4520.asm
                     LATE   0x000f8d       data     extern E:\c18v3.46\pic18-lt\cxx-framework\src\traditional\proc\p18f4520.asm
                 LATEbits   0x000f8d       data     extern E:\c18v3.46\pic18-lt\cxx-framework\src\traditional\proc\p18f4520.asm
                      LRC   0x0003f9       data     extern C:\Users\Aspen\OneDrive\2018\Semester 2\MTRX3700-Major\Git\Scales-Assignment\seven_b_4520.X\basic_serial.c
                   LVDCON   0x000fd2       data     extern E:\c18v3.46\pic18-lt\cxx-framework\src\traditional\proc\p18f4520.asm
               LVDCONbits   0x000fd2       data     extern E:\c18v3.46\pic18-lt\cxx-framework\src\traditional\proc\p18f4520.asm
                MsgToSend   0x0002f3       data     extern C:\Users\Aspen\OneDrive\2018\Semester 2\MTRX3700-Major\Git\Scales-Assignment\seven_b_4520.X\basic_serial.c
                   OSCCON   0x000fd3       data     extern E:\c18v3.46\pic18-lt\cxx-framework\src\traditional\proc\p18f4520.asm
               OSCCONbits   0x000fd3       data     extern E:\c18v3.46\pic18-lt\cxx-framework\src\traditional\proc\p18f4520.asm
                  OSCTUNE   0x000f9b       data     extern E:\c18v3.46\pic18-lt\cxx-framework\src\traditional\proc\p18f4520.asm
              OSCTUNEbits   0x000f9b       data     extern E:\c18v3.46\pic18-lt\cxx-framework\src\traditional\proc\p18f4520.asm
                       PC   0x000ff9       data     extern E:\c18v3.46\pic18-lt\cxx-framework\src\traditional\proc\p18f4520.asm
                      PCL   0x000ff9       data     extern E:\c18v3.46\pic18-lt\cxx-framework\src\traditional\proc\p18f4520.asm
                   PCLATH   0x000ffa       data     extern E:\c18v3.46\pic18-lt\cxx-framework\src\traditional\proc\p18f4520.asm
                   PCLATU   0x000ffb       data     extern E:\c18v3.46\pic18-lt\cxx-framework\src\traditional\proc\p18f4520.asm
                     PIE1   0x000f9d       data     extern E:\c18v3.46\pic18-lt\cxx-framework\src\traditional\proc\p18f4520.asm
                 PIE1bits   0x000f9d       data     extern E:\c18v3.46\pic18-lt\cxx-framework\src\traditional\proc\p18f4520.asm
                     PIE2   0x000fa0       data     extern E:\c18v3.46\pic18-lt\cxx-framework\src\traditional\proc\p18f4520.asm
                 PIE2bits   0x000fa0       data     extern E:\c18v3.46\pic18-lt\cxx-framework\src\traditional\proc\p18f4520.asm
                     PIR1   0x000f9e       data     extern E:\c18v3.46\pic18-lt\cxx-framework\src\traditional\proc\p18f4520.asm
                 PIR1bits   0x000f9e       data     extern E:\c18v3.46\pic18-lt\cxx-framework\src\traditional\proc\p18f4520.asm
                     PIR2   0x000fa1       data     extern E:\c18v3.46\pic18-lt\cxx-framework\src\traditional\proc\p18f4520.asm
                 PIR2bits   0x000fa1       data     extern E:\c18v3.46\pic18-lt\cxx-framework\src\traditional\proc\p18f4520.asm
                   PLUSW0   0x000feb       data     extern E:\c18v3.46\pic18-lt\cxx-framework\src\traditional\proc\p18f4520.asm
                   PLUSW1   0x000fe3       data     extern E:\c18v3.46\pic18-lt\cxx-framework\src\traditional\proc\p18f4520.asm
                   PLUSW2   0x000fdb       data     extern E:\c18v3.46\pic18-lt\cxx-framework\src\traditional\proc\p18f4520.asm
                    PORTA   0x000f80       data     extern E:\c18v3.46\pic18-lt\cxx-framework\src\traditional\proc\p18f4520.asm
                PORTAbits   0x000f80       data     extern E:\c18v3.46\pic18-lt\cxx-framework\src\traditional\proc\p18f4520.asm
                    PORTB   0x000f81       data     extern E:\c18v3.46\pic18-lt\cxx-framework\src\traditional\proc\p18f4520.asm
                PORTBbits   0x000f81       data     extern E:\c18v3.46\pic18-lt\cxx-framework\src\traditional\proc\p18f4520.asm
                    PORTC   0x000f82       data     extern E:\c18v3.46\pic18-lt\cxx-framework\src\traditional\proc\p18f4520.asm
                PORTCbits   0x000f82       data     extern E:\c18v3.46\pic18-lt\cxx-framework\src\traditional\proc\p18f4520.asm
                    PORTD   0x000f83       data     extern E:\c18v3.46\pic18-lt\cxx-framework\src\traditional\proc\p18f4520.asm
                PORTDbits   0x000f83       data     extern E:\c18v3.46\pic18-lt\cxx-framework\src\traditional\proc\p18f4520.asm
                    PORTE   0x000f84       data     extern E:\c18v3.46\pic18-lt\cxx-framework\src\traditional\proc\p18f4520.asm
                PORTEbits   0x000f84       data     extern E:\c18v3.46\pic18-lt\cxx-framework\src\traditional\proc\p18f4520.asm
                 POSTDEC0   0x000fed       data     extern E:\c18v3.46\pic18-lt\cxx-framework\src\traditional\proc\p18f4520.asm
                 POSTDEC1   0x000fe5       data     extern E:\c18v3.46\pic18-lt\cxx-framework\src\traditional\proc\p18f4520.asm
                 POSTDEC2   0x000fdd       data     extern E:\c18v3.46\pic18-lt\cxx-framework\src\traditional\proc\p18f4520.asm
                 POSTINC0   0x000fee       data     extern E:\c18v3.46\pic18-lt\cxx-framework\src\traditional\proc\p18f4520.asm
                 POSTINC1   0x000fe6       data     extern E:\c18v3.46\pic18-lt\cxx-framework\src\traditional\proc\p18f4520.asm
                 POSTINC2   0x000fde       data     extern E:\c18v3.46\pic18-lt\cxx-framework\src\traditional\proc\p18f4520.asm
                      PR2   0x000fcb       data     extern E:\c18v3.46\pic18-lt\cxx-framework\src\traditional\proc\p18f4520.asm
                  PREINC0   0x000fec       data     extern E:\c18v3.46\pic18-lt\cxx-framework\src\traditional\proc\p18f4520.asm
                  PREINC1   0x000fe4       data     extern E:\c18v3.46\pic18-lt\cxx-framework\src\traditional\proc\p18f4520.asm
                  PREINC2   0x000fdc       data     extern E:\c18v3.46\pic18-lt\cxx-framework\src\traditional\proc\p18f4520.asm
                     PROD   0x000ff3       data     extern E:\c18v3.46\pic18-lt\cxx-framework\src\traditional\proc\p18f4520.asm
                    PRODH   0x000ff4       data     extern E:\c18v3.46\pic18-lt\cxx-framework\src\traditional\proc\p18f4520.asm
                    PRODL   0x000ff3       data     extern E:\c18v3.46\pic18-lt\cxx-framework\src\traditional\proc\p18f4520.asm
                  PWM1CON   0x000fb7       data     extern E:\c18v3.46\pic18-lt\cxx-framework\src\traditional\proc\p18f4520.asm
              PWM1CONbits   0x000fb7       data     extern E:\c18v3.46\pic18-lt\cxx-framework\src\traditional\proc\p18f4520.asm
                     RCON   0x000fd0       data     extern E:\c18v3.46\pic18-lt\cxx-framework\src\traditional\proc\p18f4520.asm
                 RCONbits   0x000fd0       data     extern E:\c18v3.46\pic18-lt\cxx-framework\src\traditional\proc\p18f4520.asm
                    RCREG   0x000fae       data     extern E:\c18v3.46\pic18-lt\cxx-framework\src\traditional\proc\p18f4520.asm
                    RCSTA   0x000fab       data     extern E:\c18v3.46\pic18-lt\cxx-framework\src\traditional\proc\p18f4520.asm
                RCSTAbits   0x000fab       data     extern E:\c18v3.46\pic18-lt\cxx-framework\src\traditional\proc\p18f4520.asm
                     SIGN   0x000020       data     extern E:\c18v3.46\pic18-lt\cxx-framework\src\traditional\math\cmath18.asm
                    SPBRG   0x000faf       data     extern E:\c18v3.46\pic18-lt\cxx-framework\src\traditional\proc\p18f4520.asm
                   SPBRGH   0x000fb0       data     extern E:\c18v3.46\pic18-lt\cxx-framework\src\traditional\proc\p18f4520.asm
                   SSPADD   0x000fc8       data     extern E:\c18v3.46\pic18-lt\cxx-framework\src\traditional\proc\p18f4520.asm
                   SSPBUF   0x000fc9       data     extern E:\c18v3.46\pic18-lt\cxx-framework\src\traditional\proc\p18f4520.asm
                  SSPCON1   0x000fc6       data     extern E:\c18v3.46\pic18-lt\cxx-framework\src\traditional\proc\p18f4520.asm
              SSPCON1bits   0x000fc6       data     extern E:\c18v3.46\pic18-lt\cxx-framework\src\traditional\proc\p18f4520.asm
                  SSPCON2   0x000fc5       data     extern E:\c18v3.46\pic18-lt\cxx-framework\src\traditional\proc\p18f4520.asm
              SSPCON2bits   0x000fc5       data     extern E:\c18v3.46\pic18-lt\cxx-framework\src\traditional\proc\p18f4520.asm
                  SSPSTAT   0x000fc7       data     extern E:\c18v3.46\pic18-lt\cxx-framework\src\traditional\proc\p18f4520.asm
              SSPSTATbits   0x000fc7       data     extern E:\c18v3.46\pic18-lt\cxx-framework\src\traditional\proc\p18f4520.asm
                   STATUS   0x000fd8       data     extern E:\c18v3.46\pic18-lt\cxx-framework\src\traditional\proc\p18f4520.asm
               STATUSbits   0x000fd8       data     extern E:\c18v3.46\pic18-lt\cxx-framework\src\traditional\proc\p18f4520.asm
                   STKPTR   0x000ffc       data     extern E:\c18v3.46\pic18-lt\cxx-framework\src\traditional\proc\p18f4520.asm
               STKPTRbits   0x000ffc       data     extern E:\c18v3.46\pic18-lt\cxx-framework\src\traditional\proc\p18f4520.asm
                    T0CON   0x000fd5       data     extern E:\c18v3.46\pic18-lt\cxx-framework\src\traditional\proc\p18f4520.asm
                T0CONbits   0x000fd5       data     extern E:\c18v3.46\pic18-lt\cxx-framework\src\traditional\proc\p18f4520.asm
                    T1CON   0x000fcd       data     extern E:\c18v3.46\pic18-lt\cxx-framework\src\traditional\proc\p18f4520.asm
                T1CONbits   0x000fcd       data     extern E:\c18v3.46\pic18-lt\cxx-framework\src\traditional\proc\p18f4520.asm
                    T2CON   0x000fca       data     extern E:\c18v3.46\pic18-lt\cxx-framework\src\traditional\proc\p18f4520.asm
                T2CONbits   0x000fca       data     extern E:\c18v3.46\pic18-lt\cxx-framework\src\traditional\proc\p18f4520.asm
                    T3CON   0x000fb1       data     extern E:\c18v3.46\pic18-lt\cxx-framework\src\traditional\proc\p18f4520.asm
                T3CONbits   0x000fb1       data     extern E:\c18v3.46\pic18-lt\cxx-framework\src\traditional\proc\p18f4520.asm
                   TABLAT   0x000ff5       data     extern E:\c18v3.46\pic18-lt\cxx-framework\src\traditional\proc\p18f4520.asm
                   TBLPTR   0x000ff6       data     extern E:\c18v3.46\pic18-lt\cxx-framework\src\traditional\proc\p18f4520.asm
                  TBLPTRH   0x000ff7       data     extern E:\c18v3.46\pic18-lt\cxx-framework\src\traditional\proc\p18f4520.asm
                  TBLPTRL   0x000ff6       data     extern E:\c18v3.46\pic18-lt\cxx-framework\src\traditional\proc\p18f4520.asm
                  TBLPTRU   0x000ff8       data     extern E:\c18v3.46\pic18-lt\cxx-framework\src\traditional\proc\p18f4520.asm
                    TMR0H   0x000fd7       data     extern E:\c18v3.46\pic18-lt\cxx-framework\src\traditional\proc\p18f4520.asm
                    TMR0L   0x000fd6       data     extern E:\c18v3.46\pic18-lt\cxx-framework\src\traditional\proc\p18f4520.asm
                    TMR1H   0x000fcf       data     extern E:\c18v3.46\pic18-lt\cxx-framework\src\traditional\proc\p18f4520.asm
                    TMR1L   0x000fce       data     extern E:\c18v3.46\pic18-lt\cxx-framework\src\traditional\proc\p18f4520.asm
                     TMR2   0x000fcc       data     extern E:\c18v3.46\pic18-lt\cxx-framework\src\traditional\proc\p18f4520.asm
                    TMR3H   0x000fb3       data     extern E:\c18v3.46\pic18-lt\cxx-framework\src\traditional\proc\p18f4520.asm
                    TMR3L   0x000fb2       data     extern E:\c18v3.46\pic18-lt\cxx-framework\src\traditional\proc\p18f4520.asm
                      TOS   0x000ffd       data     extern E:\c18v3.46\pic18-lt\cxx-framework\src\traditional\proc\p18f4520.asm
                     TOSH   0x000ffe       data     extern E:\c18v3.46\pic18-lt\cxx-framework\src\traditional\proc\p18f4520.asm
                     TOSL   0x000ffd       data     extern E:\c18v3.46\pic18-lt\cxx-framework\src\traditional\proc\p18f4520.asm
                     TOSU   0x000fff       data     extern E:\c18v3.46\pic18-lt\cxx-framework\src\traditional\proc\p18f4520.asm
                    TRISA   0x000f92       data     extern E:\c18v3.46\pic18-lt\cxx-framework\src\traditional\proc\p18f4520.asm
                TRISAbits   0x000f92       data     extern E:\c18v3.46\pic18-lt\cxx-framework\src\traditional\proc\p18f4520.asm
                    TRISB   0x000f93       data     extern E:\c18v3.46\pic18-lt\cxx-framework\src\traditional\proc\p18f4520.asm
                TRISBbits   0x000f93       data     extern E:\c18v3.46\pic18-lt\cxx-framework\src\traditional\proc\p18f4520.asm
                    TRISC   0x000f94       data     extern E:\c18v3.46\pic18-lt\cxx-framework\src\traditional\proc\p18f4520.asm
                TRISCbits   0x000f94       data     extern E:\c18v3.46\pic18-lt\cxx-framework\src\traditional\proc\p18f4520.asm
                    TRISD   0x000f95       data     extern E:\c18v3.46\pic18-lt\cxx-framework\src\traditional\proc\p18f4520.asm
                TRISDbits   0x000f95       data     extern E:\c18v3.46\pic18-lt\cxx-framework\src\traditional\proc\p18f4520.asm
                    TRISE   0x000f96       data     extern E:\c18v3.46\pic18-lt\cxx-framework\src\traditional\proc\p18f4520.asm
                TRISEbits   0x000f96       data     extern E:\c18v3.46\pic18-lt\cxx-framework\src\traditional\proc\p18f4520.asm
                    TXREG   0x000fad       data     extern E:\c18v3.46\pic18-lt\cxx-framework\src\traditional\proc\p18f4520.asm
                    TXSTA   0x000fac       data     extern E:\c18v3.46\pic18-lt\cxx-framework\src\traditional\proc\p18f4520.asm
                TXSTAbits   0x000fac       data     extern E:\c18v3.46\pic18-lt\cxx-framework\src\traditional\proc\p18f4520.asm
                        W   0x000fe8       data     extern E:\c18v3.46\pic18-lt\cxx-framework\src\traditional\proc\p18f4520.asm
                   WDTCON   0x000fd1       data     extern E:\c18v3.46\pic18-lt\cxx-framework\src\traditional\proc\p18f4520.asm
               WDTCONbits   0x000fd1       data     extern E:\c18v3.46\pic18-lt\cxx-framework\src\traditional\proc\p18f4520.asm
                     WREG   0x000fe8       data     extern E:\c18v3.46\pic18-lt\cxx-framework\src\traditional\proc\p18f4520.asm
                 __AARGB0   0x000029       data     extern E:\c18v3.46\pic18-lt\cxx-framework\src\traditional\math\aarg.asm
                 __AARGB1   0x000028       data     extern E:\c18v3.46\pic18-lt\cxx-framework\src\traditional\math\aarg.asm
                 __AARGB2   0x000027       data     extern E:\c18v3.46\pic18-lt\cxx-framework\src\traditional\math\aarg.asm
                 __AARGB3   0x000026       data     extern E:\c18v3.46\pic18-lt\cxx-framework\src\traditional\math\aarg.asm
                 __AARGB4   0x000025       data     extern E:\c18v3.46\pic18-lt\cxx-framework\src\traditional\math\aarg.asm
                 __AARGB5   0x000024       data     extern E:\c18v3.46\pic18-lt\cxx-framework\src\traditional\math\aarg.asm
                 __AARGB6   0x000023       data     extern E:\c18v3.46\pic18-lt\cxx-framework\src\traditional\math\aarg.asm
                 __AARGB7   0x000022       data     extern E:\c18v3.46\pic18-lt\cxx-framework\src\traditional\math\aarg.asm
                   __AEXP   0x00002a       data     extern E:\c18v3.46\pic18-lt\cxx-framework\src\traditional\math\aarg.asm
                 __BARGB0   0x00002e       data     extern E:\c18v3.46\pic18-lt\cxx-framework\src\traditional\math\barg.asm
                 __BARGB1   0x00002d       data     extern E:\c18v3.46\pic18-lt\cxx-framework\src\traditional\math\barg.asm
                 __BARGB2   0x00002c       data     extern E:\c18v3.46\pic18-lt\cxx-framework\src\traditional\math\barg.asm
                 __BARGB3   0x00002b       data     extern E:\c18v3.46\pic18-lt\cxx-framework\src\traditional\math\barg.asm
                   __BEXP   0x00002f       data     extern E:\c18v3.46\pic18-lt\cxx-framework\src\traditional\math\barg.asm
                __FPFLAGS   0x000021       data     extern E:\c18v3.46\pic18-lt\cxx-framework\src\traditional\math\cmath18.asm
            __FPFLAGSbits   0x000021       data     extern E:\c18v3.46\pic18-lt\cxx-framework\src\traditional\math\cmath18.asm
                  __REMB0   0x000025       data     extern E:\c18v3.46\pic18-lt\cxx-framework\src\traditional\math\aarg.asm
                  __REMB1   0x000024       data     extern E:\c18v3.46\pic18-lt\cxx-framework\src\traditional\math\aarg.asm
                  __REMB2   0x000023       data     extern E:\c18v3.46\pic18-lt\cxx-framework\src\traditional\math\aarg.asm
                  __REMB3   0x000022       data     extern E:\c18v3.46\pic18-lt\cxx-framework\src\traditional\math\aarg.asm
                   __TEMP   0x000033       data     extern E:\c18v3.46\pic18-lt\cxx-framework\src\traditional\math\temparg.asm
                 __TEMPB0   0x000033       data     extern E:\c18v3.46\pic18-lt\cxx-framework\src\traditional\math\temparg.asm
                 __TEMPB1   0x000032       data     extern E:\c18v3.46\pic18-lt\cxx-framework\src\traditional\math\temparg.asm
                 __TEMPB2   0x000031       data     extern E:\c18v3.46\pic18-lt\cxx-framework\src\traditional\math\temparg.asm
                 __TEMPB3   0x000030       data     extern E:\c18v3.46\pic18-lt\cxx-framework\src\traditional\math\temparg.asm
                  __tmp_0   0x000000       data     static E:\c18v3.46\pic18-lt\cxx-framework\src\traditional\stdclib\log.c
                  __tmp_0   0x000000       data     static E:\c18v3.46\pic18-lt\cxx-framework\src\traditional\stdclib\ldexp.c
                  __tmp_0   0x000000       data     static E:\c18v3.46\pic18-lt\cxx-framework\src\traditional\stdclib\frexp.c
                  __tmp_0   0x000000       data     static E:\c18v3.46\pic18-lt\cxx-framework\src\traditional\stdclib\fabs.c
                  __tmp_0   0x000000       data     static E:\c18v3.46\pic18-lt\cxx-framework\src\traditional\stdclib\exp.c
                  __tmp_0   0x000000       data     static E:\c18v3.46\pic18-lt\cxx-framework\src\traditional\stdclib\pow.c
[...]
                 DDRDbits   0x000f95       data     extern E:\c18v3.46\pic18-lt\cxx-framework\src\traditional\proc\p18f4520.asm
                TRISDbits   0x000f95       data     extern E:\c18v3.46\pic18-lt\cxx-framework\src\traditional\proc\p18f4520.asm
                    TRISE   0x000f96       data     extern E:\c18v3.46\pic18-lt\cxx-framework\src\traditional\proc\p18f4520.asm
                TRISEbits   0x000f96       data     extern E:\c18v3.46\pic18-lt\cxx-framework\src\traditional\proc\p18f4520.asm
                     DDRE   0x000f96       data     extern E:\c18v3.46\pic18-lt\cxx-framework\src\traditional\proc\p18f4520.asm
                 DDREbits   0x000f96       data     extern E:\c18v3.46\pic18-lt\cxx-framework\src\traditional\proc\p18f4520.asm
                  OSCTUNE   0x000f9b       data     extern E:\c18v3.46\pic18-lt\cxx-framework\src\traditional\proc\p18f4520.asm
              OSCTUNEbits   0x000f9b       data     extern E:\c18v3.46\pic18-lt\cxx-framework\src\traditional\proc\p18f4520.asm
                 PIE1bits   0x000f9d       data     extern E:\c18v3.46\pic18-lt\cxx-framework\src\traditional\proc\p18f4520.asm
                     PIE1   0x000f9d       data     extern E:\c18v3.46\pic18-lt\cxx-framework\src\traditional\proc\p18f4520.asm
                 PIR1bits   0x000f9e       data     extern E:\c18v3.46\pic18-lt\cxx-framework\src\traditional\proc\p18f4520.asm
                     PIR1   0x000f9e       data     extern E:\c18v3.46\pic18-lt\cxx-framework\src\traditional\proc\p18f4520.asm
                     IPR1   0x000f9f       data     extern E:\c18v3.46\pic18-lt\cxx-framework\src\traditional\proc\p18f4520.asm
                 IPR1bits   0x000f9f       data     extern E:\c18v3.46\pic18-lt\cxx-framework\src\traditional\proc\p18f4520.asm
                 PIE2bits   0x000fa0       data     extern E:\c18v3.46\pic18-lt\cxx-framework\src\traditional\proc\p18f4520.asm
                     PIE2   0x000fa0       data     extern E:\c18v3.46\pic18-lt\cxx-framework\src\traditional\proc\p18f4520.asm
                 PIR2bits   0x000fa1       data     extern E:\c18v3.46\pic18-lt\cxx-framework\src\traditional\proc\p18f4520.asm
                     PIR2   0x000fa1       data     extern E:\c18v3.46\pic18-lt\cxx-framework\src\traditional\proc\p18f4520.asm
                 IPR2bits   0x000fa2       data     extern E:\c18v3.46\pic18-lt\cxx-framework\src\traditional\proc\p18f4520.asm
                     IPR2   0x000fa2       data     extern E:\c18v3.46\pic18-lt\cxx-framework\src\traditional\proc\p18f4520.asm
               EECON1bits   0x000fa6       data     extern E:\c18v3.46\pic18-lt\cxx-framework\src\traditional\proc\p18f4520.asm
                   EECON1   0x000fa6       data     extern E:\c18v3.46\pic18-lt\cxx-framework\src\traditional\proc\p18f4520.asm
                   EECON2   0x000fa7       data     extern E:\c18v3.46\pic18-lt\cxx-framework\src\traditional\proc\p18f4520.asm
                   EEDATA   0x000fa8       data     extern E:\c18v3.46\pic18-lt\cxx-framework\src\traditional\proc\p18f4520.asm
                    EEADR   0x000fa9       data     extern E:\c18v3.46\pic18-lt\cxx-framework\src\traditional\proc\p18f4520.asm
                    RCSTA   0x000fab       data     extern E:\c18v3.46\pic18-lt\cxx-framework\src\traditional\proc\p18f4520.asm
                RCSTAbits   0x000fab       data     extern E:\c18v3.46\pic18-lt\cxx-framework\src\traditional\proc\p18f4520.asm
                TXSTAbits   0x000fac       data     extern E:\c18v3.46\pic18-lt\cxx-framework\src\traditional\proc\p18f4520.asm
                    TXSTA   0x000fac       data     extern E:\c18v3.46\pic18-lt\cxx-framework\src\traditional\proc\p18f4520.asm
                    TXREG   0x000fad       data     extern E:\c18v3.46\pic18-lt\cxx-framework\src\traditional\proc\p18f4520.asm
                    RCREG   0x000fae       data     extern E:\c18v3.46\pic18-lt\cxx-framework\src\traditional\proc\p18f4520.asm
                    SPBRG   0x000faf       data     extern E:\c18v3.46\pic18-lt\cxx-framework\src\traditional\proc\p18f4520.asm
                   SPBRGH   0x000fb0       data     extern E:\c18v3.46\pic18-lt\cxx-framework\src\traditional\proc\p18f4520.asm
                T3CONbits   0x000fb1       data     extern E:\c18v3.46\pic18-lt\cxx-framework\src\traditional\proc\p18f4520.asm
                    T3CON   0x000fb1       data     extern E:\c18v3.46\pic18-lt\cxx-framework\src\traditional\proc\p18f4520.asm
                    TMR3L   0x000fb2       data     extern E:\c18v3.46\pic18-lt\cxx-framework\src\traditional\proc\p18f4520.asm
                    TMR3H   0x000fb3       data     extern E:\c18v3.46\pic18-lt\cxx-framework\src\traditional\proc\p18f4520.asm
                    CMCON   0x000fb4       data     extern E:\c18v3.46\pic18-lt\cxx-framework\src\traditional\proc\p18f4520.asm
                CMCONbits   0x000fb4       data     extern E:\c18v3.46\pic18-lt\cxx-framework\src\traditional\proc\p18f4520.asm
                   CVRCON   0x000fb5       data     extern E:\c18v3.46\pic18-lt\cxx-framework\src\traditional\proc\p18f4520.asm
               CVRCONbits   0x000fb5       data     extern E:\c18v3.46\pic18-lt\cxx-framework\src\traditional\proc\p18f4520.asm
                  ECCP1AS   0x000fb6       data     extern E:\c18v3.46\pic18-lt\cxx-framework\src\traditional\proc\p18f4520.asm
              ECCP1ASbits   0x000fb6       data     extern E:\c18v3.46\pic18-lt\cxx-framework\src\traditional\proc\p18f4520.asm
               ECCPASbits   0x000fb6       data     extern E:\c18v3.46\pic18-lt\cxx-framework\src\traditional\proc\p18f4520.asm
                   ECCPAS   0x000fb6       data     extern E:\c18v3.46\pic18-lt\cxx-framework\src\traditional\proc\p18f4520.asm
             ECCP1DELbits   0x000fb7       data     extern E:\c18v3.46\pic18-lt\cxx-framework\src\traditional\proc\p18f4520.asm
                  PWM1CON   0x000fb7       data     extern E:\c18v3.46\pic18-lt\cxx-framework\src\traditional\proc\p18f4520.asm
              PWM1CONbits   0x000fb7       data     extern E:\c18v3.46\pic18-lt\cxx-framework\src\traditional\proc\p18f4520.asm
                 ECCP1DEL   0x000fb7       data     extern E:\c18v3.46\pic18-lt\cxx-framework\src\traditional\proc\p18f4520.asm
                  BAUDCON   0x000fb8       data     extern E:\c18v3.46\pic18-lt\cxx-framework\src\traditional\proc\p18f4520.asm
              BAUDCONbits   0x000fb8       data     extern E:\c18v3.46\pic18-lt\cxx-framework\src\traditional\proc\p18f4520.asm
                  BAUDCTL   0x000fb8       data     extern E:\c18v3.46\pic18-lt\cxx-framework\src\traditional\proc\p18f4520.asm
              BAUDCTLbits   0x000fb8       data     extern E:\c18v3.46\pic18-lt\cxx-framework\src\traditional\proc\p18f4520.asm
                  CCP2CON   0x000fba       data     extern E:\c18v3.46\pic18-lt\cxx-framework\src\traditional\proc\p18f4520.asm
              CCP2CONbits   0x000fba       data     extern E:\c18v3.46\pic18-lt\cxx-framework\src\traditional\proc\p18f4520.asm
                    CCPR2   0x000fbb       data     extern E:\c18v3.46\pic18-lt\cxx-framework\src\traditional\proc\p18f4520.asm
                   CCPR2L   0x000fbb       data     extern E:\c18v3.46\pic18-lt\cxx-framework\src\traditional\proc\p18f4520.asm
                   CCPR2H   0x000fbc       data     extern E:\c18v3.46\pic18-lt\cxx-framework\src\traditional\proc\p18f4520.asm
                  CCP1CON   0x000fbd       data     extern E:\c18v3.46\pic18-lt\cxx-framework\src\traditional\proc\p18f4520.asm
              CCP1CONbits   0x000fbd       data     extern E:\c18v3.46\pic18-lt\cxx-framework\src\traditional\proc\p18f4520.asm
                    CCPR1   0x000fbe       data     extern E:\c18v3.46\pic18-lt\cxx-framework\src\traditional\proc\p18f4520.asm
                   CCPR1L   0x000fbe       data     extern E:\c18v3.46\pic18-lt\cxx-framework\src\traditional\proc\p18f4520.asm
                   CCPR1H   0x000fbf       data     extern E:\c18v3.46\pic18-lt\cxx-framework\src\traditional\proc\p18f4520.asm
               ADCON2bits   0x000fc0       data     extern E:\c18v3.46\pic18-lt\cxx-framework\src\traditional\proc\p18f4520.asm
                   ADCON2   0x000fc0       data     extern E:\c18v3.46\pic18-lt\cxx-framework\src\traditional\proc\p18f4520.asm
               ADCON1bits   0x000fc1       data     extern E:\c18v3.46\pic18-lt\cxx-framework\src\traditional\proc\p18f4520.asm
                   ADCON1   0x000fc1       data     extern E:\c18v3.46\pic18-lt\cxx-framework\src\traditional\proc\p18f4520.asm
                   ADCON0   0x000fc2       data     extern E:\c18v3.46\pic18-lt\cxx-framework\src\traditional\proc\p18f4520.asm
               ADCON0bits   0x000fc2       data     extern E:\c18v3.46\pic18-lt\cxx-framework\src\traditional\proc\p18f4520.asm
                    ADRES   0x000fc3       data     extern E:\c18v3.46\pic18-lt\cxx-framework\src\traditional\proc\p18f4520.asm
                   ADRESL   0x000fc3       data     extern E:\c18v3.46\pic18-lt\cxx-framework\src\traditional\proc\p18f4520.asm
                   ADRESH   0x000fc4       data     extern E:\c18v3.46\pic18-lt\cxx-framework\src\traditional\proc\p18f4520.asm
                  SSPCON2   0x000fc5       data     extern E:\c18v3.46\pic18-lt\cxx-framework\src\traditional\proc\p18f4520.asm
              SSPCON2bits   0x000fc5       data     extern E:\c18v3.46\pic18-lt\cxx-framework\src\traditional\proc\p18f4520.asm
                  SSPCON1   0x000fc6       data     extern E:\c18v3.46\pic18-lt\cxx-framework\src\traditional\proc\p18f4520.asm
              SSPCON1bits   0x000fc6       data     extern E:\c18v3.46\pic18-lt\cxx-framework\src\traditional\proc\p18f4520.asm
                  SSPSTAT   0x000fc7       data     extern E:\c18v3.46\pic18-lt\cxx-framework\src\traditional\proc\p18f4520.asm
              SSPSTATbits   0x000fc7       data     extern E:\c18v3.46\pic18-lt\cxx-framework\src\traditional\proc\p18f4520.asm
                   SSPADD   0x000fc8       data     extern E:\c18v3.46\pic18-lt\cxx-framework\src\traditional\proc\p18f4520.asm
                   SSPBUF   0x000fc9       data     extern E:\c18v3.46\pic18-lt\cxx-framework\src\traditional\proc\p18f4520.asm
                    T2CON   0x000fca       data     extern E:\c18v3.46\pic18-lt\cxx-framework\src\traditional\proc\p18f4520.asm
                T2CONbits   0x000fca       data     extern E:\c18v3.46\pic18-lt\cxx-framework\src\traditional\proc\p18f4520.asm
                      PR2   0x000fcb       data     extern E:\c18v3.46\pic18-lt\cxx-framework\src\traditional\proc\p18f4520.asm
                     TMR2   0x000fcc       data     extern E:\c18v3.46\pic18-lt\cxx-framework\src\traditional\proc\p18f4520.asm
                T1CONbits   0x000fcd       data     extern E:\c18v3.46\pic18-lt\cxx-framework\src\traditional\proc\p18f4520.asm
                    T1CON   0x000fcd       data     extern E:\c18v3.46\pic18-lt\cxx-framework\src\traditional\proc\p18f4520.asm
                    TMR1L   0x000fce       data     extern E:\c18v3.46\pic18-lt\cxx-framework\src\traditional\proc\p18f4520.asm
                    TMR1H   0x000fcf       data     extern E:\c18v3.46\pic18-lt\cxx-framework\src\traditional\proc\p18f4520.asm
                     RCON   0x000fd0       data     extern E:\c18v3.46\pic18-lt\cxx-framework\src\traditional\proc\p18f4520.asm
                 RCONbits   0x000fd0       data     extern E:\c18v3.46\pic18-lt\cxx-framework\src\traditional\proc\p18f4520.asm
               WDTCONbits   0x000fd1       data     extern E:\c18v3.46\pic18-lt\cxx-framework\src\traditional\proc\p18f4520.asm
                   WDTCON   0x000fd1       data     extern E:\c18v3.46\pic18-lt\cxx-framework\src\traditional\proc\p18f4520.asm
               LVDCONbits   0x000fd2       data     extern E:\c18v3.46\pic18-lt\cxx-framework\src\traditional\proc\p18f4520.asm
                   LVDCON   0x000fd2       data     extern E:\c18v3.46\pic18-lt\cxx-framework\src\traditional\proc\p18f4520.asm
              HLVDCONbits   0x000fd2       data     extern E:\c18v3.46\pic18-lt\cxx-framework\src\traditional\proc\p18f4520.asm
                  HLVDCON   0x000fd2       data     extern E:\c18v3.46\pic18-lt\cxx-framework\src\traditional\proc\p18f4520.asm
               OSCCONbits   0x000fd3       data     extern E:\c18v3.46\pic18-lt\cxx-framework\src\traditional\proc\p18f4520.asm
                   OSCCON   0x000fd3       data     extern E:\c18v3.46\pic18-lt\cxx-framework\src\traditional\proc\p18f4520.asm
                T0CONbits   0x000fd5       data     extern E:\c18v3.46\pic18-lt\cxx-framework\src\traditional\proc\p18f4520.asm
                    T0CON   0x000fd5       data     extern E:\c18v3.46\pic18-lt\cxx-framework\src\traditional\proc\p18f4520.asm
                    TMR0L   0x000fd6       data     extern E:\c18v3.46\pic18-lt\cxx-framework\src\traditional\proc\p18f4520.asm
                    TMR0H   0x000fd7       data     extern E:\c18v3.46\pic18-lt\cxx-framework\src\traditional\proc\p18f4520.asm
                   STATUS   0x000fd8       data     extern E:\c18v3.46\pic18-lt\cxx-framework\src\traditional\proc\p18f4520.asm
               STATUSbits   0x000fd8       data     extern E:\c18v3.46\pic18-lt\cxx-framework\src\traditional\proc\p18f4520.asm
                     FSR2   0x000fd9       data     extern E:\c18v3.46\pic18-lt\cxx-framework\src\traditional\proc\p18f4520.asm
                    FSR2L   0x000fd9       data     extern E:\c18v3.46\pic18-lt\cxx-framework\src\traditional\proc\p18f4520.asm
                    FSR2H   0x000fda       data     extern E:\c18v3.46\pic18-lt\cxx-framework\src\traditional\proc\p18f4520.asm
                   PLUSW2   0x000fdb       data     extern E:\c18v3.46\pic18-lt\cxx-framework\src\traditional\proc\p18f4520.asm
                  PREINC2   0x000fdc       data     extern E:\c18v3.46\pic18-lt\cxx-framework\src\traditional\proc\p18f4520.asm
                 POSTDEC2   0x000fdd       data     extern E:\c18v3.46\pic18-lt\cxx-framework\src\traditional\proc\p18f4520.asm
                 POSTINC2   0x000fde       data     extern E:\c18v3.46\pic18-lt\cxx-framework\src\traditional\proc\p18f4520.asm
                    INDF2   0x000fdf       data     extern E:\c18v3.46\pic18-lt\cxx-framework\src\traditional\proc\p18f4520.asm
                      BSR   0x000fe0       data     extern E:\c18v3.46\pic18-lt\cxx-framework\src\traditional\proc\p18f4520.asm
                     FSR1   0x000fe1       data     extern E:\c18v3.46\pic18-lt\cxx-framework\src\traditional\proc\p18f4520.asm
                    FSR1L   0x000fe1       data     extern E:\c18v3.46\pic18-lt\cxx-framework\src\traditional\proc\p18f4520.asm
                    FSR1H   0x000fe2       data     extern E:\c18v3.46\pic18-lt\cxx-framework\src\traditional\proc\p18f4520.asm
                   PLUSW1   0x000fe3       data     extern E:\c18v3.46\pic18-lt\cxx-framework\src\traditional\proc\p18f4520.asm
                  PREINC1   0x000fe4       data     extern E:\c18v3.46\pic18-lt\cxx-framework\src\traditional\proc\p18f4520.asm
                 POSTDEC1   0x000fe5       data     extern E:\c18v3.46\pic18-lt\cxx-framework\src\traditional\proc\p18f4520.asm
                 POSTINC1   0x000fe6       data     extern E:\c18v3.46\pic18-lt\cxx-framework\src\traditional\proc\p18f4520.asm
                    INDF1   0x000fe7       data     extern E:\c18v3.46\pic18-lt\cxx-framework\src\traditional\proc\p18f4520.asm
                        W   0x000fe8       data     extern E:\c18v3.46\pic18-lt\cxx-framework\src\traditional\proc\p18f4520.asm
                     WREG   0x000fe8       data     extern E:\c18v3.46\pic18-lt\cxx-framework\src\traditional\proc\p18f4520.asm
                    FSR0L   0x000fe9       data     extern E:\c18v3.46\pic18-lt\cxx-framework\src\traditional\proc\p18f4520.asm
                     FSR0   0x000fe9       data     extern E:\c18v3.46\pic18-lt\cxx-framework\src\traditional\proc\p18f4520.asm
                    FSR0H   0x000fea       data     extern E:\c18v3.46\pic18-lt\cxx-framework\src\traditional\proc\p18f4520.asm
                   PLUSW0   0x000feb       data     extern E:\c18v3.46\pic18-lt\cxx-framework\src\traditional\proc\p18f4520.asm
                  PREINC0   0x000fec       data     extern E:\c18v3.46\pic18-lt\cxx-framework\src\traditional\proc\p18f4520.asm
                 POSTDEC0   0x000fed       data     extern E:\c18v3.46\pic18-lt\cxx-framework\src\traditional\proc\p18f4520.asm
                 POSTINC0   0x000fee       data     extern E:\c18v3.46\pic18-lt\cxx-framework\src\traditional\proc\p18f4520.asm
                    INDF0   0x000fef       data     extern E:\c18v3.46\pic18-lt\cxx-framework\src\traditional\proc\p18f4520.asm
              INTCON3bits   0x000ff0       data     extern E:\c18v3.46\pic18-lt\cxx-framework\src\traditional\proc\p18f4520.asm
                  INTCON3   0x000ff0       data     extern E:\c18v3.46\pic18-lt\cxx-framework\src\traditional\proc\p18f4520.asm
                  INTCON2   0x000ff1       data     extern E:\c18v3.46\pic18-lt\cxx-framework\src\traditional\proc\p18f4520.asm
              INTCON2bits   0x000ff1       data     extern E:\c18v3.46\pic18-lt\cxx-framework\src\traditional\proc\p18f4520.asm
                   INTCON   0x000ff2       data     extern E:\c18v3.46\pic18-lt\cxx-framework\src\traditional\proc\p18f4520.asm
               INTCONbits   0x000ff2       data     extern E:\c18v3.46\pic18-lt\cxx-framework\src\traditional\proc\p18f4520.asm
                     PROD   0x000ff3       data     extern E:\c18v3.46\pic18-lt\cxx-framework\src\traditional\proc\p18f4520.asm
                    PRODL   0x000ff3       data     extern E:\c18v3.46\pic18-lt\cxx-framework\src\traditional\proc\p18f4520.asm
                    PRODH   0x000ff4       data     extern E:\c18v3.46\pic18-lt\cxx-framework\src\traditional\proc\p18f4520.asm
                   TABLAT   0x000ff5       data     extern E:\c18v3.46\pic18-lt\cxx-framework\src\traditional\proc\p18f4520.asm
                  TBLPTRL   0x000ff6       data     extern E:\c18v3.46\pic18-lt\cxx-framework\src\traditional\proc\p18f4520.asm
                   TBLPTR   0x000ff6       data     extern E:\c18v3.46\pic18-lt\cxx-framework\src\traditional\proc\p18f4520.asm
                  TBLPTRH   0x000ff7       data     extern E:\c18v3.46\pic18-lt\cxx-framework\src\traditional\proc\p18f4520.asm
                  TBLPTRU   0x000ff8       data     extern E:\c18v3.46\pic18-lt\cxx-framework\src\traditional\proc\p18f4520.asm
                       PC   0x000ff9       data     extern E:\c18v3.46\pic18-lt\cxx-framework\src\traditional\proc\p18f4520.asm
                      PCL   0x000ff9       data     extern E:\c18v3.46\pic18-lt\cxx-framework\src\traditional\proc\p18f4520.asm
                   PCLATH   0x000ffa       data     extern E:\c18v3.46\pic18-lt\cxx-framework\src\traditional\proc\p18f4520.asm
                   PCLATU   0x000ffb       data     extern E:\c18v3.46\pic18-lt\cxx-framework\src\traditional\proc\p18f4520.asm
                   STKPTR   0x000ffc       data     extern E:\c18v3.46\pic18-lt\cxx-framework\src\traditional\proc\p18f4520.asm
               STKPTRbits   0x000ffc       data     extern E:\c18v3.46\pic18-lt\cxx-framework\src\traditional\proc\p18f4520.asm
                      TOS   0x000ffd       data     extern E:\c18v3.46\pic18-lt\cxx-framework\src\traditional\proc\p18f4520.asm
                     TOSL   0x000ffd       data     extern E:\c18v3.46\pic18-lt\cxx-framework\src\traditional\proc\p18f4520.asm
                     TOSH   0x000ffe       data     extern E:\c18v3.46\pic18-lt\cxx-framework\src\traditional\proc\p18f4520.asm
                     TOSU   0x000fff       data     extern E:\c18v3.46\pic18-lt\cxx-framework\src\traditional\proc\p18f4520.asm


